
Gurobi 11.0.3 (win64) logging started Tue Aug 18 22:16:25 2026

Set parameter LogFile to value "scenarios/C_fossil/2040\gurobi_logfile.log"
Set parameter MIPGap to value 0.01
Set parameter TimeLimit to value 84600

Gurobi 11.0.3 (win64) logging started Tue Aug 18 22:16:25 2026

Set parameter LogFile to value "scenarios/C_fossil/2040\gurobi_logfile.log"
Gurobi Optimizer version 11.0.3 build v11.0.3rc0 (win64 - Windows 11+.0 (26200.2))

CPU model: 12th Gen Intel(R) Core(TM) i7-1260P, instruction set [SSE2|AVX|AVX2]
Thread count: 12 physical cores, 16 logical processors, using up to 16 threads

Optimize a model with 201230 rows, 211558 columns and 645558 nonzeros
Model fingerprint: 0xb233174d
Coefficient statistics:
  Matrix range     [6e-01, 3e+00]
  Objective range  [3e+02, 2e+09]
  Bounds range     [4e-04, 1e+01]
  RHS range        [1e+00, 9e+02]
Warning: Model contains large objective coefficients
         Consider reformulating model or setting NumericFocus parameter
         to avoid numerical issues.
Presolve removed 153206 rows and 65166 columns
Presolve time: 0.18s
Presolved: 48024 rows, 146392 columns, 288392 nonzeros

Concurrent LP optimizer: primal simplex, dual simplex, and barrier
Showing barrier log only...

Ordering time: 0.00s

Barrier statistics:
 AA' NZ     : 4.700e+01
 Factor NZ  : 6.660e+02 (roughly 2 MB of memory)
 Factor Ops : 1.252e+04 (less than 1 second per iteration)
 Threads    : 1

                  Objective                Residual
Iter       Primal          Dual         Primal    Dual     Compl     Time
   0   4.52044080e+13 -6.88251031e+13  5.20e+03 4.84e+10  9.45e+10     0s

Barrier performed 0 iterations in 0.21 seconds (0.29 work units)
Barrier solve interrupted - model solved by another algorithm


Solved with dual simplex
Iteration    Objective       Primal Inf.    Dual Inf.      Time
      55    5.9391956e+11   0.000000e+00   0.000000e+00      0s

Use crossover to convert LP symmetric solution to basic solution...
Crossover log...

       0 DPushes remaining with DInf 0.0000000e+00                 0s

   35990 PPushes remaining with PInf 0.0000000e+00                 0s
       0 PPushes remaining with PInf 0.0000000e+00                 1s

  Push phase complete: Pinf 0.0000000e+00, Dinf 4.8931688e-06      1s

Iteration    Objective       Primal Inf.    Dual Inf.      Time
   44059    5.9391956e+11   0.000000e+00   0.000000e+00      1s
   44059    5.9391956e+11   0.000000e+00   0.000000e+00      1s

Solved in 44059 iterations and 1.06 seconds (1.40 work units)
Optimal objective  5.939195616e+11

User-callback calls 44842, time in user-callback 0.02 sec
Gurobi Optimizer version 11.0.3 build v11.0.3rc0 (win64 - Windows 11+.0 (26200.2))

CPU model: 12th Gen Intel(R) Core(TM) i7-1260P, instruction set [SSE2|AVX|AVX2]
Thread count: 12 physical cores, 16 logical processors, using up to 16 threads

Optimize a model with 201262 rows, 211558 columns and 777831 nonzeros
Coefficient statistics:
  Matrix range     [5e-03, 5e+00]
  Objective range  [3e+02, 2e+09]
  Bounds range     [4e-04, 1e+01]
  RHS range        [1e+00, 9e+02]
Warning: Model contains large objective coefficients
         Consider reformulating model or setting NumericFocus parameter
         to avoid numerical issues.
LP warm-start: use basis

Iteration    Objective       Primal Inf.    Dual Inf.      Time
       0    5.9391956e+11   2.131270e+02   0.000000e+00      0s
    4593    5.9469557e+11   0.000000e+00   0.000000e+00      3s

Solved in 4593 iterations and 3.02 seconds (6.29 work units)
Optimal objective  5.946955700e+11

User-callback calls 4618, time in user-callback 0.01 sec
Gurobi Optimizer version 11.0.3 build v11.0.3rc0 (win64 - Windows 11+.0 (26200.2))

CPU model: 12th Gen Intel(R) Core(TM) i7-1260P, instruction set [SSE2|AVX|AVX2]
Thread count: 12 physical cores, 16 logical processors, using up to 16 threads

Optimize a model with 201294 rows, 211558 columns and 890696 nonzeros
Coefficient statistics:
  Matrix range     [5e-03, 2e+01]
  Objective range  [3e+02, 2e+09]
  Bounds range     [4e-04, 1e+01]
  RHS range        [2e-01, 9e+02]
Warning: Model contains large objective coefficients
         Consider reformulating model or setting NumericFocus parameter
         to avoid numerical issues.
LP warm-start: use basis

Iteration    Objective       Primal Inf.    Dual Inf.      Time
       0    5.9469557e+11   3.983424e+02   0.000000e+00      0s
    3261    5.9487833e+11   0.000000e+00   0.000000e+00      2s

Solved in 3261 iterations and 1.91 seconds (4.02 work units)
Optimal objective  5.948783290e+11

User-callback calls 3286, time in user-callback 0.00 sec
Gurobi Optimizer version 11.0.3 build v11.0.3rc0 (win64 - Windows 11+.0 (26200.2))

CPU model: 12th Gen Intel(R) Core(TM) i7-1260P, instruction set [SSE2|AVX|AVX2]
Thread count: 12 physical cores, 16 logical processors, using up to 16 threads

Optimize a model with 201326 rows, 211558 columns and 985982 nonzeros
Coefficient statistics:
  Matrix range     [5e-03, 2e+01]
  Objective range  [3e+02, 2e+09]
  Bounds range     [4e-04, 1e+01]
  RHS range        [2e-01, 9e+02]
Warning: Model contains large objective coefficients
         Consider reformulating model or setting NumericFocus parameter
         to avoid numerical issues.
LP warm-start: use basis

Iteration    Objective       Primal Inf.    Dual Inf.      Time
       0    5.9487833e+11   1.030852e+02   0.000000e+00      0s
    2656    5.9515823e+11   0.000000e+00   0.000000e+00      2s

Solved in 2656 iterations and 1.67 seconds (3.24 work units)
Optimal objective  5.951582336e+11

User-callback calls 2681, time in user-callback 0.00 sec
Gurobi Optimizer version 11.0.3 build v11.0.3rc0 (win64 - Windows 11+.0 (26200.2))

CPU model: 12th Gen Intel(R) Core(TM) i7-1260P, instruction set [SSE2|AVX|AVX2]
Thread count: 12 physical cores, 16 logical processors, using up to 16 threads

Optimize a model with 201358 rows, 211558 columns and 1098448 nonzeros
Coefficient statistics:
  Matrix range     [5e-03, 2e+01]
  Objective range  [3e+02, 2e+09]
  Bounds range     [4e-04, 1e+01]
  RHS range        [2e-01, 9e+02]
Warning: Model contains large objective coefficients
         Consider reformulating model or setting NumericFocus parameter
         to avoid numerical issues.
LP warm-start: use basis

Iteration    Objective       Primal Inf.    Dual Inf.      Time
       0    5.9515823e+11   1.200547e+02   0.000000e+00      0s
    5950    5.9524360e+11   9.015800e+00   0.000000e+00      5s
    6055    5.9524361e+11   0.000000e+00   0.000000e+00      5s

Solved in 6055 iterations and 5.28 seconds (11.22 work units)
Optimal objective  5.952436076e+11

User-callback calls 6081, time in user-callback 0.01 sec
Gurobi Optimizer version 11.0.3 build v11.0.3rc0 (win64 - Windows 11+.0 (26200.2))

CPU model: 12th Gen Intel(R) Core(TM) i7-1260P, instruction set [SSE2|AVX|AVX2]
Thread count: 12 physical cores, 16 logical processors, using up to 16 threads

Optimize a model with 201390 rows, 211558 columns and 1162774 nonzeros
Coefficient statistics:
  Matrix range     [5e-03, 2e+01]
  Objective range  [3e+02, 2e+09]
  Bounds range     [4e-04, 1e+01]
  RHS range        [2e-01, 9e+02]
Warning: Model contains large objective coefficients
         Consider reformulating model or setting NumericFocus parameter
         to avoid numerical issues.
LP warm-start: use basis

Iteration    Objective       Primal Inf.    Dual Inf.      Time
       0    5.9524361e+11   1.167171e+02   0.000000e+00      0s
    3619    5.9534345e+11   0.000000e+00   0.000000e+00      3s

Solved in 3619 iterations and 2.65 seconds (6.00 work units)
Optimal objective  5.953434469e+11

User-callback calls 3644, time in user-callback 0.00 sec
Gurobi Optimizer version 11.0.3 build v11.0.3rc0 (win64 - Windows 11+.0 (26200.2))

CPU model: 12th Gen Intel(R) Core(TM) i7-1260P, instruction set [SSE2|AVX|AVX2]
Thread count: 12 physical cores, 16 logical processors, using up to 16 threads

Optimize a model with 201422 rows, 211558 columns and 1237788 nonzeros
Coefficient statistics:
  Matrix range     [5e-03, 2e+01]
  Objective range  [3e+02, 2e+09]
  Bounds range     [4e-04, 1e+01]
  RHS range        [2e-01, 9e+02]
Warning: Model contains large objective coefficients
         Consider reformulating model or setting NumericFocus parameter
         to avoid numerical issues.
LP warm-start: use basis

Iteration    Objective       Primal Inf.    Dual Inf.      Time
       0    5.9534345e+11   4.560436e+01   0.000000e+00      0s
    3810    5.9540086e+11   1.851838e+02   0.000000e+00      5s
    4063    5.9540108e+11   0.000000e+00   0.000000e+00      6s

Solved in 4063 iterations and 5.88 seconds (11.84 work units)
Optimal objective  5.954010821e+11

User-callback calls 4089, time in user-callback 0.01 sec
Gurobi Optimizer version 11.0.3 build v11.0.3rc0 (win64 - Windows 11+.0 (26200.2))

CPU model: 12th Gen Intel(R) Core(TM) i7-1260P, instruction set [SSE2|AVX|AVX2]
Thread count: 12 physical cores, 16 logical processors, using up to 16 threads

Optimize a model with 201454 rows, 211558 columns and 1320729 nonzeros
Coefficient statistics:
  Matrix range     [5e-03, 2e+01]
  Objective range  [3e+02, 2e+09]
  Bounds range     [4e-04, 1e+01]
  RHS range        [2e-01, 9e+02]
Warning: Model contains large objective coefficients
         Consider reformulating model or setting NumericFocus parameter
         to avoid numerical issues.
LP warm-start: use basis

Iteration    Objective       Primal Inf.    Dual Inf.      Time
       0    5.9540108e+11   7.504796e+01   0.000000e+00      0s
    3030    5.9542861e+11   1.185828e+03   0.000000e+00      5s
    4152    5.9543011e+11   0.000000e+00   0.000000e+00      8s

Solved in 4152 iterations and 7.99 seconds (16.11 work units)
Optimal objective  5.954301137e+11

User-callback calls 4178, time in user-callback 0.02 sec
Gurobi Optimizer version 11.0.3 build v11.0.3rc0 (win64 - Windows 11+.0 (26200.2))

CPU model: 12th Gen Intel(R) Core(TM) i7-1260P, instruction set [SSE2|AVX|AVX2]
Thread count: 12 physical cores, 16 logical processors, using up to 16 threads

Optimize a model with 201486 rows, 211558 columns and 1370922 nonzeros
Coefficient statistics:
  Matrix range     [5e-03, 2e+01]
  Objective range  [3e+02, 2e+09]
  Bounds range     [4e-04, 1e+01]
  RHS range        [8e-02, 9e+02]
Warning: Model contains large objective coefficients
         Consider reformulating model or setting NumericFocus parameter
         to avoid numerical issues.
LP warm-start: use basis

Iteration    Objective       Primal Inf.    Dual Inf.      Time
       0    5.9543011e+11   1.255478e+02   0.000000e+00      0s
    1374    5.9544510e+11   0.000000e+00   0.000000e+00      2s

Solved in 1374 iterations and 2.50 seconds (5.18 work units)
Optimal objective  5.954450975e+11

User-callback calls 1399, time in user-callback 0.00 sec
Gurobi Optimizer version 11.0.3 build v11.0.3rc0 (win64 - Windows 11+.0 (26200.2))

CPU model: 12th Gen Intel(R) Core(TM) i7-1260P, instruction set [SSE2|AVX|AVX2]
Thread count: 12 physical cores, 16 logical processors, using up to 16 threads

Optimize a model with 201518 rows, 211558 columns and 1453466 nonzeros
Coefficient statistics:
  Matrix range     [5e-03, 2e+01]
  Objective range  [3e+02, 2e+09]
  Bounds range     [4e-04, 1e+01]
  RHS range        [8e-02, 9e+02]
Warning: Model contains large objective coefficients
         Consider reformulating model or setting NumericFocus parameter
         to avoid numerical issues.
LP warm-start: use basis

Iteration    Objective       Primal Inf.    Dual Inf.      Time
       0    5.9544510e+11   6.975913e+01   0.000000e+00      0s
    1970    5.9546003e+11   2.487874e+05   0.000000e+00      5s
    3660    5.9546003e+11   2.071729e+04   0.000000e+00     10s
    5370    5.9546043e+11   6.149747e+01   0.000000e+00     15s
    6185    5.9546043e+11   0.000000e+00   0.000000e+00     18s

Solved in 6185 iterations and 17.65 seconds (42.28 work units)
Optimal objective  5.954604278e+11

User-callback calls 6214, time in user-callback 0.04 sec
Gurobi Optimizer version 11.0.3 build v11.0.3rc0 (win64 - Windows 11+.0 (26200.2))

CPU model: 12th Gen Intel(R) Core(TM) i7-1260P, instruction set [SSE2|AVX|AVX2]
Thread count: 12 physical cores, 16 logical processors, using up to 16 threads

Optimize a model with 201550 rows, 211558 columns and 1548665 nonzeros
Coefficient statistics:
  Matrix range     [5e-03, 2e+01]
  Objective range  [3e+02, 2e+09]
  Bounds range     [4e-04, 1e+01]
  RHS range        [8e-02, 9e+02]
Warning: Model contains large objective coefficients
         Consider reformulating model or setting NumericFocus parameter
         to avoid numerical issues.
LP warm-start: use basis

Iteration    Objective       Primal Inf.    Dual Inf.      Time
       0    5.9546043e+11   6.432672e+01   0.000000e+00      0s
    2580    5.9552452e+11   1.245546e+05   0.000000e+00      5s
    5390    5.9552599e+11   1.037930e+05   0.000000e+00     10s
    7080    5.9553164e+11   1.173163e+03   0.000000e+00     15s
    7618    5.9553228e+11   0.000000e+00   0.000000e+00     17s

Solved in 7618 iterations and 16.73 seconds (41.70 work units)
Optimal objective  5.955322836e+11

User-callback calls 7646, time in user-callback 0.03 sec
Gurobi Optimizer version 11.0.3 build v11.0.3rc0 (win64 - Windows 11+.0 (26200.2))

CPU model: 12th Gen Intel(R) Core(TM) i7-1260P, instruction set [SSE2|AVX|AVX2]
Thread count: 12 physical cores, 16 logical processors, using up to 16 threads

Optimize a model with 201582 rows, 211558 columns and 1598091 nonzeros
Coefficient statistics:
  Matrix range     [5e-03, 2e+01]
  Objective range  [3e+02, 2e+09]
  Bounds range     [4e-04, 1e+01]
  RHS range        [8e-02, 9e+02]
Warning: Model contains large objective coefficients
         Consider reformulating model or setting NumericFocus parameter
         to avoid numerical issues.
LP warm-start: use basis

Iteration    Objective       Primal Inf.    Dual Inf.      Time
       0    5.9553228e+11   1.481171e+02   0.000000e+00      0s
    2460    5.9555992e+11   8.487826e+02   0.000000e+00      5s
    3677    5.9557897e+11   0.000000e+00   0.000000e+00      8s

Solved in 3677 iterations and 8.45 seconds (21.28 work units)
Optimal objective  5.955789709e+11

User-callback calls 3703, time in user-callback 0.02 sec
Gurobi Optimizer version 11.0.3 build v11.0.3rc0 (win64 - Windows 11+.0 (26200.2))

CPU model: 12th Gen Intel(R) Core(TM) i7-1260P, instruction set [SSE2|AVX|AVX2]
Thread count: 12 physical cores, 16 logical processors, using up to 16 threads

Optimize a model with 201614 rows, 211558 columns and 1689212 nonzeros
Coefficient statistics:
  Matrix range     [5e-03, 2e+01]
  Objective range  [3e+02, 2e+09]
  Bounds range     [4e-04, 1e+01]
  RHS range        [8e-02, 9e+02]
Warning: Model contains large objective coefficients
         Consider reformulating model or setting NumericFocus parameter
         to avoid numerical issues.
LP warm-start: use basis

Iteration    Objective       Primal Inf.    Dual Inf.      Time
       0    5.9557897e+11   9.163432e+01   0.000000e+00      0s
    2040    5.9558732e+11   6.414614e+03   0.000000e+00      5s
    2822    5.9558820e+11   0.000000e+00   0.000000e+00      8s

Solved in 2822 iterations and 8.02 seconds (18.42 work units)
Optimal objective  5.955882015e+11

User-callback calls 2848, time in user-callback 0.01 sec
Gurobi Optimizer version 11.0.3 build v11.0.3rc0 (win64 - Windows 11+.0 (26200.2))

CPU model: 12th Gen Intel(R) Core(TM) i7-1260P, instruction set [SSE2|AVX|AVX2]
Thread count: 12 physical cores, 16 logical processors, using up to 16 threads

Optimize a model with 201646 rows, 211558 columns and 1750449 nonzeros
Coefficient statistics:
  Matrix range     [5e-03, 2e+01]
  Objective range  [3e+02, 2e+09]
  Bounds range     [4e-04, 1e+01]
  RHS range        [8e-02, 9e+02]
Warning: Model contains large objective coefficients
         Consider reformulating model or setting NumericFocus parameter
         to avoid numerical issues.
LP warm-start: use basis

Iteration    Objective       Primal Inf.    Dual Inf.      Time
       0    5.9558820e+11   7.709328e+01   0.000000e+00      0s
    1517    5.9560959e+11   0.000000e+00   0.000000e+00      4s

Solved in 1517 iterations and 4.08 seconds (10.01 work units)
Optimal objective  5.956095918e+11
Warning: unscaled dual violation = 3.89512e-06 and residual = 3.89559e-06

User-callback calls 1545, time in user-callback 0.01 sec
Gurobi Optimizer version 11.0.3 build v11.0.3rc0 (win64 - Windows 11+.0 (26200.2))

CPU model: 12th Gen Intel(R) Core(TM) i7-1260P, instruction set [SSE2|AVX|AVX2]
Thread count: 12 physical cores, 16 logical processors, using up to 16 threads

Optimize a model with 201678 rows, 211558 columns and 1813007 nonzeros
Coefficient statistics:
  Matrix range     [5e-03, 2e+01]
  Objective range  [3e+02, 2e+09]
  Bounds range     [4e-04, 1e+01]
  RHS range        [8e-02, 9e+02]
Warning: Model contains large objective coefficients
         Consider reformulating model or setting NumericFocus parameter
         to avoid numerical issues.
LP warm-start: use basis

Iteration    Objective       Primal Inf.    Dual Inf.      Time
       0   -6.3099683e+24   7.838957e+32   9.268988e-06      0s
    1810    5.9561696e+11   9.242346e+04   0.000000e+00      5s
    3410    5.9561989e+11   3.809846e+02   0.000000e+00     10s
    4272    5.9562041e+11   0.000000e+00   0.000000e+00     12s

Solved in 4272 iterations and 12.24 seconds (29.66 work units)
Optimal objective  5.956204140e+11

User-callback calls 4299, time in user-callback 0.01 sec
Gurobi Optimizer version 11.0.3 build v11.0.3rc0 (win64 - Windows 11+.0 (26200.2))

CPU model: 12th Gen Intel(R) Core(TM) i7-1260P, instruction set [SSE2|AVX|AVX2]
Thread count: 12 physical cores, 16 logical processors, using up to 16 threads

Optimize a model with 201710 rows, 211558 columns and 1874546 nonzeros
Coefficient statistics:
  Matrix range     [5e-03, 2e+01]
  Objective range  [3e+02, 2e+09]
  Bounds range     [4e-04, 1e+01]
  RHS range        [8e-02, 9e+02]
Warning: Model contains large objective coefficients
         Consider reformulating model or setting NumericFocus parameter
         to avoid numerical issues.
LP warm-start: use basis

Iteration    Objective       Primal Inf.    Dual Inf.      Time
       0    5.9562041e+11   5.527734e+01   0.000000e+00      0s
    1041    5.9564344e+11   0.000000e+00   0.000000e+00      3s

Solved in 1041 iterations and 2.93 seconds (6.86 work units)
Optimal objective  5.956434403e+11

User-callback calls 1066, time in user-callback 0.00 sec
Gurobi Optimizer version 11.0.3 build v11.0.3rc0 (win64 - Windows 11+.0 (26200.2))

CPU model: 12th Gen Intel(R) Core(TM) i7-1260P, instruction set [SSE2|AVX|AVX2]
Thread count: 12 physical cores, 16 logical processors, using up to 16 threads

Optimize a model with 201742 rows, 211558 columns and 1979447 nonzeros
Coefficient statistics:
  Matrix range     [5e-03, 2e+01]
  Objective range  [3e+02, 2e+09]
  Bounds range     [4e-04, 1e+01]
  RHS range        [8e-02, 9e+02]
Warning: Model contains large objective coefficients
         Consider reformulating model or setting NumericFocus parameter
         to avoid numerical issues.
LP warm-start: use basis

Iteration    Objective       Primal Inf.    Dual Inf.      Time
       0    5.9564344e+11   4.088679e+01   0.000000e+00      0s
    2473    5.9568635e+11   0.000000e+00   0.000000e+00      5s

Solved in 2473 iterations and 4.60 seconds (11.94 work units)
Optimal objective  5.956863461e+11

User-callback calls 2498, time in user-callback 0.01 sec
Gurobi Optimizer version 11.0.3 build v11.0.3rc0 (win64 - Windows 11+.0 (26200.2))

CPU model: 12th Gen Intel(R) Core(TM) i7-1260P, instruction set [SSE2|AVX|AVX2]
Thread count: 12 physical cores, 16 logical processors, using up to 16 threads

Optimize a model with 201774 rows, 211558 columns and 2050452 nonzeros
Coefficient statistics:
  Matrix range     [5e-03, 2e+01]
  Objective range  [3e+02, 2e+09]
  Bounds range     [4e-04, 1e+01]
  RHS range        [8e-02, 9e+02]
Warning: Model contains large objective coefficients
         Consider reformulating model or setting NumericFocus parameter
         to avoid numerical issues.
LP warm-start: use basis

Iteration    Objective       Primal Inf.    Dual Inf.      Time
       0    5.9568635e+11   5.369615e+01   0.000000e+00      0s
    1920    5.9569552e+11   7.014117e+04   0.000000e+00      5s
    2902    5.9569554e+11   0.000000e+00   0.000000e+00      8s

Solved in 2902 iterations and 8.36 seconds (21.55 work units)
Optimal objective  5.956955418e+11

User-callback calls 2928, time in user-callback 0.01 sec
Gurobi Optimizer version 11.0.3 build v11.0.3rc0 (win64 - Windows 11+.0 (26200.2))

CPU model: 12th Gen Intel(R) Core(TM) i7-1260P, instruction set [SSE2|AVX|AVX2]
Thread count: 12 physical cores, 16 logical processors, using up to 16 threads

Optimize a model with 201806 rows, 211558 columns and 2116010 nonzeros
Coefficient statistics:
  Matrix range     [5e-03, 2e+01]
  Objective range  [3e+02, 2e+09]
  Bounds range     [4e-04, 1e+01]
  RHS range        [8e-02, 9e+02]
Warning: Model contains large objective coefficients
         Consider reformulating model or setting NumericFocus parameter
         to avoid numerical issues.
LP warm-start: use basis

Iteration    Objective       Primal Inf.    Dual Inf.      Time
       0    5.9569554e+11   4.624688e+01   0.000000e+00      0s
    1770    5.9572324e+11   2.681860e+03   0.000000e+00      5s
    3230    5.9572338e+11   6.906249e+03   0.000000e+00     10s
    4590    5.9572359e+11   6.130404e+04   0.000000e+00     15s
    6040    5.9572387e+11   1.293465e+03   0.000000e+00     20s
    7397    5.9572388e+11   0.000000e+00   0.000000e+00     25s

Solved in 7397 iterations and 25.07 seconds (57.63 work units)
Optimal objective  5.957238777e+11

User-callback calls 7426, time in user-callback 0.02 sec
Gurobi Optimizer version 11.0.3 build v11.0.3rc0 (win64 - Windows 11+.0 (26200.2))

CPU model: 12th Gen Intel(R) Core(TM) i7-1260P, instruction set [SSE2|AVX|AVX2]
Thread count: 12 physical cores, 16 logical processors, using up to 16 threads

Optimize a model with 201838 rows, 211558 columns and 2194751 nonzeros
Coefficient statistics:
  Matrix range     [5e-03, 2e+01]
  Objective range  [3e+02, 2e+09]
  Bounds range     [4e-04, 1e+01]
  RHS range        [8e-02, 9e+02]
Warning: Model contains large objective coefficients
         Consider reformulating model or setting NumericFocus parameter
         to avoid numerical issues.
LP warm-start: use basis

Iteration    Objective       Primal Inf.    Dual Inf.      Time
       0    5.9572388e+11   3.169078e+01   0.000000e+00      0s
    1850    5.9574827e+11   5.780334e+03   0.000000e+00      5s
    3500    5.9574990e+11   7.975935e+03   0.000000e+00     10s
    4990    5.9575000e+11   1.043673e+03   0.000000e+00     15s
    6440    5.9575000e+11   8.448476e+02   0.000000e+00     20s
    8440    5.9575001e+11   1.011331e+01   0.000000e+00     25s
    8458    5.9575001e+11   0.000000e+00   0.000000e+00     25s

Solved in 8458 iterations and 25.16 seconds (62.72 work units)
Optimal objective  5.957500105e+11

User-callback calls 8489, time in user-callback 0.02 sec
Gurobi Optimizer version 11.0.3 build v11.0.3rc0 (win64 - Windows 11+.0 (26200.2))

CPU model: 12th Gen Intel(R) Core(TM) i7-1260P, instruction set [SSE2|AVX|AVX2]
Thread count: 12 physical cores, 16 logical processors, using up to 16 threads

Optimize a model with 201870 rows, 211558 columns and 2284249 nonzeros
Coefficient statistics:
  Matrix range     [5e-03, 2e+01]
  Objective range  [3e+02, 2e+09]
  Bounds range     [4e-04, 1e+01]
  RHS range        [8e-02, 9e+02]
Warning: Model contains large objective coefficients
         Consider reformulating model or setting NumericFocus parameter
         to avoid numerical issues.
LP warm-start: use basis

Iteration    Objective       Primal Inf.    Dual Inf.      Time
       0   -3.5253596e+23   1.183250e+31   1.199078e-06      0s
    2351    5.9577910e+11   7.275929e+03   0.000000e+00      5s
    3931    5.9577994e+11   1.666031e+05   0.000000e+00     10s
    4485    5.9578027e+11   0.000000e+00   0.000000e+00     12s

Solved in 4485 iterations and 12.02 seconds (30.13 work units)
Optimal objective  5.957802692e+11

User-callback calls 4516, time in user-callback 0.02 sec
Gurobi Optimizer version 11.0.3 build v11.0.3rc0 (win64 - Windows 11+.0 (26200.2))

CPU model: 12th Gen Intel(R) Core(TM) i7-1260P, instruction set [SSE2|AVX|AVX2]
Thread count: 12 physical cores, 16 logical processors, using up to 16 threads

Optimize a model with 201902 rows, 211558 columns and 2366219 nonzeros
Coefficient statistics:
  Matrix range     [5e-03, 2e+01]
  Objective range  [3e+02, 2e+09]
  Bounds range     [4e-04, 1e+01]
  RHS range        [8e-02, 9e+02]
Warning: Model contains large objective coefficients
         Consider reformulating model or setting NumericFocus parameter
         to avoid numerical issues.
LP warm-start: use basis

Iteration    Objective       Primal Inf.    Dual Inf.      Time
       0    5.9578027e+11   3.839829e+01   0.000000e+00      0s
    1820    5.9580401e+11   1.212881e+03   0.000000e+00      5s
    2143    5.9580412e+11   0.000000e+00   0.000000e+00      7s

Solved in 2143 iterations and 6.51 seconds (15.21 work units)
Optimal objective  5.958041193e+11

User-callback calls 2169, time in user-callback 0.00 sec
Gurobi Optimizer version 11.0.3 build v11.0.3rc0 (win64 - Windows 11+.0 (26200.2))

CPU model: 12th Gen Intel(R) Core(TM) i7-1260P, instruction set [SSE2|AVX|AVX2]
Thread count: 12 physical cores, 16 logical processors, using up to 16 threads

Optimize a model with 201934 rows, 211558 columns and 2419735 nonzeros
Coefficient statistics:
  Matrix range     [5e-03, 2e+01]
  Objective range  [3e+02, 2e+09]
  Bounds range     [4e-04, 1e+01]
  RHS range        [8e-02, 9e+02]
Warning: Model contains large objective coefficients
         Consider reformulating model or setting NumericFocus parameter
         to avoid numerical issues.
LP warm-start: use basis

Iteration    Objective       Primal Inf.    Dual Inf.      Time
       0   -3.1153234e+24   9.054848e+31   1.044944e-06      0s
    5605    5.9639883e+11   0.000000e+00   5.775133e+11      5s
   11023    5.9582830e+11   0.000000e+00   1.393843e+09     10s
   19171    5.9582409e+11   0.000000e+00   1.905108e+05     15s
   19299    5.9582409e+11   0.000000e+00   0.000000e+00     15s

Solved in 19299 iterations and 15.19 seconds (58.92 work units)
Optimal objective  5.958240937e+11

User-callback calls 19364, time in user-callback 0.03 sec
Gurobi Optimizer version 11.0.3 build v11.0.3rc0 (win64 - Windows 11+.0 (26200.2))

CPU model: 12th Gen Intel(R) Core(TM) i7-1260P, instruction set [SSE2|AVX|AVX2]
Thread count: 12 physical cores, 16 logical processors, using up to 16 threads

Optimize a model with 201966 rows, 211558 columns and 2526968 nonzeros
Coefficient statistics:
  Matrix range     [5e-03, 2e+01]
  Objective range  [3e+02, 2e+09]
  Bounds range     [4e-04, 1e+01]
  RHS range        [8e-02, 9e+02]
Warning: Model contains large objective coefficients
         Consider reformulating model or setting NumericFocus parameter
         to avoid numerical issues.
LP warm-start: use basis

Iteration    Objective       Primal Inf.    Dual Inf.      Time
       0    4.7660822e+25   2.548658e+31   8.215473e-05      0s
    1790    5.9583709e+11   1.451599e+06   0.000000e+00      5s
    3150    5.9583734e+11   2.611000e+05   0.000000e+00     10s
    4250    5.9583775e+11   4.949630e+03   0.000000e+00     15s
    5350    5.9583782e+11   2.056494e+04   0.000000e+00     20s
    6440    5.9583788e+11   8.213525e+04   0.000000e+00     25s
    7540    5.9583793e+11   1.880866e+03   0.000000e+00     30s
    8273    5.9583798e+11   0.000000e+00   0.000000e+00     34s

Solved in 8273 iterations and 33.74 seconds (71.59 work units)
Optimal objective  5.958379771e+11

User-callback calls 8304, time in user-callback 0.04 sec
Gurobi Optimizer version 11.0.3 build v11.0.3rc0 (win64 - Windows 11+.0 (26200.2))

CPU model: 12th Gen Intel(R) Core(TM) i7-1260P, instruction set [SSE2|AVX|AVX2]
Thread count: 12 physical cores, 16 logical processors, using up to 16 threads

Optimize a model with 201998 rows, 211558 columns and 2609048 nonzeros
Coefficient statistics:
  Matrix range     [5e-03, 2e+01]
  Objective range  [3e+02, 2e+09]
  Bounds range     [4e-04, 1e+01]
  RHS range        [8e-02, 9e+02]
Warning: Model contains large objective coefficients
         Consider reformulating model or setting NumericFocus parameter
         to avoid numerical issues.
LP warm-start: use basis

Iteration    Objective       Primal Inf.    Dual Inf.      Time
       0    5.9583798e+11   3.711314e+01   0.000000e+00      0s
    1290    5.9585260e+11   1.396019e+06   0.000000e+00      5s
    2500    5.9585525e+11   5.454622e+04   0.000000e+00     10s
    3520    5.9585539e+11   5.791478e+03   0.000000e+00     15s
    4670    5.9585711e+11   8.944246e+04   0.000000e+00     20s
    5760    5.9586139e+11   3.568006e+04   0.000000e+00     25s
    6850    5.9586139e+11   3.019890e+03   0.000000e+00     30s
    8100    5.9586300e+11   1.009646e+03   0.000000e+00     35s
    9210    5.9586300e+11   9.063931e+02   0.000000e+00     40s
   10440    5.9586379e+11   1.401973e+01   0.000000e+00     45s
   10526    5.9586379e+11   0.000000e+00   0.000000e+00     46s

Solved in 10526 iterations and 45.94 seconds (89.21 work units)
Optimal objective  5.958637877e+11
Warning: unscaled dual violation = 1.38422e-06 and residual = 6.63179e-05

User-callback calls 10562, time in user-callback 0.06 sec
Gurobi Optimizer version 11.0.3 build v11.0.3rc0 (win64 - Windows 11+.0 (26200.2))

CPU model: 12th Gen Intel(R) Core(TM) i7-1260P, instruction set [SSE2|AVX|AVX2]
Thread count: 12 physical cores, 16 logical processors, using up to 16 threads

Optimize a model with 202030 rows, 211558 columns and 2686507 nonzeros
Coefficient statistics:
  Matrix range     [5e-03, 2e+01]
  Objective range  [3e+02, 2e+09]
  Bounds range     [4e-04, 1e+01]
  RHS range        [8e-02, 9e+02]
Warning: Model contains large objective coefficients
         Consider reformulating model or setting NumericFocus parameter
         to avoid numerical issues.
LP warm-start: use basis

Iteration    Objective       Primal Inf.    Dual Inf.      Time
       0   -1.4406565e+27   2.028785e+32   1.210287e-03      0s
    1300    5.9586847e+11   1.523874e+03   0.000000e+00      5s
    2330    5.9586858e+11   4.842621e+00   0.000000e+00     10s
    2506    5.9586858e+11   0.000000e+00   0.000000e+00     11s

Solved in 2506 iterations and 10.99 seconds (21.96 work units)
Optimal objective  5.958685777e+11

User-callback calls 2533, time in user-callback 0.02 sec
Gurobi Optimizer version 11.0.3 build v11.0.3rc0 (win64 - Windows 11+.0 (26200.2))

CPU model: 12th Gen Intel(R) Core(TM) i7-1260P, instruction set [SSE2|AVX|AVX2]
Thread count: 12 physical cores, 16 logical processors, using up to 16 threads

Optimize a model with 202062 rows, 211558 columns and 2731952 nonzeros
Coefficient statistics:
  Matrix range     [5e-03, 2e+01]
  Objective range  [3e+02, 2e+09]
  Bounds range     [4e-04, 1e+01]
  RHS range        [8e-02, 9e+02]
Warning: Model contains large objective coefficients
         Consider reformulating model or setting NumericFocus parameter
         to avoid numerical issues.
LP warm-start: use basis

Iteration    Objective       Primal Inf.    Dual Inf.      Time
       0    2.1740143e+24   4.222317e+31   4.033602e-06      0s
    1240    5.9587590e+11   2.052289e+04   0.000000e+00      5s
    2240    5.9587634e+11   1.393801e+05   0.000000e+00     10s
    3390    5.9587657e+11   7.264847e+03   0.000000e+00     15s
    4460    5.9587689e+11   1.506256e+05   0.000000e+00     20s
Warning: Markowitz tolerance tightened to 0.03125
    5720    5.9587841e+11   8.382865e+04   0.000000e+00     26s
    6780    5.9587851e+11   1.638686e+05   0.000000e+00     30s
    7830    5.9587854e+11   5.181227e+00   0.000000e+00     35s
    8390    5.9587855e+11   0.000000e+00   0.000000e+00     38s

Solved in 8390 iterations and 37.91 seconds (75.18 work units)
Optimal objective  5.958785458e+11

User-callback calls 8423, time in user-callback 0.06 sec
Gurobi Optimizer version 11.0.3 build v11.0.3rc0 (win64 - Windows 11+.0 (26200.2))

CPU model: 12th Gen Intel(R) Core(TM) i7-1260P, instruction set [SSE2|AVX|AVX2]
Thread count: 12 physical cores, 16 logical processors, using up to 16 threads

Optimize a model with 202094 rows, 211558 columns and 2806292 nonzeros
Coefficient statistics:
  Matrix range     [5e-03, 2e+01]
  Objective range  [3e+02, 2e+09]
  Bounds range     [4e-04, 1e+01]
  RHS range        [8e-02, 9e+02]
Warning: Model contains large objective coefficients
         Consider reformulating model or setting NumericFocus parameter
         to avoid numerical issues.
LP warm-start: use basis

Iteration    Objective       Primal Inf.    Dual Inf.      Time
       0   -4.7832665e+25   3.118987e+31   6.027190e-05      0s
    1110    5.9588437e+11   7.386739e+03   0.000000e+00      5s
    2240    5.9588527e+11   1.410377e+05   0.000000e+00     10s
    3420    5.9588536e+11   1.988611e+05   0.000000e+00     16s
    4520    5.9588547e+11   9.100169e+04   0.000000e+00     20s
    5580    5.9588565e+11   3.097850e+02   0.000000e+00     25s
    6157    5.9588568e+11   0.000000e+00   0.000000e+00     28s

Solved in 6157 iterations and 28.17 seconds (54.80 work units)
Optimal objective  5.958856778e+11

User-callback calls 6188, time in user-callback 0.04 sec
Gurobi Optimizer version 11.0.3 build v11.0.3rc0 (win64 - Windows 11+.0 (26200.2))

CPU model: 12th Gen Intel(R) Core(TM) i7-1260P, instruction set [SSE2|AVX|AVX2]
Thread count: 12 physical cores, 16 logical processors, using up to 16 threads

Optimize a model with 202126 rows, 211558 columns and 2888590 nonzeros
Coefficient statistics:
  Matrix range     [5e-03, 2e+01]
  Objective range  [3e+02, 2e+09]
  Bounds range     [4e-04, 1e+01]
  RHS range        [8e-02, 9e+02]
Warning: Model contains large objective coefficients
         Consider reformulating model or setting NumericFocus parameter
         to avoid numerical issues.
LP warm-start: use basis

Iteration    Objective       Primal Inf.    Dual Inf.      Time
       0    5.9588568e+11   9.033929e+00   0.000000e+00      0s
    1130    5.9588721e+11   4.326397e+02   0.000000e+00      5s
    2300    5.9588721e+11   6.441598e+03   0.000000e+00     10s
    3570    5.9588979e+11   2.704061e+03   0.000000e+00     16s
    4570    5.9588994e+11   1.579428e+03   0.000000e+00     20s
    5550    5.9589031e+11   1.901779e+03   0.000000e+00     25s
    6530    5.9589033e+11   1.398148e+02   0.000000e+00     30s
    7540    5.9589034e+11   9.562232e+02   0.000000e+00     35s
    8201    5.9589034e+11   0.000000e+00   0.000000e+00     39s

Solved in 8201 iterations and 38.68 seconds (77.56 work units)
Optimal objective  5.958903435e+11

User-callback calls 8234, time in user-callback 0.06 sec
Gurobi Optimizer version 11.0.3 build v11.0.3rc0 (win64 - Windows 11+.0 (26200.2))

CPU model: 12th Gen Intel(R) Core(TM) i7-1260P, instruction set [SSE2|AVX|AVX2]
Thread count: 12 physical cores, 16 logical processors, using up to 16 threads

Optimize a model with 202158 rows, 211558 columns and 2914421 nonzeros
Coefficient statistics:
  Matrix range     [5e-03, 2e+01]
  Objective range  [3e+02, 2e+09]
  Bounds range     [4e-04, 1e+01]
  RHS range        [8e-02, 9e+02]
Warning: Model contains large objective coefficients
         Consider reformulating model or setting NumericFocus parameter
         to avoid numerical issues.
LP warm-start: use basis

Iteration    Objective       Primal Inf.    Dual Inf.      Time
       0    5.9589034e+11   1.417300e+01   0.000000e+00      0s
    1190    5.9589310e+11   4.952167e+02   0.000000e+00      5s
    2480    5.9589311e+11   6.117018e+03   0.000000e+00     11s
    3450    5.9589311e+11   1.149199e+03   0.000000e+00     15s
    4430    5.9589312e+11   4.959938e+03   0.000000e+00     20s
    4948    5.9589312e+11   0.000000e+00   0.000000e+00     23s

Solved in 4948 iterations and 23.40 seconds (46.01 work units)
Optimal objective  5.958931234e+11

User-callback calls 4977, time in user-callback 0.03 sec
Gurobi Optimizer version 11.0.3 build v11.0.3rc0 (win64 - Windows 11+.0 (26200.2))

CPU model: 12th Gen Intel(R) Core(TM) i7-1260P, instruction set [SSE2|AVX|AVX2]
Thread count: 12 physical cores, 16 logical processors, using up to 16 threads

Optimize a model with 202190 rows, 211558 columns and 2996118 nonzeros
Coefficient statistics:
  Matrix range     [5e-03, 2e+01]
  Objective range  [3e+02, 2e+09]
  Bounds range     [4e-04, 1e+01]
  RHS range        [8e-02, 9e+02]
Warning: Model contains large objective coefficients
         Consider reformulating model or setting NumericFocus parameter
         to avoid numerical issues.
LP warm-start: use basis

Iteration    Objective       Primal Inf.    Dual Inf.      Time
       0   -2.4308179e+24   6.428532e+31   2.536106e-06      0s
    1120    5.9589462e+11   1.700264e+02   0.000000e+00      5s
    2220    5.9589504e+11   3.008579e+02   0.000000e+00     10s
    3230    5.9589506e+11   1.545997e+03   0.000000e+00     15s
    4210    5.9589508e+11   1.170783e+04   0.000000e+00     21s
    4720    5.9589509e+11   1.338437e+03   0.000000e+00     25s
    5560    5.9589509e+11   4.727061e+01   0.000000e+00     31s
    6450    5.9589510e+11   5.857444e+01   0.000000e+00     35s
    6592    5.9589510e+11   0.000000e+00   0.000000e+00     36s

Solved in 6592 iterations and 36.30 seconds (63.48 work units)
Optimal objective  5.958951039e+11
Warning: unscaled dual violation = 2.40399e-05 and residual = 2.40399e-05

User-callback calls 6625, time in user-callback 0.05 sec
Gurobi Optimizer version 11.0.3 build v11.0.3rc0 (win64 - Windows 11+.0 (26200.2))

CPU model: 12th Gen Intel(R) Core(TM) i7-1260P, instruction set [SSE2|AVX|AVX2]
Thread count: 12 physical cores, 16 logical processors, using up to 16 threads

Optimize a model with 202210 rows, 211558 columns and 3029183 nonzeros
Coefficient statistics:
  Matrix range     [5e-03, 2e+01]
  Objective range  [3e+02, 2e+09]
  Bounds range     [4e-04, 1e+01]
  RHS range        [8e-02, 9e+02]
Warning: Model contains large objective coefficients
         Consider reformulating model or setting NumericFocus parameter
         to avoid numerical issues.
LP warm-start: use basis

Iteration    Objective       Primal Inf.    Dual Inf.      Time
       0    5.9589510e+11   6.983027e+00   0.000000e+00      0s
     950    5.9589521e+11   1.651232e+03   0.000000e+00      5s
    1950    5.9589521e+11   5.587121e+03   0.000000e+00     10s
    3050    5.9589521e+11   3.415492e+01   0.000000e+00     16s
    4010    5.9589521e+11   4.969416e+01   0.000000e+00     20s
    4099    5.9589521e+11   0.000000e+00   0.000000e+00     21s

Solved in 4099 iterations and 21.05 seconds (40.67 work units)
Optimal objective  5.958952118e+11
Warning: unscaled dual violation = 1.35636e-06 and residual = 7.41533e-06

User-callback calls 4130, time in user-callback 0.03 sec
Gurobi Optimizer version 11.0.3 build v11.0.3rc0 (win64 - Windows 11+.0 (26200.2))

CPU model: 12th Gen Intel(R) Core(TM) i7-1260P, instruction set [SSE2|AVX|AVX2]
Thread count: 12 physical cores, 16 logical processors, using up to 16 threads

Optimize a model with 202214 rows, 211558 columns and 3041482 nonzeros
Coefficient statistics:
  Matrix range     [5e-03, 2e+01]
  Objective range  [3e+02, 2e+09]
  Bounds range     [4e-04, 1e+01]
  RHS range        [8e-02, 9e+02]
Warning: Model contains large objective coefficients
         Consider reformulating model or setting NumericFocus parameter
         to avoid numerical issues.
LP warm-start: use basis

Iteration    Objective       Primal Inf.    Dual Inf.      Time
       0   -1.5573748e+25   1.119338e+32   3.679778e-05      0s
     563    5.9589539e+11   0.000000e+00   0.000000e+00      3s

Solved in 563 iterations and 2.56 seconds (5.03 work units)
Optimal objective  5.958953859e+11

User-callback calls 588, time in user-callback 0.00 sec
Gurobi Optimizer version 11.0.3 build v11.0.3rc0 (win64 - Windows 11+.0 (26200.2))

CPU model: 12th Gen Intel(R) Core(TM) i7-1260P, instruction set [SSE2|AVX|AVX2]
Thread count: 12 physical cores, 16 logical processors, using up to 16 threads

Optimize a model with 202216 rows, 211558 columns and 3041561 nonzeros
Coefficient statistics:
  Matrix range     [5e-03, 2e+01]
  Objective range  [3e+02, 2e+09]
  Bounds range     [4e-04, 1e+01]
  RHS range        [8e-02, 9e+02]
Warning: Model contains large objective coefficients
         Consider reformulating model or setting NumericFocus parameter
         to avoid numerical issues.
LP warm-start: use basis

Iteration    Objective       Primal Inf.    Dual Inf.      Time
       0    5.9589539e+11   1.391349e+00   0.000000e+00      0s
      11    5.9589539e+11   0.000000e+00   0.000000e+00      0s

Solved in 11 iterations and 0.31 seconds (0.48 work units)
Optimal objective  5.958953943e+11
Warning: unscaled dual violation = 7.21077e-06 and residual = 8.72881e-05

User-callback calls 40, time in user-callback 0.00 sec
