
Gurobi 11.0.3 (win64) logging started Wed Aug 26 18:07:26 2026

Set parameter LogFile to value "scenarios/C_fossil/2035\gurobi_logfile.log"
Set parameter MIPGap to value 0.01
Set parameter TimeLimit to value 84600

Gurobi 11.0.3 (win64) logging started Wed Aug 26 18:07:26 2026

Set parameter LogFile to value "scenarios/C_fossil/2035\gurobi_logfile.log"
Gurobi Optimizer version 11.0.3 build v11.0.3rc0 (win64 - Windows 11+.0 (26200.2))

CPU model: 12th Gen Intel(R) Core(TM) i7-1260P, instruction set [SSE2|AVX|AVX2]
Thread count: 12 physical cores, 16 logical processors, using up to 16 threads

Optimize a model with 201230 rows, 211558 columns and 645558 nonzeros
Model fingerprint: 0xc05b92d9
Coefficient statistics:
  Matrix range     [6e-01, 3e+00]
  Objective range  [3e+02, 2e+09]
  Bounds range     [2e-04, 1e+01]
  RHS range        [1e+00, 1e+03]
Warning: Model contains large objective coefficients
         Consider reformulating model or setting NumericFocus parameter
         to avoid numerical issues.
Presolve removed 153206 rows and 65166 columns
Presolve time: 0.20s
Presolved: 48024 rows, 146392 columns, 288392 nonzeros

Concurrent LP optimizer: primal simplex, dual simplex, and barrier
Showing barrier log only...

Ordering time: 0.00s

Barrier performed 0 iterations in 0.25 seconds (0.29 work units)
Barrier solve interrupted - model solved by another algorithm


Solved with dual simplex
Iteration    Objective       Primal Inf.    Dual Inf.      Time
      24    5.9263495e+11   0.000000e+00   0.000000e+00      0s

Use crossover to convert LP symmetric solution to basic solution...
Crossover log...

       0 PPushes remaining with PInf 0.0000000e+00                 0s

  Push phase complete: Pinf 0.0000000e+00, Dinf 0.0000000e+00      0s

Iteration    Objective       Primal Inf.    Dual Inf.      Time
      27    5.9263495e+11   0.000000e+00   0.000000e+00      0s

Solved in 27 iterations and 0.41 seconds (0.38 work units)
Optimal objective  5.926349513e+11

User-callback calls 111, time in user-callback 0.00 sec
Gurobi Optimizer version 11.0.3 build v11.0.3rc0 (win64 - Windows 11+.0 (26200.2))

CPU model: 12th Gen Intel(R) Core(TM) i7-1260P, instruction set [SSE2|AVX|AVX2]
Thread count: 12 physical cores, 16 logical processors, using up to 16 threads

Optimize a model with 201262 rows, 211558 columns and 793428 nonzeros
Coefficient statistics:
  Matrix range     [5e-03, 3e+00]
  Objective range  [3e+02, 2e+09]
  Bounds range     [2e-04, 1e+01]
  RHS range        [7e-01, 1e+03]
Warning: Model contains large objective coefficients
         Consider reformulating model or setting NumericFocus parameter
         to avoid numerical issues.
LP warm-start: use basis

Iteration    Objective       Primal Inf.    Dual Inf.      Time
       0    5.9263495e+11   3.605357e+01   0.000000e+00      0s
      47    5.9266594e+11   0.000000e+00   0.000000e+00      0s

Solved in 47 iterations and 0.14 seconds (0.16 work units)
Optimal objective  5.926659402e+11

User-callback calls 72, time in user-callback 0.00 sec
Gurobi Optimizer version 11.0.3 build v11.0.3rc0 (win64 - Windows 11+.0 (26200.2))

CPU model: 12th Gen Intel(R) Core(TM) i7-1260P, instruction set [SSE2|AVX|AVX2]
Thread count: 12 physical cores, 16 logical processors, using up to 16 threads

Optimize a model with 201274 rows, 211558 columns and 819798 nonzeros
Coefficient statistics:
  Matrix range     [5e-03, 3e+00]
  Objective range  [3e+02, 2e+09]
  Bounds range     [2e-04, 1e+01]
  RHS range        [8e-02, 1e+03]
Warning: Model contains large objective coefficients
         Consider reformulating model or setting NumericFocus parameter
         to avoid numerical issues.
LP warm-start: use basis

Iteration    Objective       Primal Inf.    Dual Inf.      Time
       0    5.9266594e+11   1.461597e+00   0.000000e+00      0s
      22    5.9266702e+11   0.000000e+00   0.000000e+00      0s

Solved in 22 iterations and 0.13 seconds (0.16 work units)
Optimal objective  5.926670247e+11

User-callback calls 47, time in user-callback 0.00 sec
Gurobi Optimizer version 11.0.3 build v11.0.3rc0 (win64 - Windows 11+.0 (26200.2))

CPU model: 12th Gen Intel(R) Core(TM) i7-1260P, instruction set [SSE2|AVX|AVX2]
Thread count: 12 physical cores, 16 logical processors, using up to 16 threads

Optimize a model with 201275 rows, 211558 columns and 826281 nonzeros
Coefficient statistics:
  Matrix range     [5e-03, 3e+00]
  Objective range  [3e+02, 2e+09]
  Bounds range     [2e-04, 1e+01]
  RHS range        [8e-02, 1e+03]
Warning: Model contains large objective coefficients
         Consider reformulating model or setting NumericFocus parameter
         to avoid numerical issues.
LP warm-start: use basis

Iteration    Objective       Primal Inf.    Dual Inf.      Time
       0    5.9266702e+11   2.601939e-02   0.000000e+00      0s
       1    5.9266703e+11   0.000000e+00   0.000000e+00      0s

Solved in 1 iterations and 0.12 seconds (0.09 work units)
Optimal objective  5.926670265e+11

User-callback calls 26, time in user-callback 0.00 sec
