
Gurobi 11.0.3 (win64) logging started Wed Aug 19 22:44:05 2026

Set parameter LogFile to value "scenarios/B_med_dc/2045\gurobi_logfile.log"
Set parameter MIPGap to value 0.01
Set parameter TimeLimit to value 84600

Gurobi 11.0.3 (win64) logging started Wed Aug 19 22:44:05 2026

Set parameter LogFile to value "scenarios/B_med_dc/2045\gurobi_logfile.log"
Gurobi Optimizer version 11.0.3 build v11.0.3rc0 (win64 - Windows 11+.0 (26200.2))

CPU model: 12th Gen Intel(R) Core(TM) i7-1260P, instruction set [SSE2|AVX|AVX2]
Thread count: 12 physical cores, 16 logical processors, using up to 16 threads

Optimize a model with 201230 rows, 211558 columns and 645558 nonzeros
Model fingerprint: 0x51abd625
Coefficient statistics:
  Matrix range     [6e-01, 3e+00]
  Objective range  [3e+02, 2e+09]
  Bounds range     [4e-04, 2e+01]
  RHS range        [1e+00, 1e+03]
Warning: Model contains large objective coefficients
         Consider reformulating model or setting NumericFocus parameter
         to avoid numerical issues.
Presolve removed 153206 rows and 65166 columns
Presolve time: 0.24s
Presolved: 48024 rows, 146392 columns, 288392 nonzeros

Concurrent LP optimizer: primal simplex, dual simplex, and barrier
Showing barrier log only...

Ordering time: 0.00s

Barrier statistics:
 AA' NZ     : 4.700e+01
 Factor NZ  : 6.660e+02 (roughly 2 MB of memory)
 Factor Ops : 1.252e+04 (less than 1 second per iteration)
 Threads    : 1

Barrier performed 0 iterations in 0.29 seconds (0.29 work units)
Barrier solve interrupted - model solved by another algorithm


Solved with dual simplex
Iteration    Objective       Primal Inf.    Dual Inf.      Time
      63    5.9772772e+11   0.000000e+00   0.000000e+00      0s

Use crossover to convert LP symmetric solution to basic solution...
Crossover log...

       0 DPushes remaining with DInf 0.0000000e+00                 0s

   41985 PPushes remaining with PInf 0.0000000e+00                 0s
       0 PPushes remaining with PInf 0.0000000e+00                 1s

  Push phase complete: Pinf 0.0000000e+00, Dinf 7.1469694e-06      1s

Iteration    Objective       Primal Inf.    Dual Inf.      Time
   50065    5.9772772e+11   0.000000e+00   0.000000e+00      1s
   50065    5.9772772e+11   0.000000e+00   0.000000e+00      1s

Solved in 50065 iterations and 1.42 seconds (1.52 work units)
Optimal objective  5.977277245e+11

User-callback calls 50618, time in user-callback 0.00 sec
Gurobi Optimizer version 11.0.3 build v11.0.3rc0 (win64 - Windows 11+.0 (26200.2))

CPU model: 12th Gen Intel(R) Core(TM) i7-1260P, instruction set [SSE2|AVX|AVX2]
Thread count: 12 physical cores, 16 logical processors, using up to 16 threads

Optimize a model with 201262 rows, 211558 columns and 777680 nonzeros
Coefficient statistics:
  Matrix range     [5e-03, 8e+00]
  Objective range  [3e+02, 2e+09]
  Bounds range     [4e-04, 2e+01]
  RHS range        [1e+00, 1e+03]
Warning: Model contains large objective coefficients
         Consider reformulating model or setting NumericFocus parameter
         to avoid numerical issues.
LP warm-start: use basis

Iteration    Objective       Primal Inf.    Dual Inf.      Time
       0    5.9772772e+11   2.331567e+02   0.000000e+00      0s
    3354    5.9886017e+11   0.000000e+00   0.000000e+00      2s

Solved in 3354 iterations and 1.83 seconds (2.82 work units)
Optimal objective  5.988601675e+11

User-callback calls 3379, time in user-callback 0.00 sec
Gurobi Optimizer version 11.0.3 build v11.0.3rc0 (win64 - Windows 11+.0 (26200.2))

CPU model: 12th Gen Intel(R) Core(TM) i7-1260P, instruction set [SSE2|AVX|AVX2]
Thread count: 12 physical cores, 16 logical processors, using up to 16 threads

Optimize a model with 201294 rows, 211558 columns and 920578 nonzeros
Coefficient statistics:
  Matrix range     [5e-03, 2e+01]
  Objective range  [3e+02, 2e+09]
  Bounds range     [4e-04, 2e+01]
  RHS range        [1e-01, 1e+03]
Warning: Model contains large objective coefficients
         Consider reformulating model or setting NumericFocus parameter
         to avoid numerical issues.
LP warm-start: use basis

Iteration    Objective       Primal Inf.    Dual Inf.      Time
       0    5.9886017e+11   4.563889e+02   0.000000e+00      0s
    3174    5.9891845e+11   0.000000e+00   0.000000e+00      2s

Solved in 3174 iterations and 2.44 seconds (4.77 work units)
Optimal objective  5.989184451e+11

User-callback calls 3199, time in user-callback 0.03 sec
Gurobi Optimizer version 11.0.3 build v11.0.3rc0 (win64 - Windows 11+.0 (26200.2))

CPU model: 12th Gen Intel(R) Core(TM) i7-1260P, instruction set [SSE2|AVX|AVX2]
Thread count: 12 physical cores, 16 logical processors, using up to 16 threads

Optimize a model with 201326 rows, 211558 columns and 1044385 nonzeros
Coefficient statistics:
  Matrix range     [5e-03, 2e+01]
  Objective range  [3e+02, 2e+09]
  Bounds range     [4e-04, 2e+01]
  RHS range        [1e-01, 1e+03]
Warning: Model contains large objective coefficients
         Consider reformulating model or setting NumericFocus parameter
         to avoid numerical issues.
LP warm-start: use basis

Iteration    Objective       Primal Inf.    Dual Inf.      Time
       0    5.9891845e+11   2.826475e+02   0.000000e+00      0s
    3316    5.9916845e+11   0.000000e+00   0.000000e+00      2s

Solved in 3316 iterations and 2.17 seconds (3.88 work units)
Optimal objective  5.991684547e+11

User-callback calls 3341, time in user-callback 0.00 sec
Gurobi Optimizer version 11.0.3 build v11.0.3rc0 (win64 - Windows 11+.0 (26200.2))

CPU model: 12th Gen Intel(R) Core(TM) i7-1260P, instruction set [SSE2|AVX|AVX2]
Thread count: 12 physical cores, 16 logical processors, using up to 16 threads

Optimize a model with 201358 rows, 211558 columns and 1128394 nonzeros
Coefficient statistics:
  Matrix range     [5e-03, 2e+01]
  Objective range  [3e+02, 2e+09]
  Bounds range     [4e-04, 2e+01]
  RHS range        [1e-01, 1e+03]
Warning: Model contains large objective coefficients
         Consider reformulating model or setting NumericFocus parameter
         to avoid numerical issues.
LP warm-start: use basis

Iteration    Objective       Primal Inf.    Dual Inf.      Time
       0    5.9916845e+11   1.605459e+02   0.000000e+00      0s
    1951    5.9948961e+11   0.000000e+00   0.000000e+00      1s

Solved in 1951 iterations and 1.31 seconds (2.14 work units)
Optimal objective  5.994896097e+11

User-callback calls 1976, time in user-callback 0.00 sec
Gurobi Optimizer version 11.0.3 build v11.0.3rc0 (win64 - Windows 11+.0 (26200.2))

CPU model: 12th Gen Intel(R) Core(TM) i7-1260P, instruction set [SSE2|AVX|AVX2]
Thread count: 12 physical cores, 16 logical processors, using up to 16 threads

Optimize a model with 201390 rows, 211558 columns and 1229092 nonzeros
Coefficient statistics:
  Matrix range     [5e-03, 2e+01]
  Objective range  [3e+02, 2e+09]
  Bounds range     [4e-04, 2e+01]
  RHS range        [1e-01, 1e+03]
Warning: Model contains large objective coefficients
         Consider reformulating model or setting NumericFocus parameter
         to avoid numerical issues.
LP warm-start: use basis

Iteration    Objective       Primal Inf.    Dual Inf.      Time
       0    5.9948961e+11   1.619340e+02   0.000000e+00      0s
    6190    5.9966012e+11   2.283998e+03   0.000000e+00      5s
    8461    5.9966141e+11   0.000000e+00   0.000000e+00      9s

Solved in 8461 iterations and 9.26 seconds (14.30 work units)
Optimal objective  5.996614141e+11

User-callback calls 8487, time in user-callback 0.02 sec
Gurobi Optimizer version 11.0.3 build v11.0.3rc0 (win64 - Windows 11+.0 (26200.2))

CPU model: 12th Gen Intel(R) Core(TM) i7-1260P, instruction set [SSE2|AVX|AVX2]
Thread count: 12 physical cores, 16 logical processors, using up to 16 threads

Optimize a model with 201422 rows, 211558 columns and 1382099 nonzeros
Coefficient statistics:
  Matrix range     [5e-03, 2e+01]
  Objective range  [3e+02, 2e+09]
  Bounds range     [4e-04, 2e+01]
  RHS range        [1e-01, 1e+03]
Warning: Model contains large objective coefficients
         Consider reformulating model or setting NumericFocus parameter
         to avoid numerical issues.
LP warm-start: use basis

Iteration    Objective       Primal Inf.    Dual Inf.      Time
       0    5.9966141e+11   1.338590e+02   0.000000e+00      0s
    4645    5.9976017e+11   0.000000e+00   0.000000e+00      5s

Solved in 4645 iterations and 5.16 seconds (8.48 work units)
Optimal objective  5.997601700e+11

User-callback calls 4670, time in user-callback 0.06 sec
Gurobi Optimizer version 11.0.3 build v11.0.3rc0 (win64 - Windows 11+.0 (26200.2))

CPU model: 12th Gen Intel(R) Core(TM) i7-1260P, instruction set [SSE2|AVX|AVX2]
Thread count: 12 physical cores, 16 logical processors, using up to 16 threads

Optimize a model with 201454 rows, 211558 columns and 1539620 nonzeros
Coefficient statistics:
  Matrix range     [5e-03, 2e+01]
  Objective range  [3e+02, 2e+09]
  Bounds range     [4e-04, 2e+01]
  RHS range        [1e-01, 1e+03]
Warning: Model contains large objective coefficients
         Consider reformulating model or setting NumericFocus parameter
         to avoid numerical issues.
LP warm-start: use basis

Iteration    Objective       Primal Inf.    Dual Inf.      Time
       0    5.9976017e+11   9.425690e+01   0.000000e+00      0s
    1485    5.9979957e+11   0.000000e+00   0.000000e+00      2s

Solved in 1485 iterations and 2.41 seconds (4.17 work units)
Optimal objective  5.997995726e+11

User-callback calls 1510, time in user-callback 0.02 sec
Gurobi Optimizer version 11.0.3 build v11.0.3rc0 (win64 - Windows 11+.0 (26200.2))

CPU model: 12th Gen Intel(R) Core(TM) i7-1260P, instruction set [SSE2|AVX|AVX2]
Thread count: 12 physical cores, 16 logical processors, using up to 16 threads

Optimize a model with 201486 rows, 211558 columns and 1592159 nonzeros
Coefficient statistics:
  Matrix range     [5e-03, 2e+01]
  Objective range  [3e+02, 2e+09]
  Bounds range     [4e-04, 2e+01]
  RHS range        [1e-01, 1e+03]
Warning: Model contains large objective coefficients
         Consider reformulating model or setting NumericFocus parameter
         to avoid numerical issues.
LP warm-start: use basis

Iteration    Objective       Primal Inf.    Dual Inf.      Time
       0    5.9979957e+11   1.455349e+02   0.000000e+00      0s
    3460    5.9980853e+11   4.348103e+01   0.000000e+00      6s
    3603    5.9980853e+11   0.000000e+00   0.000000e+00      6s

Solved in 3603 iterations and 6.01 seconds (9.73 work units)
Optimal objective  5.998085264e+11

User-callback calls 3629, time in user-callback 0.01 sec
Gurobi Optimizer version 11.0.3 build v11.0.3rc0 (win64 - Windows 11+.0 (26200.2))

CPU model: 12th Gen Intel(R) Core(TM) i7-1260P, instruction set [SSE2|AVX|AVX2]
Thread count: 12 physical cores, 16 logical processors, using up to 16 threads

Optimize a model with 201518 rows, 211558 columns and 1695733 nonzeros
Coefficient statistics:
  Matrix range     [5e-03, 2e+01]
  Objective range  [3e+02, 2e+09]
  Bounds range     [4e-04, 2e+01]
  RHS range        [1e-01, 1e+03]
Warning: Model contains large objective coefficients
         Consider reformulating model or setting NumericFocus parameter
         to avoid numerical issues.
LP warm-start: use basis

Iteration    Objective       Primal Inf.    Dual Inf.      Time
       0    5.9980853e+11   8.240339e+01   0.000000e+00      0s
    2660    5.9982536e+11   1.968011e+04   0.000000e+00      5s
    4610    5.9982542e+11   4.842526e+05   0.000000e+00     10s
Warning: Markowitz tolerance tightened to 0.0625
Warning: Markowitz tolerance tightened to 0.25
    6550    5.9982629e+11   2.022028e+11   0.000000e+00     15s
    8410    5.9982680e+11   5.424026e+06   0.000000e+00     20s
   10280    5.9982681e+11   2.102621e+05   0.000000e+00     26s
   12540    5.9982681e+11   2.390100e+04   0.000000e+00     30s
   13800    5.9982681e+11   3.137120e+04   0.000000e+00     36s
   15030    5.9982683e+11   2.072897e+04   0.000000e+00     40s
   16370    5.9982684e+11   6.841224e+02   0.000000e+00     45s
   17550    5.9982684e+11   3.124437e+02   0.000000e+00     51s
   18590    5.9982684e+11   9.288866e+01   0.000000e+00     55s
   19590    5.9982684e+11   4.493186e+01   0.000000e+00     60s
   19833    5.9982684e+11   0.000000e+00   0.000000e+00     62s

Solved in 19833 iterations and 61.57 seconds (86.44 work units)
Optimal objective  5.998268400e+11

User-callback calls 19872, time in user-callback 0.10 sec
Gurobi Optimizer version 11.0.3 build v11.0.3rc0 (win64 - Windows 11+.0 (26200.2))

CPU model: 12th Gen Intel(R) Core(TM) i7-1260P, instruction set [SSE2|AVX|AVX2]
Thread count: 12 physical cores, 16 logical processors, using up to 16 threads

Optimize a model with 201550 rows, 211558 columns and 1848903 nonzeros
Coefficient statistics:
  Matrix range     [5e-03, 2e+01]
  Objective range  [3e+02, 2e+09]
  Bounds range     [4e-04, 2e+01]
  RHS range        [1e-01, 1e+03]
Warning: Model contains large objective coefficients
         Consider reformulating model or setting NumericFocus parameter
         to avoid numerical issues.
LP warm-start: use basis

Iteration    Objective       Primal Inf.    Dual Inf.      Time
       0    5.9982684e+11   1.067122e+02   0.000000e+00      0s
    2200    5.9986096e+11   9.551440e+04   0.000000e+00      5s
    3600    5.9986171e+11   5.157002e+04   0.000000e+00     10s
    5050    5.9986516e+11   6.135191e+04   0.000000e+00     15s
    6850    5.9986582e+11   3.890150e+04   0.000000e+00     20s
    8830    5.9986708e+11   1.049752e+03   0.000000e+00     25s
   10023    5.9986985e+11   0.000000e+00   0.000000e+00     30s

Solved in 10023 iterations and 30.20 seconds (49.40 work units)
Optimal objective  5.998698492e+11

User-callback calls 10053, time in user-callback 0.02 sec
Gurobi Optimizer version 11.0.3 build v11.0.3rc0 (win64 - Windows 11+.0 (26200.2))

CPU model: 12th Gen Intel(R) Core(TM) i7-1260P, instruction set [SSE2|AVX|AVX2]
Thread count: 12 physical cores, 16 logical processors, using up to 16 threads

Optimize a model with 201582 rows, 211558 columns and 1948981 nonzeros
Coefficient statistics:
  Matrix range     [5e-03, 2e+01]
  Objective range  [3e+02, 2e+09]
  Bounds range     [4e-04, 2e+01]
  RHS range        [1e-01, 1e+03]
Warning: Model contains large objective coefficients
         Consider reformulating model or setting NumericFocus parameter
         to avoid numerical issues.
LP warm-start: use basis

Iteration    Objective       Primal Inf.    Dual Inf.      Time
       0    5.9986985e+11   1.473615e+02   0.000000e+00      0s
    1560    5.9989059e+11   2.098892e+04   0.000000e+00      5s
    2890    5.9989118e+11   8.359824e+02   0.000000e+00     10s
    4070    5.9989119e+11   3.478207e+03   0.000000e+00     16s
    4139    5.9989119e+11   0.000000e+00   0.000000e+00     16s

Solved in 4139 iterations and 15.91 seconds (26.89 work units)
Optimal objective  5.998911922e+11

User-callback calls 4167, time in user-callback 0.02 sec
Gurobi Optimizer version 11.0.3 build v11.0.3rc0 (win64 - Windows 11+.0 (26200.2))

CPU model: 12th Gen Intel(R) Core(TM) i7-1260P, instruction set [SSE2|AVX|AVX2]
Thread count: 12 physical cores, 16 logical processors, using up to 16 threads

Optimize a model with 201614 rows, 211558 columns and 2054420 nonzeros
Coefficient statistics:
  Matrix range     [5e-03, 2e+01]
  Objective range  [3e+02, 2e+09]
  Bounds range     [4e-04, 2e+01]
  RHS range        [1e-01, 1e+03]
Warning: Model contains large objective coefficients
         Consider reformulating model or setting NumericFocus parameter
         to avoid numerical issues.
LP warm-start: use basis

Iteration    Objective       Primal Inf.    Dual Inf.      Time
       0    5.9989119e+11   1.581491e+02   0.000000e+00      0s
    1390    5.9989268e+11   3.560592e+05   0.000000e+00      5s
    3040    5.9989524e+11   2.087646e+05   0.000000e+00     10s
    4230    5.9989764e+11   2.283298e+05   0.000000e+00     15s
    5650    5.9989764e+11   4.612805e+05   0.000000e+00     20s
    6690    5.9989765e+11   2.407346e+05   0.000000e+00     25s
    7900    5.9989765e+11   1.128823e+07   0.000000e+00     30s
    9130    5.9989788e+11   3.658351e+05   0.000000e+00     35s
   10150    5.9989788e+11   2.163940e+06   0.000000e+00     40s
   11160    5.9989789e+11   7.194963e+03   0.000000e+00     45s
   12290    5.9989789e+11   5.398418e+04   0.000000e+00     51s
   13380    5.9989855e+11   4.357707e+05   0.000000e+00     56s
   14370    5.9989856e+11   2.623831e+06   0.000000e+00     61s
   15280    5.9989862e+11   5.130188e+05   0.000000e+00     65s
   16360    5.9989894e+11   1.483643e+04   0.000000e+00     70s
   17410    5.9989926e+11   4.149114e+04   0.000000e+00     75s
   18480    5.9989951e+11   1.514242e+03   0.000000e+00     81s
   19450    5.9989959e+11   4.796428e+01   0.000000e+00     86s
   19562    5.9989960e+11   0.000000e+00   0.000000e+00     86s

Solved in 19562 iterations and 86.41 seconds (138.38 work units)
Optimal objective  5.998995997e+11

User-callback calls 19605, time in user-callback 0.10 sec
Gurobi Optimizer version 11.0.3 build v11.0.3rc0 (win64 - Windows 11+.0 (26200.2))

CPU model: 12th Gen Intel(R) Core(TM) i7-1260P, instruction set [SSE2|AVX|AVX2]
Thread count: 12 physical cores, 16 logical processors, using up to 16 threads

Optimize a model with 201646 rows, 211558 columns and 2091705 nonzeros
Coefficient statistics:
  Matrix range     [5e-03, 2e+01]
  Objective range  [3e+02, 2e+09]
  Bounds range     [4e-04, 2e+01]
  RHS range        [1e-01, 1e+03]
Warning: Model contains large objective coefficients
         Consider reformulating model or setting NumericFocus parameter
         to avoid numerical issues.
LP warm-start: use basis

Iteration    Objective       Primal Inf.    Dual Inf.      Time
       0   -5.7144419e+24   5.412137e+31   4.729256e-06      0s
    1765    5.9991005e+11   6.142097e+04   0.000000e+00      5s
    3025    5.9991033e+11   2.967108e+02   0.000000e+00     11s
    4005    5.9991033e+11   8.678754e-01   0.000000e+00     16s
    4123    5.9991033e+11   0.000000e+00   0.000000e+00     16s

Solved in 4123 iterations and 16.39 seconds (23.59 work units)
Optimal objective  5.999103304e+11

User-callback calls 4155, time in user-callback 0.03 sec
Gurobi Optimizer version 11.0.3 build v11.0.3rc0 (win64 - Windows 11+.0 (26200.2))

CPU model: 12th Gen Intel(R) Core(TM) i7-1260P, instruction set [SSE2|AVX|AVX2]
Thread count: 12 physical cores, 16 logical processors, using up to 16 threads

Optimize a model with 201678 rows, 211558 columns and 2150271 nonzeros
Coefficient statistics:
  Matrix range     [5e-03, 2e+01]
  Objective range  [3e+02, 2e+09]
  Bounds range     [4e-04, 2e+01]
  RHS range        [1e-01, 1e+03]
Warning: Model contains large objective coefficients
         Consider reformulating model or setting NumericFocus parameter
         to avoid numerical issues.
LP warm-start: use basis

Iteration    Objective       Primal Inf.    Dual Inf.      Time
       0    5.9991033e+11   1.157101e+02   0.000000e+00      0s
    1743    5.9991521e+11   5.840068e+02   0.000000e+00      5s
    2405    5.9991524e+11   0.000000e+00   0.000000e+00      8s

Solved in 2405 iterations and 8.43 seconds (13.05 work units)
Optimal objective  5.999152380e+11

User-callback calls 2431, time in user-callback 0.00 sec
Gurobi Optimizer version 11.0.3 build v11.0.3rc0 (win64 - Windows 11+.0 (26200.2))

CPU model: 12th Gen Intel(R) Core(TM) i7-1260P, instruction set [SSE2|AVX|AVX2]
Thread count: 12 physical cores, 16 logical processors, using up to 16 threads

Optimize a model with 201710 rows, 211558 columns and 2211559 nonzeros
Coefficient statistics:
  Matrix range     [5e-03, 2e+01]
  Objective range  [3e+02, 2e+09]
  Bounds range     [4e-04, 2e+01]
  RHS range        [1e-01, 1e+03]
Warning: Model contains large objective coefficients
         Consider reformulating model or setting NumericFocus parameter
         to avoid numerical issues.
LP warm-start: use basis

Iteration    Objective       Primal Inf.    Dual Inf.      Time
       0    5.9991524e+11   5.971800e+01   0.000000e+00      0s
    1320    5.9991858e+11   9.679771e+03   0.000000e+00      5s
    2430    5.9991863e+11   7.191436e+05   0.000000e+00     10s
    3890    5.9991864e+11   4.124963e+04   0.000000e+00     16s
    4740    5.9991866e+11   3.225092e+04   0.000000e+00     20s
    5720    5.9991867e+11   9.019301e+03   0.000000e+00     26s
    6590    5.9991877e+11   5.279519e+02   0.000000e+00     31s
    6797    5.9991878e+11   0.000000e+00   0.000000e+00     32s

Solved in 6797 iterations and 32.08 seconds (45.89 work units)
Optimal objective  5.999187802e+11

User-callback calls 6828, time in user-callback 0.05 sec
Gurobi Optimizer version 11.0.3 build v11.0.3rc0 (win64 - Windows 11+.0 (26200.2))

CPU model: 12th Gen Intel(R) Core(TM) i7-1260P, instruction set [SSE2|AVX|AVX2]
Thread count: 12 physical cores, 16 logical processors, using up to 16 threads

Optimize a model with 201742 rows, 211558 columns and 2270092 nonzeros
Coefficient statistics:
  Matrix range     [5e-03, 2e+01]
  Objective range  [3e+02, 2e+09]
  Bounds range     [4e-04, 2e+01]
  RHS range        [1e-01, 1e+03]
Warning: Model contains large objective coefficients
         Consider reformulating model or setting NumericFocus parameter
         to avoid numerical issues.
LP warm-start: use basis

Iteration    Objective       Primal Inf.    Dual Inf.      Time
       0    5.9991878e+11   6.907783e+01   0.000000e+00      0s
    1850    5.9993057e+11   6.089699e+04   0.000000e+00      6s
    2960    5.9993124e+11   4.908370e+02   0.000000e+00     10s
    3375    5.9993126e+11   0.000000e+00   0.000000e+00     12s

Solved in 3375 iterations and 12.09 seconds (18.99 work units)
Optimal objective  5.999312554e+11

User-callback calls 3402, time in user-callback 0.03 sec
Gurobi Optimizer version 11.0.3 build v11.0.3rc0 (win64 - Windows 11+.0 (26200.2))

CPU model: 12th Gen Intel(R) Core(TM) i7-1260P, instruction set [SSE2|AVX|AVX2]
Thread count: 12 physical cores, 16 logical processors, using up to 16 threads

Optimize a model with 201774 rows, 211558 columns and 2348771 nonzeros
Coefficient statistics:
  Matrix range     [5e-03, 2e+01]
  Objective range  [3e+02, 2e+09]
  Bounds range     [4e-04, 2e+01]
  RHS range        [1e-01, 1e+03]
Warning: Model contains large objective coefficients
         Consider reformulating model or setting NumericFocus parameter
         to avoid numerical issues.
LP warm-start: use basis

Iteration    Objective       Primal Inf.    Dual Inf.      Time
       0    5.9993126e+11   7.590649e+01   0.000000e+00      0s
    1580    6.0002941e+11   1.886854e+04   0.000000e+00      6s
    2730    6.0003115e+11   1.096629e+05   0.000000e+00     10s
    3910    6.0003189e+11   2.094248e+03   0.000000e+00     15s
    4894    6.0003224e+11   0.000000e+00   0.000000e+00     20s

Solved in 4894 iterations and 19.82 seconds (32.86 work units)
Optimal objective  6.000322412e+11

User-callback calls 4923, time in user-callback 0.07 sec
Gurobi Optimizer version 11.0.3 build v11.0.3rc0 (win64 - Windows 11+.0 (26200.2))

CPU model: 12th Gen Intel(R) Core(TM) i7-1260P, instruction set [SSE2|AVX|AVX2]
Thread count: 12 physical cores, 16 logical processors, using up to 16 threads

Optimize a model with 201806 rows, 211558 columns and 2400758 nonzeros
Coefficient statistics:
  Matrix range     [5e-03, 2e+01]
  Objective range  [3e+02, 2e+09]
  Bounds range     [4e-04, 2e+01]
  RHS range        [1e-01, 1e+03]
Warning: Model contains large objective coefficients
         Consider reformulating model or setting NumericFocus parameter
         to avoid numerical issues.
LP warm-start: use basis

Iteration    Objective       Primal Inf.    Dual Inf.      Time
       0    8.6385647e+23   2.362378e+31   1.748558e-06      0s
    1885    5.9990752e+11   4.594356e+01   2.770810e+09      5s
    5568    7.2649137e+11   0.000000e+00   7.785712e+14     10s
   11382    6.0051099e+11   0.000000e+00   5.675675e+11     15s
   16707    6.0011102e+11   0.000000e+00   1.031514e+10     20s
   20338    6.0007724e+11   0.000000e+00   2.166889e+09     25s
   25118    6.0007460e+11   0.000000e+00   1.030000e+03     30s
   25201    6.0007464e+11   0.000000e+00   0.000000e+00     30s

Solved in 25201 iterations and 30.35 seconds (83.49 work units)
Optimal objective  6.000746354e+11

User-callback calls 25306, time in user-callback 0.03 sec
Gurobi Optimizer version 11.0.3 build v11.0.3rc0 (win64 - Windows 11+.0 (26200.2))

CPU model: 12th Gen Intel(R) Core(TM) i7-1260P, instruction set [SSE2|AVX|AVX2]
Thread count: 12 physical cores, 16 logical processors, using up to 16 threads

Optimize a model with 201838 rows, 211558 columns and 2474141 nonzeros
Coefficient statistics:
  Matrix range     [5e-03, 2e+01]
  Objective range  [3e+02, 2e+09]
  Bounds range     [4e-04, 2e+01]
  RHS range        [1e-01, 1e+03]
Warning: Model contains large objective coefficients
         Consider reformulating model or setting NumericFocus parameter
         to avoid numerical issues.
LP warm-start: use basis

Iteration    Objective       Primal Inf.    Dual Inf.      Time
       0   -4.7934985e+25   1.032047e+32   2.060952e-05      0s
    1330    6.0011147e+11   9.967942e+02   0.000000e+00      5s
    2620    6.0012106e+11   4.510466e+04   0.000000e+00     10s
    3930    6.0012410e+11   6.574013e+02   0.000000e+00     15s
    5130    6.0012582e+11   2.883213e+02   0.000000e+00     20s
    5784    6.0012584e+11   0.000000e+00   0.000000e+00     24s

Solved in 5784 iterations and 23.65 seconds (40.57 work units)
Optimal objective  6.001258403e+11

User-callback calls 5813, time in user-callback 0.00 sec
Gurobi Optimizer version 11.0.3 build v11.0.3rc0 (win64 - Windows 11+.0 (26200.2))

CPU model: 12th Gen Intel(R) Core(TM) i7-1260P, instruction set [SSE2|AVX|AVX2]
Thread count: 12 physical cores, 16 logical processors, using up to 16 threads

Optimize a model with 201870 rows, 211558 columns and 2565762 nonzeros
Coefficient statistics:
  Matrix range     [5e-03, 2e+01]
  Objective range  [3e+02, 2e+09]
  Bounds range     [4e-04, 2e+01]
  RHS range        [1e-01, 1e+03]
Warning: Model contains large objective coefficients
         Consider reformulating model or setting NumericFocus parameter
         to avoid numerical issues.
LP warm-start: use basis

Iteration    Objective       Primal Inf.    Dual Inf.      Time
       0    6.0012584e+11   5.556356e+01   0.000000e+00      0s
    1330    6.0014122e+11   3.023877e+04   0.000000e+00      5s
    2340    6.0014229e+11   6.164866e+04   0.000000e+00     10s
    3190    6.0014367e+11   1.958933e+05   0.000000e+00     15s
    4050    6.0014598e+11   1.926501e+06   0.000000e+00     21s
    4770    6.0014673e+11   4.169884e+06   0.000000e+00     25s
    5780    6.0014718e+11   6.747319e+04   0.000000e+00     31s
    6870    6.0014850e+11   3.452669e+04   0.000000e+00     35s
    8020    6.0014909e+11   2.511442e+05   0.000000e+00     40s
    9390    6.0014979e+11   2.728532e+07   0.000000e+00     45s
   10470    6.0015025e+11   1.734482e+05   0.000000e+00     51s
   11270    6.0015025e+11   1.164541e+04   0.000000e+00     56s
   12240    6.0015036e+11   3.852213e+03   0.000000e+00     60s
   13220    6.0015057e+11   1.016022e+03   0.000000e+00     65s
   14400    6.0015101e+11   6.355356e+03   0.000000e+00     70s
   15159    6.0015105e+11   0.000000e+00   0.000000e+00     74s

Solved in 15159 iterations and 74.21 seconds (116.40 work units)
Optimal objective  6.001510459e+11
Warning: unscaled dual violation = 0.000163948 and residual = 0.00815015

User-callback calls 15201, time in user-callback 0.07 sec
Gurobi Optimizer version 11.0.3 build v11.0.3rc0 (win64 - Windows 11+.0 (26200.2))

CPU model: 12th Gen Intel(R) Core(TM) i7-1260P, instruction set [SSE2|AVX|AVX2]
Thread count: 12 physical cores, 16 logical processors, using up to 16 threads

Optimize a model with 201902 rows, 211558 columns and 2673222 nonzeros
Coefficient statistics:
  Matrix range     [5e-03, 2e+01]
  Objective range  [3e+02, 2e+09]
  Bounds range     [4e-04, 2e+01]
  RHS range        [1e-01, 1e+03]
Warning: Model contains large objective coefficients
         Consider reformulating model or setting NumericFocus parameter
         to avoid numerical issues.
LP warm-start: use basis

Iteration    Objective       Primal Inf.    Dual Inf.      Time
       0   -2.3752199e+24   1.789474e+31   3.286557e-06      0s
    1302    6.0015330e+11   1.932694e+06   0.000000e+00      5s
    2522    6.0015413e+11   8.565198e+05   0.000000e+00     11s
    3452    6.0015425e+11   9.749753e+04   0.000000e+00     15s
    4442    6.0015522e+11   8.807650e+04   0.000000e+00     21s
    5642    6.0015855e+11   4.452966e+04   0.000000e+00     25s
    6612    6.0016176e+11   2.526910e+04   0.000000e+00     30s
    7602    6.0016208e+11   1.364614e+04   0.000000e+00     35s
    8732    6.0016256e+11   1.515979e+05   0.000000e+00     41s
    9712    6.0016269e+11   8.043590e+03   0.000000e+00     46s
   10692    6.0016291e+11   4.783638e+02   0.000000e+00     51s
   11672    6.0016295e+11   2.115037e+01   0.000000e+00     56s
   11685    6.0016295e+11   0.000000e+00   0.000000e+00     56s

Solved in 11685 iterations and 55.78 seconds (91.80 work units)
Optimal objective  6.001629482e+11

User-callback calls 11725, time in user-callback 0.12 sec
Gurobi Optimizer version 11.0.3 build v11.0.3rc0 (win64 - Windows 11+.0 (26200.2))

CPU model: 12th Gen Intel(R) Core(TM) i7-1260P, instruction set [SSE2|AVX|AVX2]
Thread count: 12 physical cores, 16 logical processors, using up to 16 threads

Optimize a model with 201934 rows, 211558 columns and 2780478 nonzeros
Coefficient statistics:
  Matrix range     [5e-03, 3e+01]
  Objective range  [3e+02, 2e+09]
  Bounds range     [4e-04, 2e+01]
  RHS range        [1e-01, 1e+03]
Warning: Model contains large objective coefficients
         Consider reformulating model or setting NumericFocus parameter
         to avoid numerical issues.
LP warm-start: use basis

Iteration    Objective       Primal Inf.    Dual Inf.      Time
       0    1.5126460e+24   1.600287e+32   8.402498e-06      0s
    1530    6.0018936e+11   1.705821e+03   0.000000e+00      6s
    2610    6.0019139e+11   1.794209e+03   0.000000e+00     10s
    3760    6.0019146e+11   6.710141e+05   0.000000e+00     16s
    4760    6.0019151e+11   5.463955e+04   0.000000e+00     20s
    5750    6.0019157e+11   2.112049e+04   0.000000e+00     25s
    6610    6.0019172e+11   3.088862e+05   0.000000e+00     30s
    7620    6.0019182e+11   3.882696e+03   0.000000e+00     36s
    8460    6.0019184e+11   2.401796e+05   0.000000e+00     40s
    9330    6.0019190e+11   1.862006e+03   0.000000e+00     45s
   10340    6.0019193e+11   7.985657e+01   0.000000e+00     50s
   10391    6.0019193e+11   0.000000e+00   0.000000e+00     51s

Solved in 10391 iterations and 50.72 seconds (83.04 work units)
Optimal objective  6.001919297e+11

User-callback calls 10427, time in user-callback 0.06 sec
Gurobi Optimizer version 11.0.3 build v11.0.3rc0 (win64 - Windows 11+.0 (26200.2))

CPU model: 12th Gen Intel(R) Core(TM) i7-1260P, instruction set [SSE2|AVX|AVX2]
Thread count: 12 physical cores, 16 logical processors, using up to 16 threads

Optimize a model with 201966 rows, 211558 columns and 2835772 nonzeros
Coefficient statistics:
  Matrix range     [5e-03, 3e+01]
  Objective range  [3e+02, 2e+09]
  Bounds range     [4e-04, 2e+01]
  RHS range        [1e-01, 1e+03]
Warning: Model contains large objective coefficients
         Consider reformulating model or setting NumericFocus parameter
         to avoid numerical issues.
LP warm-start: use basis

Iteration    Objective       Primal Inf.    Dual Inf.      Time
       0    6.0019193e+11   6.576489e+01   0.000000e+00      0s
    1140    6.0019592e+11   3.021969e+06   0.000000e+00      5s
    2190    6.0019721e+11   1.451936e+05   0.000000e+00     10s
    3080    6.0019732e+11   4.431776e+05   0.000000e+00     15s
    4070    6.0019741e+11   5.278178e+04   0.000000e+00     20s
    5110    6.0019758e+11   6.227049e+05   0.000000e+00     25s
    5960    6.0019763e+11   2.832385e+04   0.000000e+00     30s
    6800    6.0019771e+11   2.470747e+06   0.000000e+00     35s
    7850    6.0019814e+11   2.542660e+04   0.000000e+00     40s
    8840    6.0019818e+11   5.310278e+03   0.000000e+00     46s
    9680    6.0019826e+11   3.150639e+04   0.000000e+00     51s
   10520    6.0019833e+11   7.323628e+04   0.000000e+00     55s
   11500    6.0019834e+11   1.045913e+05   0.000000e+00     61s
   12340    6.0019836e+11   1.862977e+03   0.000000e+00     65s
   13350    6.0019840e+11   1.341329e+02   0.000000e+00     70s
   14046    6.0019840e+11   0.000000e+00   0.000000e+00     75s

Solved in 14046 iterations and 74.81 seconds (119.43 work units)
Optimal objective  6.001983980e+11
Warning: unscaled dual violation = 3.3416e-06 and residual = 1.2325e-05

User-callback calls 14087, time in user-callback 0.07 sec
Gurobi Optimizer version 11.0.3 build v11.0.3rc0 (win64 - Windows 11+.0 (26200.2))

CPU model: 12th Gen Intel(R) Core(TM) i7-1260P, instruction set [SSE2|AVX|AVX2]
Thread count: 12 physical cores, 16 logical processors, using up to 16 threads

Optimize a model with 201998 rows, 211558 columns and 2904095 nonzeros
Coefficient statistics:
  Matrix range     [5e-03, 3e+01]
  Objective range  [3e+02, 2e+09]
  Bounds range     [4e-04, 2e+01]
  RHS range        [1e-01, 1e+03]
Warning: Model contains large objective coefficients
         Consider reformulating model or setting NumericFocus parameter
         to avoid numerical issues.
LP warm-start: use basis

Iteration    Objective       Primal Inf.    Dual Inf.      Time
       0   -6.7784468e+24   7.740634e+31   8.691342e-06      0s
    1691    6.0016559e+11   1.412363e+01   1.366440e+09      5s
    6225    6.8234011e+11   7.067578e+00   7.411160e+09     10s
    8898    6.0170818e+11   0.000000e+00   1.286552e+12     15s
   12160    6.0050657e+11   0.000000e+00   1.008071e+12     20s
   15631    6.0023997e+11   0.000000e+00   3.547604e+09     25s
   18844    6.0022133e+11   0.000000e+00   4.383753e+08     30s
   23013    6.0021570e+11   0.000000e+00   3.861471e+07     35s
   29371    6.0021508e+11   0.000000e+00   3.579316e+04     40s
   31239    6.0021508e+11   0.000000e+00   0.000000e+00     41s

Solved in 31239 iterations and 41.04 seconds (109.66 work units)
Optimal objective  6.002150772e+11

User-callback calls 31382, time in user-callback 0.09 sec
Gurobi Optimizer version 11.0.3 build v11.0.3rc0 (win64 - Windows 11+.0 (26200.2))

CPU model: 12th Gen Intel(R) Core(TM) i7-1260P, instruction set [SSE2|AVX|AVX2]
Thread count: 12 physical cores, 16 logical processors, using up to 16 threads

Optimize a model with 202030 rows, 211558 columns and 3016069 nonzeros
Coefficient statistics:
  Matrix range     [5e-03, 3e+01]
  Objective range  [3e+02, 2e+09]
  Bounds range     [4e-04, 2e+01]
  RHS range        [1e-01, 1e+03]
Warning: Model contains large objective coefficients
         Consider reformulating model or setting NumericFocus parameter
         to avoid numerical issues.
LP warm-start: use basis

Iteration    Objective       Primal Inf.    Dual Inf.      Time
       0    2.1915912e+24   1.869285e+32   1.069980e-06      0s
    1180    6.0023265e+11   2.974422e+04   0.000000e+00      5s
    2260    6.0023321e+11   4.296951e+05   0.000000e+00     11s
    3290    6.0023375e+11   4.950562e+04   0.000000e+00     16s
    4170    6.0023416e+11   2.273712e+06   0.000000e+00     20s
    5140    6.0023794e+11   5.031154e+05   0.000000e+00     25s
    6050    6.0023852e+11   2.976375e+03   0.000000e+00     30s
    6900    6.0023857e+11   4.976516e+03   0.000000e+00     35s
    7760    6.0023859e+11   6.206437e+03   0.000000e+00     40s
Warning: Markowitz tolerance tightened to 0.0625
    8740    6.0023861e+11   1.525379e+04   0.000000e+00     46s
    9440    6.0023862e+11   5.243952e+04   0.000000e+00     50s
   10400    6.0023864e+11   0.000000e+00   0.000000e+00     56s

Solved in 10400 iterations and 55.66 seconds (86.25 work units)
Optimal objective  6.002386407e+11

User-callback calls 10436, time in user-callback 0.08 sec
Gurobi Optimizer version 11.0.3 build v11.0.3rc0 (win64 - Windows 11+.0 (26200.2))

CPU model: 12th Gen Intel(R) Core(TM) i7-1260P, instruction set [SSE2|AVX|AVX2]
Thread count: 12 physical cores, 16 logical processors, using up to 16 threads

Optimize a model with 202062 rows, 211558 columns and 3082417 nonzeros
Coefficient statistics:
  Matrix range     [5e-03, 3e+01]
  Objective range  [3e+02, 2e+09]
  Bounds range     [4e-04, 2e+01]
  RHS range        [1e-01, 1e+03]
Warning: Model contains large objective coefficients
         Consider reformulating model or setting NumericFocus parameter
         to avoid numerical issues.
LP warm-start: use basis

Iteration    Objective       Primal Inf.    Dual Inf.      Time
       0   -3.2692635e+25   1.744622e+32   1.895223e-05      0s
    1330    6.0025589e+11   4.615634e+04   0.000000e+00      5s
    2240    6.0025598e+11   1.475369e+05   0.000000e+00     10s
    3330    6.0026075e+11   8.015542e+03   0.000000e+00     15s
    4230    6.0026125e+11   2.866112e+04   0.000000e+00     20s
    5280    6.0026443e+11   2.767522e+06   0.000000e+00     25s
    6360    6.0026510e+11   6.817957e+04   0.000000e+00     30s
    7360    6.0026524e+11   3.420819e+05   0.000000e+00     35s
    8430    6.0026546e+11   2.572525e+05   0.000000e+00     41s
    9380    6.0026557e+11   1.210273e+06   0.000000e+00     45s
   10300    6.0026685e+11   7.939159e+04   0.000000e+00     50s
   11170    6.0026699e+11   1.118804e+04   0.000000e+00     55s
   12040    6.0026701e+11   8.153811e+04   0.000000e+00     60s
   12890    6.0026702e+11   1.018271e+04   0.000000e+00     65s
   13751    6.0026703e+11   3.623458e+03   0.000000e+00     70s
   14651    6.0026704e+11   2.013744e+03   0.000000e+00     75s
   15691    6.0026706e+11   3.273236e+02   0.000000e+00     81s
   16020    6.0026706e+11   0.000000e+00   0.000000e+00     83s

Solved in 16020 iterations and 82.65 seconds (129.82 work units)
Optimal objective  6.002670619e+11

User-callback calls 16061, time in user-callback 0.09 sec
Gurobi Optimizer version 11.0.3 build v11.0.3rc0 (win64 - Windows 11+.0 (26200.2))

CPU model: 12th Gen Intel(R) Core(TM) i7-1260P, instruction set [SSE2|AVX|AVX2]
Thread count: 12 physical cores, 16 logical processors, using up to 16 threads

Optimize a model with 202094 rows, 211558 columns and 3117960 nonzeros
Coefficient statistics:
  Matrix range     [5e-03, 3e+01]
  Objective range  [3e+02, 2e+09]
  Bounds range     [4e-04, 2e+01]
  RHS range        [1e-01, 1e+03]
Warning: Model contains large objective coefficients
         Consider reformulating model or setting NumericFocus parameter
         to avoid numerical issues.
LP warm-start: use basis

Iteration    Objective       Primal Inf.    Dual Inf.      Time
       0    1.3776151e+25   2.632396e+32   1.298661e-05      0s
Warning: 1 variables dropped from basis
Warning: switch to quad precision
    1180    6.0032674e+11   1.479272e+03   0.000000e+00      6s
    1700    6.0032675e+11   2.986939e+05   0.000000e+00     10s
    2330    6.0032676e+11   9.222637e+03   0.000000e+00     15s
    2930    6.0032678e+11   8.904035e+05   0.000000e+00     21s
    3410    6.0032678e+11   6.515317e+02   0.000000e+00     25s
    3890    6.0032679e+11   2.890030e+03   0.000000e+00     30s
    4520    6.0032689e+11   7.638732e+02   0.000000e+00     35s
    5130    6.0032690e+11   2.218386e+04   0.000000e+00     41s
    5600    6.0032691e+11   6.268069e+03   0.000000e+00     45s
    6180    6.0032691e+11   2.995345e+03   0.000000e+00     51s
    6630    6.0032691e+11   1.245151e+02   0.000000e+00     55s
    6840    6.0032691e+11   0.000000e+00   0.000000e+00     57s

Solved in 6840 iterations and 57.36 seconds (108.03 work units)
Optimal objective  6.003269111e+11

User-callback calls 6878, time in user-callback 0.05 sec
Gurobi Optimizer version 11.0.3 build v11.0.3rc0 (win64 - Windows 11+.0 (26200.2))

CPU model: 12th Gen Intel(R) Core(TM) i7-1260P, instruction set [SSE2|AVX|AVX2]
Thread count: 12 physical cores, 16 logical processors, using up to 16 threads

Optimize a model with 202126 rows, 211558 columns and 3165959 nonzeros
Coefficient statistics:
  Matrix range     [5e-03, 3e+01]
  Objective range  [3e+02, 2e+09]
  Bounds range     [4e-04, 2e+01]
  RHS range        [1e-01, 1e+03]
Warning: Model contains large objective coefficients
         Consider reformulating model or setting NumericFocus parameter
         to avoid numerical issues.
LP warm-start: use basis

Iteration    Objective       Primal Inf.    Dual Inf.      Time
       0    7.2702365e+25   1.613152e+32   8.088845e-05      0s
    1100    6.0034187e+11   0.000000e+00   0.000000e+00      5s

Solved in 1100 iterations and 5.32 seconds (8.73 work units)
Optimal objective  6.003418747e+11

User-callback calls 1132, time in user-callback 0.00 sec
Gurobi Optimizer version 11.0.3 build v11.0.3rc0 (win64 - Windows 11+.0 (26200.2))

CPU model: 12th Gen Intel(R) Core(TM) i7-1260P, instruction set [SSE2|AVX|AVX2]
Thread count: 12 physical cores, 16 logical processors, using up to 16 threads

Optimize a model with 202158 rows, 211558 columns and 3217717 nonzeros
Coefficient statistics:
  Matrix range     [5e-03, 3e+01]
  Objective range  [3e+02, 2e+09]
  Bounds range     [4e-04, 2e+01]
  RHS range        [6e-02, 1e+03]
Warning: Model contains large objective coefficients
         Consider reformulating model or setting NumericFocus parameter
         to avoid numerical issues.
LP warm-start: use basis

Iteration    Objective       Primal Inf.    Dual Inf.      Time
       0   -2.9181060e+26   2.281250e+34   1.216680e-04      0s
    1200    6.0037070e+11   1.196451e+05   0.000000e+00      5s
    2200    6.0037157e+11   8.378070e+02   0.000000e+00     10s
    3200    6.0037161e+11   4.702655e+03   0.000000e+00     16s
    4040    6.0037161e+11   6.237371e+03   0.000000e+00     21s
Warning: Markowitz tolerance tightened to 0.03125
    4900    6.0037162e+11   8.620031e+02   0.000000e+00     26s
    5610    6.0037163e+11   9.152143e+04   0.000000e+00     30s
    6640    6.0037163e+11   6.136212e+03   0.000000e+00     36s
    7332    6.0037163e+11   0.000000e+00   0.000000e+00     40s

Solved in 7332 iterations and 39.73 seconds (63.32 work units)
Optimal objective  6.003716308e+11

User-callback calls 7366, time in user-callback 0.07 sec
Gurobi Optimizer version 11.0.3 build v11.0.3rc0 (win64 - Windows 11+.0 (26200.2))

CPU model: 12th Gen Intel(R) Core(TM) i7-1260P, instruction set [SSE2|AVX|AVX2]
Thread count: 12 physical cores, 16 logical processors, using up to 16 threads

Optimize a model with 202190 rows, 211558 columns and 3266805 nonzeros
Coefficient statistics:
  Matrix range     [5e-03, 3e+01]
  Objective range  [3e+02, 2e+09]
  Bounds range     [4e-04, 2e+01]
  RHS range        [6e-02, 1e+03]
Warning: Model contains large objective coefficients
         Consider reformulating model or setting NumericFocus parameter
         to avoid numerical issues.
LP warm-start: use basis

Iteration    Objective       Primal Inf.    Dual Inf.      Time
       0    6.0037163e+11   4.705434e+01   0.000000e+00      0s
    1150    6.0038551e+11   3.102377e+04   0.000000e+00      6s
    2020    6.0038553e+11   3.178611e+03   0.000000e+00     10s
    3000    6.0038554e+11   1.599009e+04   0.000000e+00     15s
    4090    6.0038572e+11   2.353357e+04   0.000000e+00     20s
    4980    6.0038575e+11   6.057675e+03   0.000000e+00     26s
    5880    6.0038578e+11   5.172908e+02   0.000000e+00     30s
    6519    6.0038581e+11   0.000000e+00   0.000000e+00     34s

Solved in 6519 iterations and 33.77 seconds (56.09 work units)
Optimal objective  6.003858054e+11

User-callback calls 6550, time in user-callback 0.09 sec
Gurobi Optimizer version 11.0.3 build v11.0.3rc0 (win64 - Windows 11+.0 (26200.2))

CPU model: 12th Gen Intel(R) Core(TM) i7-1260P, instruction set [SSE2|AVX|AVX2]
Thread count: 12 physical cores, 16 logical processors, using up to 16 threads

Optimize a model with 202222 rows, 211558 columns and 3339658 nonzeros
Coefficient statistics:
  Matrix range     [5e-03, 3e+01]
  Objective range  [3e+02, 2e+09]
  Bounds range     [4e-04, 2e+01]
  RHS range        [6e-02, 1e+03]
Warning: Model contains large objective coefficients
         Consider reformulating model or setting NumericFocus parameter
         to avoid numerical issues.
LP warm-start: use basis

Iteration    Objective       Primal Inf.    Dual Inf.      Time
       0    6.0038581e+11   4.782268e+01   0.000000e+00      0s
    1150    6.0042074e+11   1.040063e+05   0.000000e+00      6s
    2050    6.0042092e+11   1.503352e+05   0.000000e+00     10s
    2950    6.0042102e+11   3.352663e+05   0.000000e+00     16s
    3680    6.0042105e+11   1.247153e+05   0.000000e+00     20s
    4600    6.0042116e+11   6.372837e+04   0.000000e+00     26s
    5330    6.0042119e+11   2.311828e+04   0.000000e+00     30s
    6260    6.0042123e+11   4.329009e+04   0.000000e+00     35s
    7130    6.0042127e+11   8.870619e+03   0.000000e+00     40s
    8020    6.0042131e+11   8.518086e+03   0.000000e+00     46s
    8990    6.0042142e+11   1.768411e+04   0.000000e+00     51s
    9860    6.0042166e+11   8.429958e+04   0.000000e+00     56s
   10710    6.0042167e+11   8.340993e+03   0.000000e+00     61s
   11430    6.0042170e+11   9.933395e+03   0.000000e+00     65s
   12310    6.0042172e+11   7.398134e+02   0.000000e+00     70s
   13030    6.0042172e+11   1.405244e+04   0.000000e+00     75s
   13870    6.0042173e+11   5.248659e+02   0.000000e+00     80s
   14720    6.0042173e+11   3.821709e+01   0.000000e+00     86s
   14810    6.0042173e+11   0.000000e+00   0.000000e+00     87s

Solved in 14810 iterations and 86.52 seconds (131.97 work units)
Optimal objective  6.004217265e+11

User-callback calls 14853, time in user-callback 0.06 sec
Gurobi Optimizer version 11.0.3 build v11.0.3rc0 (win64 - Windows 11+.0 (26200.2))

CPU model: 12th Gen Intel(R) Core(TM) i7-1260P, instruction set [SSE2|AVX|AVX2]
Thread count: 12 physical cores, 16 logical processors, using up to 16 threads

Optimize a model with 202254 rows, 211558 columns and 3382682 nonzeros
Coefficient statistics:
  Matrix range     [5e-03, 3e+01]
  Objective range  [3e+02, 2e+09]
  Bounds range     [4e-04, 2e+01]
  RHS range        [6e-02, 1e+03]
Warning: Model contains large objective coefficients
         Consider reformulating model or setting NumericFocus parameter
         to avoid numerical issues.
LP warm-start: use basis

Iteration    Objective       Primal Inf.    Dual Inf.      Time
       0    2.8118966e+24   1.019737e+31   3.971583e-06      0s
    1130    6.0044489e+11   8.622660e+04   0.000000e+00      5s
    2080    6.0044578e+11   4.682402e+05   0.000000e+00     11s
    2790    6.0044580e+11   8.183508e+05   0.000000e+00     15s
    3810    6.0044583e+11   4.659969e+03   0.000000e+00     21s
    4670    6.0044586e+11   5.046249e+04   0.000000e+00     25s
    5640    6.0044598e+11   2.544339e+04   0.000000e+00     30s
    6700    6.0044611e+11   6.923324e+03   0.000000e+00     36s
    7570    6.0044625e+11   5.269554e+03   0.000000e+00     40s
    8520    6.0044630e+11   9.905657e+02   0.000000e+00     45s
    9410    6.0044637e+11   4.051613e+04   0.000000e+00     50s
   10350    6.0044638e+11   2.736576e+02   0.000000e+00     55s
   10506    6.0044639e+11   0.000000e+00   0.000000e+00     56s

Solved in 10506 iterations and 56.41 seconds (90.18 work units)
Optimal objective  6.004463868e+11

User-callback calls 10543, time in user-callback 0.14 sec
Gurobi Optimizer version 11.0.3 build v11.0.3rc0 (win64 - Windows 11+.0 (26200.2))

CPU model: 12th Gen Intel(R) Core(TM) i7-1260P, instruction set [SSE2|AVX|AVX2]
Thread count: 12 physical cores, 16 logical processors, using up to 16 threads

Optimize a model with 202286 rows, 211558 columns and 3414443 nonzeros
Coefficient statistics:
  Matrix range     [5e-03, 3e+01]
  Objective range  [3e+02, 2e+09]
  Bounds range     [4e-04, 2e+01]
  RHS range        [6e-02, 1e+03]
Warning: Model contains large objective coefficients
         Consider reformulating model or setting NumericFocus parameter
         to avoid numerical issues.
LP warm-start: use basis

Iteration    Objective       Primal Inf.    Dual Inf.      Time
       0    5.7869797e+24   7.473738e+31   4.707708e-05      0s
     980    6.0045251e+11   7.767055e+03   0.000000e+00      5s
    1830    6.0045251e+11   1.176091e+03   0.000000e+00     10s
    2690    6.0045253e+11   3.156342e+02   0.000000e+00     15s
    3540    6.0045254e+11   8.605610e+01   0.000000e+00     20s
    3825    6.0045254e+11   0.000000e+00   0.000000e+00     22s

Solved in 3825 iterations and 22.22 seconds (35.11 work units)
Optimal objective  6.004525395e+11
Warning: unscaled dual violation = 8.34465e-06 and residual = 8.34605e-06

User-callback calls 3856, time in user-callback 0.01 sec
Gurobi Optimizer version 11.0.3 build v11.0.3rc0 (win64 - Windows 11+.0 (26200.2))

CPU model: 12th Gen Intel(R) Core(TM) i7-1260P, instruction set [SSE2|AVX|AVX2]
Thread count: 12 physical cores, 16 logical processors, using up to 16 threads

Optimize a model with 202318 rows, 211558 columns and 3506010 nonzeros
Coefficient statistics:
  Matrix range     [5e-03, 3e+01]
  Objective range  [3e+02, 2e+09]
  Bounds range     [4e-04, 2e+01]
  RHS range        [5e-02, 1e+03]
Warning: Model contains large objective coefficients
         Consider reformulating model or setting NumericFocus parameter
         to avoid numerical issues.
LP warm-start: use basis

Iteration    Objective       Primal Inf.    Dual Inf.      Time
       0   -9.5757428e+24   4.116138e+32   1.110748e-05      0s
     990    6.0046399e+11   1.672110e+05   0.000000e+00      5s
    2140    6.0046425e+11   4.118030e+04   0.000000e+00     11s
    3230    6.0046489e+11   8.112607e+05   0.000000e+00     16s
    4210    6.0046529e+11   3.816914e+03   0.000000e+00     21s
    5120    6.0046533e+11   1.486395e+04   0.000000e+00     25s
    6130    6.0046541e+11   2.264237e+05   0.000000e+00     30s
    7130    6.0046554e+11   1.921741e+05   0.000000e+00     35s
    8080    6.0046561e+11   1.480634e+03   0.000000e+00     40s
    9000    6.0046563e+11   7.985777e+02   0.000000e+00     45s
    9738    6.0046564e+11   0.000000e+00   0.000000e+00     49s

Solved in 9738 iterations and 49.16 seconds (84.14 work units)
Optimal objective  6.004656443e+11

User-callback calls 9773, time in user-callback 0.04 sec
Gurobi Optimizer version 11.0.3 build v11.0.3rc0 (win64 - Windows 11+.0 (26200.2))

CPU model: 12th Gen Intel(R) Core(TM) i7-1260P, instruction set [SSE2|AVX|AVX2]
Thread count: 12 physical cores, 16 logical processors, using up to 16 threads

Optimize a model with 202350 rows, 211558 columns and 3587280 nonzeros
Coefficient statistics:
  Matrix range     [5e-03, 3e+01]
  Objective range  [3e+02, 2e+09]
  Bounds range     [4e-04, 2e+01]
  RHS range        [5e-02, 1e+03]
Warning: Model contains large objective coefficients
         Consider reformulating model or setting NumericFocus parameter
         to avoid numerical issues.
LP warm-start: use basis

Iteration    Objective       Primal Inf.    Dual Inf.      Time
       0   -2.3871330e+25   1.172969e+33   1.655676e-05      0s
    1090    6.0046663e+11   2.033354e+05   0.000000e+00      5s
    2090    6.0046703e+11   5.319057e+03   0.000000e+00     10s
    3030    6.0046708e+11   1.909835e+06   0.000000e+00     15s
    3950    6.0046716e+11   5.398722e+04   0.000000e+00     20s
    4860    6.0046723e+11   2.394324e+06   0.000000e+00     25s
    5780    6.0046754e+11   1.607257e+03   0.000000e+00     30s
    6680    6.0046759e+11   2.164898e+02   0.000000e+00     36s
    6759    6.0046759e+11   0.000000e+00   0.000000e+00     37s

Solved in 6759 iterations and 36.50 seconds (60.23 work units)
Optimal objective  6.004675885e+11
Warning: unscaled dual violation = 9.55733e-05 and residual = 2.02982e-06

User-callback calls 6794, time in user-callback 0.03 sec
Gurobi Optimizer version 11.0.3 build v11.0.3rc0 (win64 - Windows 11+.0 (26200.2))

CPU model: 12th Gen Intel(R) Core(TM) i7-1260P, instruction set [SSE2|AVX|AVX2]
Thread count: 12 physical cores, 16 logical processors, using up to 16 threads

Optimize a model with 202382 rows, 211558 columns and 3648705 nonzeros
Coefficient statistics:
  Matrix range     [5e-03, 3e+01]
  Objective range  [3e+02, 2e+09]
  Bounds range     [4e-04, 2e+01]
  RHS range        [5e-02, 1e+03]
Warning: Model contains large objective coefficients
         Consider reformulating model or setting NumericFocus parameter
         to avoid numerical issues.
LP warm-start: use basis

Iteration    Objective       Primal Inf.    Dual Inf.      Time
       0   -6.1524242e+26   3.219353e+33   7.338630e-04      0s
    1275    6.0047199e+11   1.631261e+05   0.000000e+00      6s
    1935    6.0047214e+11   1.762777e+05   0.000000e+00     10s
    2745    6.0047233e+11   2.583089e+04   0.000000e+00     15s
    3515    6.0047241e+11   1.975014e+03   0.000000e+00     20s
    4335    6.0047277e+11   9.702889e+04   0.000000e+00     26s
    5105    6.0047314e+11   7.977336e+05   0.000000e+00     31s
    5965    6.0047325e+11   3.221161e+03   0.000000e+00     36s
    6785    6.0047371e+11   1.403410e+05   0.000000e+00     41s
    7555    6.0047390e+11   4.192380e+05   0.000000e+00     46s
    8175    6.0047411e+11   6.685155e+03   0.000000e+00     51s
    8945    6.0047458e+11   9.749450e+04   0.000000e+00     56s
    9745    6.0047480e+11   5.874532e+04   0.000000e+00     61s
   10485    6.0047484e+11   5.392550e+05   0.000000e+00     66s
Warning: 1 variables dropped from basis
Warning: switch to quad precision
   11034    6.0047488e+11   3.228460e+04   0.000000e+00     71s
   11534    6.0047494e+11   4.617655e+03   0.000000e+00     75s
   12024    6.0047496e+11   1.625592e+04   0.000000e+00     80s
   12554    6.0047537e+11   7.336019e+05   0.000000e+00     85s
   13094    6.0047554e+11   1.375356e+03   0.000000e+00     90s
   13624    6.0047561e+11   1.028815e+02   0.000000e+00     95s
   14114    6.0047562e+11   0.000000e+00   0.000000e+00    100s

Solved in 14114 iterations and 99.88 seconds (152.61 work units)
Optimal objective  6.004756201e+11

User-callback calls 14162, time in user-callback 0.14 sec
Gurobi Optimizer version 11.0.3 build v11.0.3rc0 (win64 - Windows 11+.0 (26200.2))

CPU model: 12th Gen Intel(R) Core(TM) i7-1260P, instruction set [SSE2|AVX|AVX2]
Thread count: 12 physical cores, 16 logical processors, using up to 16 threads

Optimize a model with 202414 rows, 211558 columns and 3713540 nonzeros
Coefficient statistics:
  Matrix range     [5e-03, 3e+01]
  Objective range  [3e+02, 2e+09]
  Bounds range     [4e-04, 2e+01]
  RHS range        [5e-02, 1e+03]
Warning: Model contains large objective coefficients
         Consider reformulating model or setting NumericFocus parameter
         to avoid numerical issues.
LP warm-start: use basis

Iteration    Objective       Primal Inf.    Dual Inf.      Time
       0   -1.0517501e+25   5.069567e+32   2.483027e-05      0s
    1060    6.0047851e+11   3.145212e+04   0.000000e+00      5s
    2020    6.0047894e+11   8.217078e+04   0.000000e+00     10s
    2930    6.0047898e+11   4.250874e+04   0.000000e+00     16s
    3710    6.0047945e+11   6.316963e+05   0.000000e+00     20s
    4590    6.0047960e+11   3.191319e+04   0.000000e+00     25s
    5520    6.0047971e+11   2.535974e+03   0.000000e+00     31s
    6290    6.0047978e+11   2.145285e+02   0.000000e+00     35s
    6499    6.0047978e+11   0.000000e+00   0.000000e+00     37s

Solved in 6499 iterations and 36.63 seconds (58.96 work units)
Optimal objective  6.004797840e+11

User-callback calls 6531, time in user-callback 0.07 sec
Gurobi Optimizer version 11.0.3 build v11.0.3rc0 (win64 - Windows 11+.0 (26200.2))

CPU model: 12th Gen Intel(R) Core(TM) i7-1260P, instruction set [SSE2|AVX|AVX2]
Thread count: 12 physical cores, 16 logical processors, using up to 16 threads

Optimize a model with 202446 rows, 211558 columns and 3815120 nonzeros
Coefficient statistics:
  Matrix range     [5e-03, 3e+01]
  Objective range  [3e+02, 2e+09]
  Bounds range     [4e-04, 2e+01]
  RHS range        [5e-02, 1e+03]
Warning: Model contains large objective coefficients
         Consider reformulating model or setting NumericFocus parameter
         to avoid numerical issues.
LP warm-start: use basis

Iteration    Objective       Primal Inf.    Dual Inf.      Time
       0   -2.9678877e+25   2.427842e+32   1.256338e-04      0s
     980    6.0048418e+11   1.863078e+04   0.000000e+00      6s
    1790    6.0048427e+11   2.633652e+04   0.000000e+00     10s
    2890    6.0048438e+11   2.872268e+04   0.000000e+00     16s
    3660    6.0048447e+11   2.254519e+04   0.000000e+00     20s
Warning: Markowitz tolerance tightened to 0.0625
    4590    6.0048502e+11   9.754186e+04   0.000000e+00     25s
    5550    6.0048520e+11   5.103096e+04   0.000000e+00     30s
    6470    6.0048539e+11   2.967584e+03   0.000000e+00     36s
    7260    6.0048545e+11   6.742813e+05   0.000000e+00     40s
    8180    6.0048551e+11   7.073703e+03   0.000000e+00     45s
    8960    6.0048554e+11   8.385534e+03   0.000000e+00     50s
    9810    6.0048556e+11   6.065566e+02   0.000000e+00     55s
    9920    6.0048556e+11   0.000000e+00   0.000000e+00     56s

Solved in 9920 iterations and 56.18 seconds (94.23 work units)
Optimal objective  6.004855569e+11

User-callback calls 9957, time in user-callback 0.05 sec
Gurobi Optimizer version 11.0.3 build v11.0.3rc0 (win64 - Windows 11+.0 (26200.2))

CPU model: 12th Gen Intel(R) Core(TM) i7-1260P, instruction set [SSE2|AVX|AVX2]
Thread count: 12 physical cores, 16 logical processors, using up to 16 threads

Optimize a model with 202478 rows, 211558 columns and 3904148 nonzeros
Coefficient statistics:
  Matrix range     [5e-03, 3e+01]
  Objective range  [3e+02, 2e+09]
  Bounds range     [4e-04, 2e+01]
  RHS range        [5e-02, 1e+03]
Warning: Model contains large objective coefficients
         Consider reformulating model or setting NumericFocus parameter
         to avoid numerical issues.
LP warm-start: use basis

Iteration    Objective       Primal Inf.    Dual Inf.      Time
       0    1.0065297e+26   6.082857e+32   1.831587e-04      0s
     890    6.0048676e+11   1.410915e+04   0.000000e+00      5s
    1680    6.0048685e+11   1.317571e+04   0.000000e+00     10s
    2450    6.0048692e+11   2.651082e+03   0.000000e+00     15s
    3240    6.0048702e+11   4.707075e+04   0.000000e+00     20s
    4030    6.0048716e+11   2.044759e+04   0.000000e+00     25s
    4820    6.0048723e+11   1.092657e+05   0.000000e+00     30s
    5560    6.0048736e+11   4.562005e+03   0.000000e+00     35s
    6280    6.0048741e+11   5.656848e+03   0.000000e+00     40s
    7000    6.0048756e+11   1.597259e+05   0.000000e+00     45s
    7640    6.0048765e+11   1.947058e+04   0.000000e+00     50s
    8430    6.0048780e+11   1.075439e+03   0.000000e+00     56s
    9210    6.0048821e+11   8.217075e+03   0.000000e+00     61s
    9810    6.0048823e+11   7.758684e+03   0.000000e+00     65s
   10550    6.0048827e+11   3.951817e+03   0.000000e+00     70s
   11410    6.0048830e+11   1.984073e+03   0.000000e+00     76s
   12130    6.0048830e+11   7.289768e+02   0.000000e+00     80s
   12222    6.0048830e+11   0.000000e+00   0.000000e+00     81s

Solved in 12222 iterations and 81.22 seconds (119.01 work units)
Optimal objective  6.004883047e+11

User-callback calls 12263, time in user-callback 0.06 sec
Gurobi Optimizer version 11.0.3 build v11.0.3rc0 (win64 - Windows 11+.0 (26200.2))

CPU model: 12th Gen Intel(R) Core(TM) i7-1260P, instruction set [SSE2|AVX|AVX2]
Thread count: 12 physical cores, 16 logical processors, using up to 16 threads

Optimize a model with 202510 rows, 211558 columns and 3952837 nonzeros
Coefficient statistics:
  Matrix range     [5e-03, 3e+01]
  Objective range  [3e+02, 2e+09]
  Bounds range     [4e-04, 2e+01]
  RHS range        [5e-02, 1e+03]
Warning: Model contains large objective coefficients
         Consider reformulating model or setting NumericFocus parameter
         to avoid numerical issues.
LP warm-start: use basis

Iteration    Objective       Primal Inf.    Dual Inf.      Time
       0   -1.0761125e+27   1.773260e+32   2.123511e-03      0s
     940    6.0048838e+11   3.637818e+04   0.000000e+00      6s
    1740    6.0049285e+11   9.315662e+04   0.000000e+00     10s
    2690    6.0049365e+11   6.425747e+03   0.000000e+00     16s
    3470    6.0049366e+11   2.866794e+03   0.000000e+00     20s
    4240    6.0049367e+11   2.675695e+02   0.000000e+00     25s
    4750    6.0049367e+11   0.000000e+00   0.000000e+00     29s

Solved in 4750 iterations and 28.68 seconds (46.38 work units)
Optimal objective  6.004936729e+11

User-callback calls 4780, time in user-callback 0.03 sec
Gurobi Optimizer version 11.0.3 build v11.0.3rc0 (win64 - Windows 11+.0 (26200.2))

CPU model: 12th Gen Intel(R) Core(TM) i7-1260P, instruction set [SSE2|AVX|AVX2]
Thread count: 12 physical cores, 16 logical processors, using up to 16 threads

Optimize a model with 202542 rows, 211558 columns and 3983670 nonzeros
Coefficient statistics:
  Matrix range     [5e-03, 3e+01]
  Objective range  [3e+02, 2e+09]
  Bounds range     [4e-04, 2e+01]
  RHS range        [5e-02, 1e+03]
Warning: Model contains large objective coefficients
         Consider reformulating model or setting NumericFocus parameter
         to avoid numerical issues.
LP warm-start: use basis

Iteration    Objective       Primal Inf.    Dual Inf.      Time
       0   -6.3044688e+25   2.270323e+32   9.045236e-05      0s
     526    6.0049368e+11   0.000000e+00   0.000000e+00      3s

Solved in 526 iterations and 3.46 seconds (5.77 work units)
Optimal objective  6.004936756e+11

User-callback calls 556, time in user-callback 0.00 sec
Gurobi Optimizer version 11.0.3 build v11.0.3rc0 (win64 - Windows 11+.0 (26200.2))

CPU model: 12th Gen Intel(R) Core(TM) i7-1260P, instruction set [SSE2|AVX|AVX2]
Thread count: 12 physical cores, 16 logical processors, using up to 16 threads

Optimize a model with 202574 rows, 211558 columns and 4032488 nonzeros
Coefficient statistics:
  Matrix range     [5e-03, 3e+01]
  Objective range  [3e+02, 2e+09]
  Bounds range     [4e-04, 2e+01]
  RHS range        [5e-02, 1e+03]
Warning: Model contains large objective coefficients
         Consider reformulating model or setting NumericFocus parameter
         to avoid numerical issues.
LP warm-start: use basis

Iteration    Objective       Primal Inf.    Dual Inf.      Time
       0   -1.9766582e+25   3.340882e+31   9.182215e-05      0s
     990    6.0051399e+11   1.228077e+04   0.000000e+00      6s
    1620    6.0051402e+11   9.076866e+05   0.000000e+00     10s
    2500    6.0051413e+11   8.546007e+04   0.000000e+00     16s
    3210    6.0051421e+11   1.097568e+05   0.000000e+00     21s
    3940    6.0051435e+11   9.680582e+05   0.000000e+00     26s
    4640    6.0051441e+11   4.434505e+05   0.000000e+00     30s
    5400    6.0051474e+11   5.942181e+05   0.000000e+00     35s
    6320    6.0051514e+11   1.433239e+05   0.000000e+00     41s
    7110    6.0051541e+11   4.744985e+05   0.000000e+00     46s
    7910    6.0051580e+11   5.825281e+05   0.000000e+00     51s
    8700    6.0051605e+11   3.162622e+03   0.000000e+00     55s
    9470    6.0051613e+11   3.257203e+05   0.000000e+00     60s
   10410    6.0051626e+11   5.997595e+03   0.000000e+00     66s
   10880    6.0051626e+11   0.000000e+00   0.000000e+00     69s

Solved in 10880 iterations and 68.92 seconds (108.59 work units)
Optimal objective  6.005162638e+11

User-callback calls 10918, time in user-callback 0.08 sec
Gurobi Optimizer version 11.0.3 build v11.0.3rc0 (win64 - Windows 11+.0 (26200.2))

CPU model: 12th Gen Intel(R) Core(TM) i7-1260P, instruction set [SSE2|AVX|AVX2]
Thread count: 12 physical cores, 16 logical processors, using up to 16 threads

Optimize a model with 202606 rows, 211558 columns and 4120357 nonzeros
Coefficient statistics:
  Matrix range     [5e-03, 3e+01]
  Objective range  [3e+02, 2e+09]
  Bounds range     [4e-04, 2e+01]
  RHS range        [5e-02, 1e+03]
Warning: Model contains large objective coefficients
         Consider reformulating model or setting NumericFocus parameter
         to avoid numerical issues.
LP warm-start: use basis

Iteration    Objective       Primal Inf.    Dual Inf.      Time
       0   -7.3264085e+24   1.365061e+32   1.228903e-05      0s
     920    6.0052499e+11   1.187399e+04   0.000000e+00      5s
    1820    6.0052501e+11   4.288465e+05   0.000000e+00     11s
    2610    6.0052506e+11   3.417407e+04   0.000000e+00     15s
    3560    6.0052510e+11   3.361570e+04   0.000000e+00     21s
    4380    6.0052523e+11   5.203100e+04   0.000000e+00     25s
    5290    6.0052534e+11   7.257578e+04   0.000000e+00     31s
    6070    6.0052540e+11   7.952070e+04   0.000000e+00     36s
    6840    6.0052542e+11   1.618624e+03   0.000000e+00     40s
    7600    6.0052545e+11   1.794960e+03   0.000000e+00     45s
    8480    6.0052546e+11   2.930065e+01   0.000000e+00     50s
    8545    6.0052546e+11   0.000000e+00   0.000000e+00     51s

Solved in 8545 iterations and 50.92 seconds (85.81 work units)
Optimal objective  6.005254583e+11

User-callback calls 8580, time in user-callback 0.12 sec
Gurobi Optimizer version 11.0.3 build v11.0.3rc0 (win64 - Windows 11+.0 (26200.2))

CPU model: 12th Gen Intel(R) Core(TM) i7-1260P, instruction set [SSE2|AVX|AVX2]
Thread count: 12 physical cores, 16 logical processors, using up to 16 threads

Optimize a model with 202638 rows, 211558 columns and 4210242 nonzeros
Coefficient statistics:
  Matrix range     [5e-03, 3e+01]
  Objective range  [3e+02, 2e+09]
  Bounds range     [4e-04, 2e+01]
  RHS range        [5e-02, 1e+03]
Warning: Model contains large objective coefficients
         Consider reformulating model or setting NumericFocus parameter
         to avoid numerical issues.
LP warm-start: use basis

Iteration    Objective       Primal Inf.    Dual Inf.      Time
       0   -3.7868953e+25   4.347849e+32   9.307851e-05      0s
    1040    6.0052967e+11   5.739075e+04   0.000000e+00      6s
    1830    6.0052972e+11   5.950188e+03   0.000000e+00     10s
    2630    6.0052975e+11   7.047071e+03   0.000000e+00     15s
    3470    6.0053004e+11   9.063127e+03   0.000000e+00     20s
    4270    6.0053014e+11   1.455170e+05   0.000000e+00     25s
    5230    6.0053021e+11   1.267440e+04   0.000000e+00     31s
    6040    6.0053031e+11   2.673486e+04   0.000000e+00     36s
    6870    6.0053034e+11   5.867780e+05   0.000000e+00     41s
    7510    6.0053036e+11   4.699343e+03   0.000000e+00     45s
    8290    6.0053037e+11   4.808727e+04   0.000000e+00     51s
    9080    6.0053041e+11   3.287433e+04   0.000000e+00     56s
    9710    6.0053044e+11   4.735418e+04   0.000000e+00     60s
   10490    6.0053045e+11   2.811533e+04   0.000000e+00     65s
   11260    6.0053047e+11   2.119314e+04   0.000000e+00     70s
   12060    6.0053050e+11   6.030641e+06   0.000000e+00     75s
   12800    6.0053051e+11   1.675960e+04   0.000000e+00     80s
   13580    6.0053055e+11   1.576772e+04   0.000000e+00     85s
   14300    6.0053056e+11   1.651947e+04   0.000000e+00     90s
   15080    6.0053059e+11   4.438013e+04   0.000000e+00     96s
   15840    6.0053061e+11   2.005821e+04   0.000000e+00    101s
   16600    6.0053062e+11   2.819309e+04   0.000000e+00    106s
   17230    6.0053062e+11   2.296127e+02   0.000000e+00    110s
   17960    6.0053064e+11   7.220249e+03   0.000000e+00    115s
   18710    6.0053064e+11   2.499804e+02   0.000000e+00    120s
   19440    6.0053065e+11   4.868719e+04   0.000000e+00    125s
   20180    6.0053065e+11   1.127428e+03   0.000000e+00    130s
   20940    6.0053066e+11   5.294063e+03   0.000000e+00    136s
   21690    6.0053066e+11   1.049489e+01   0.000000e+00    141s
   21808    6.0053066e+11   0.000000e+00   0.000000e+00    142s

Solved in 21808 iterations and 141.60 seconds (223.10 work units)
Optimal objective  6.005306581e+11

User-callback calls 21861, time in user-callback 0.13 sec
Gurobi Optimizer version 11.0.3 build v11.0.3rc0 (win64 - Windows 11+.0 (26200.2))

CPU model: 12th Gen Intel(R) Core(TM) i7-1260P, instruction set [SSE2|AVX|AVX2]
Thread count: 12 physical cores, 16 logical processors, using up to 16 threads

Optimize a model with 202670 rows, 211558 columns and 4306158 nonzeros
Coefficient statistics:
  Matrix range     [5e-03, 3e+01]
  Objective range  [3e+02, 2e+09]
  Bounds range     [4e-04, 2e+01]
  RHS range        [5e-02, 1e+03]
Warning: Model contains large objective coefficients
         Consider reformulating model or setting NumericFocus parameter
         to avoid numerical issues.
LP warm-start: use basis

Iteration    Objective       Primal Inf.    Dual Inf.      Time
       0   -1.0027056e+27   5.840244e+32   1.123318e-03      0s
     800    6.0053087e+11   2.411212e+06   0.000000e+00      5s
Warning: Markowitz tolerance tightened to 0.0625
    1590    6.0053158e+11   1.682136e+06   0.000000e+00     11s
    2160    6.0053178e+11   2.420713e+05   0.000000e+00     15s
    2870    6.0053196e+11   4.208577e+06   0.000000e+00     20s
    3590    6.0053321e+11   1.775617e+05   0.000000e+00     25s
    4350    6.0053333e+11   1.210597e+06   0.000000e+00     30s
    5070    6.0053513e+11   1.135685e+06   0.000000e+00     35s
    5830    6.0053574e+11   4.314659e+05   0.000000e+00     41s
    6560    6.0053575e+11   1.368322e+04   0.000000e+00     46s
    7150    6.0053608e+11   7.855364e+02   0.000000e+00     50s
    7533    6.0053611e+11   0.000000e+00   0.000000e+00     53s

Solved in 7533 iterations and 53.11 seconds (82.75 work units)
Optimal objective  6.005361106e+11

User-callback calls 7569, time in user-callback 0.10 sec
Gurobi Optimizer version 11.0.3 build v11.0.3rc0 (win64 - Windows 11+.0 (26200.2))

CPU model: 12th Gen Intel(R) Core(TM) i7-1260P, instruction set [SSE2|AVX|AVX2]
Thread count: 12 physical cores, 16 logical processors, using up to 16 threads

Optimize a model with 202702 rows, 211558 columns and 4386244 nonzeros
Coefficient statistics:
  Matrix range     [5e-03, 3e+01]
  Objective range  [3e+02, 2e+09]
  Bounds range     [4e-04, 2e+01]
  RHS range        [4e-02, 1e+03]
Warning: Model contains large objective coefficients
         Consider reformulating model or setting NumericFocus parameter
         to avoid numerical issues.
LP warm-start: use basis

Iteration    Objective       Primal Inf.    Dual Inf.      Time
       0   -1.4548851e+28   7.640000e+31   6.781011e-03      0s
Warning: Markowitz tolerance tightened to 0.0625
     780    6.0053623e+11   4.073720e+03   0.000000e+00      5s
    1540    6.0053686e+11   7.601298e+04   0.000000e+00     10s
    1843    6.0053687e+11   0.000000e+00   0.000000e+00     12s

Solved in 1843 iterations and 12.39 seconds (20.20 work units)
Optimal objective  6.005368741e+11

User-callback calls 1871, time in user-callback 0.05 sec
Gurobi Optimizer version 11.0.3 build v11.0.3rc0 (win64 - Windows 11+.0 (26200.2))

CPU model: 12th Gen Intel(R) Core(TM) i7-1260P, instruction set [SSE2|AVX|AVX2]
Thread count: 12 physical cores, 16 logical processors, using up to 16 threads

Optimize a model with 202734 rows, 211558 columns and 4425695 nonzeros
Coefficient statistics:
  Matrix range     [5e-03, 3e+01]
  Objective range  [3e+02, 2e+09]
  Bounds range     [4e-04, 2e+01]
  RHS range        [4e-02, 1e+03]
Warning: Model contains large objective coefficients
         Consider reformulating model or setting NumericFocus parameter
         to avoid numerical issues.
LP warm-start: use basis

Iteration    Objective       Primal Inf.    Dual Inf.      Time
       0   -1.5257092e+25   2.479036e+32   4.451176e-05      0s
     900    6.0053704e+11   3.271393e+05   0.000000e+00      6s
    1690    6.0053724e+11   2.500573e+07   0.000000e+00     11s
Warning: Markowitz tolerance tightened to 0.25
    2500    6.0053785e+11   1.344497e+05   0.000000e+00     16s
    3120    6.0053812e+11   1.359898e+06   0.000000e+00     20s
    3920    6.0053896e+11   9.050387e+01   0.000000e+00     25s
    4338    6.0053897e+11   0.000000e+00   0.000000e+00     28s

Solved in 4338 iterations and 28.30 seconds (48.16 work units)
Optimal objective  6.005389659e+11

User-callback calls 4369, time in user-callback 0.04 sec
Gurobi Optimizer version 11.0.3 build v11.0.3rc0 (win64 - Windows 11+.0 (26200.2))

CPU model: 12th Gen Intel(R) Core(TM) i7-1260P, instruction set [SSE2|AVX|AVX2]
Thread count: 12 physical cores, 16 logical processors, using up to 16 threads

Optimize a model with 202766 rows, 211558 columns and 4462186 nonzeros
Coefficient statistics:
  Matrix range     [5e-03, 3e+01]
  Objective range  [3e+02, 2e+09]
  Bounds range     [4e-04, 2e+01]
  RHS range        [4e-02, 1e+03]
Warning: Model contains large objective coefficients
         Consider reformulating model or setting NumericFocus parameter
         to avoid numerical issues.
LP warm-start: use basis

Iteration    Objective       Primal Inf.    Dual Inf.      Time
       0   -4.6156924e+25   1.002916e+32   2.549933e-04      0s
    1005    6.0054035e+11   6.739551e+04   0.000000e+00      5s
    1612    6.0054038e+11   0.000000e+00   0.000000e+00      9s

Solved in 1612 iterations and 8.92 seconds (15.21 work units)
Optimal objective  6.005403777e+11
Warning: unscaled dual violation = 1.97643e-06 and residual = 2.30516e-05

User-callback calls 1640, time in user-callback 0.00 sec
Gurobi Optimizer version 11.0.3 build v11.0.3rc0 (win64 - Windows 11+.0 (26200.2))

CPU model: 12th Gen Intel(R) Core(TM) i7-1260P, instruction set [SSE2|AVX|AVX2]
Thread count: 12 physical cores, 16 logical processors, using up to 16 threads

Optimize a model with 202784 rows, 211558 columns and 4485668 nonzeros
Coefficient statistics:
  Matrix range     [5e-03, 3e+01]
  Objective range  [3e+02, 2e+09]
  Bounds range     [4e-04, 2e+01]
  RHS range        [4e-02, 1e+03]
Warning: Model contains large objective coefficients
         Consider reformulating model or setting NumericFocus parameter
         to avoid numerical issues.
LP warm-start: use basis

Iteration    Objective       Primal Inf.    Dual Inf.      Time
       0   -2.8599959e+24   1.178982e+32   7.963861e-05      0s
     820    6.0054040e+11   7.263995e+00   0.000000e+00      5s
     901    6.0054040e+11   0.000000e+00   0.000000e+00      6s

Solved in 901 iterations and 5.79 seconds (10.46 work units)
Optimal objective  6.005403979e+11

User-callback calls 934, time in user-callback 0.00 sec
Gurobi Optimizer version 11.0.3 build v11.0.3rc0 (win64 - Windows 11+.0 (26200.2))

CPU model: 12th Gen Intel(R) Core(TM) i7-1260P, instruction set [SSE2|AVX|AVX2]
Thread count: 12 physical cores, 16 logical processors, using up to 16 threads

Optimize a model with 202788 rows, 211558 columns and 4498156 nonzeros
Coefficient statistics:
  Matrix range     [5e-03, 3e+01]
  Objective range  [3e+02, 2e+09]
  Bounds range     [4e-04, 2e+01]
  RHS range        [4e-02, 1e+03]
Warning: Model contains large objective coefficients
         Consider reformulating model or setting NumericFocus parameter
         to avoid numerical issues.
LP warm-start: use basis

Iteration    Objective       Primal Inf.    Dual Inf.      Time
       0   -4.0277832e+25   2.396342e+32   1.154117e-04      0s
     421    6.0054040e+11   0.000000e+00   0.000000e+00      3s

Solved in 421 iterations and 2.89 seconds (6.01 work units)
Optimal objective  6.005403979e+11
Warning: unscaled dual violation = 4.13453e-06 and residual = 1.83757e-05

User-callback calls 478, time in user-callback 0.00 sec
Gurobi Optimizer version 11.0.3 build v11.0.3rc0 (win64 - Windows 11+.0 (26200.2))

CPU model: 12th Gen Intel(R) Core(TM) i7-1260P, instruction set [SSE2|AVX|AVX2]
Thread count: 12 physical cores, 16 logical processors, using up to 16 threads

Optimize a model with 202789 rows, 211558 columns and 4498522 nonzeros
Coefficient statistics:
  Matrix range     [5e-03, 3e+01]
  Objective range  [3e+02, 2e+09]
  Bounds range     [4e-04, 2e+01]
  RHS range        [4e-02, 1e+03]
Warning: Model contains large objective coefficients
         Consider reformulating model or setting NumericFocus parameter
         to avoid numerical issues.
LP warm-start: use basis

Iteration    Objective       Primal Inf.    Dual Inf.      Time
       0   -1.3399092e+24   6.587212e+31   6.197373e-05      0s
     412    6.0054040e+11   0.000000e+00   0.000000e+00      3s

Solved in 412 iterations and 2.96 seconds (4.86 work units)
Optimal objective  6.005403979e+11

User-callback calls 437, time in user-callback 0.02 sec
Gurobi Optimizer version 11.0.3 build v11.0.3rc0 (win64 - Windows 11+.0 (26200.2))

CPU model: 12th Gen Intel(R) Core(TM) i7-1260P, instruction set [SSE2|AVX|AVX2]
Thread count: 12 physical cores, 16 logical processors, using up to 16 threads

Optimize a model with 202790 rows, 211558 columns and 4498527 nonzeros
Coefficient statistics:
  Matrix range     [5e-03, 3e+01]
  Objective range  [3e+02, 2e+09]
  Bounds range     [4e-04, 2e+01]
  RHS range        [4e-02, 1e+03]
Warning: Model contains large objective coefficients
         Consider reformulating model or setting NumericFocus parameter
         to avoid numerical issues.
LP warm-start: use basis

Iteration    Objective       Primal Inf.    Dual Inf.      Time
       0   -1.8789195e+25   8.555402e+31   8.562580e-06      0s
     344    6.0054040e+11   0.000000e+00   0.000000e+00      3s

Solved in 344 iterations and 2.57 seconds (3.78 work units)
Optimal objective  6.005403979e+11

User-callback calls 369, time in user-callback 0.00 sec
Gurobi Optimizer version 11.0.3 build v11.0.3rc0 (win64 - Windows 11+.0 (26200.2))

CPU model: 12th Gen Intel(R) Core(TM) i7-1260P, instruction set [SSE2|AVX|AVX2]
Thread count: 12 physical cores, 16 logical processors, using up to 16 threads

Optimize a model with 202791 rows, 211558 columns and 4498532 nonzeros
Coefficient statistics:
  Matrix range     [5e-03, 3e+01]
  Objective range  [3e+02, 2e+09]
  Bounds range     [4e-04, 2e+01]
  RHS range        [4e-02, 1e+03]
Warning: Model contains large objective coefficients
         Consider reformulating model or setting NumericFocus parameter
         to avoid numerical issues.
LP warm-start: use basis

Iteration    Objective       Primal Inf.    Dual Inf.      Time
       0   -1.6295407e+25   1.148462e+32   2.156432e-05      0s
Warning: Markowitz tolerance tightened to 0.0625
     430    6.0054040e+11   0.000000e+00   0.000000e+00      3s

Solved in 430 iterations and 3.33 seconds (5.07 work units)
Optimal objective  6.005403979e+11

User-callback calls 458, time in user-callback 0.00 sec
