
Gurobi 11.0.3 (win64) logging started Wed Aug  5 21:19:45 2026

Set parameter LogFile to value "scenarios/B_med/2045\gurobi_logfile.log"
Set parameter MIPGap to value 0.01
Set parameter TimeLimit to value 84600

Gurobi 11.0.3 (win64) logging started Wed Aug  5 21:19:45 2026

Set parameter LogFile to value "scenarios/B_med/2045\gurobi_logfile.log"
Gurobi Optimizer version 11.0.3 build v11.0.3rc0 (win64 - Windows 11+.0 (26200.2))

CPU model: 12th Gen Intel(R) Core(TM) i7-1260P, instruction set [SSE2|AVX|AVX2]
Thread count: 12 physical cores, 16 logical processors, using up to 16 threads

Optimize a model with 201230 rows, 211558 columns and 645558 nonzeros
Model fingerprint: 0x51abd625
Coefficient statistics:
  Matrix range     [6e-01, 3e+00]
  Objective range  [3e+02, 2e+09]
  Bounds range     [4e-04, 2e+01]
  RHS range        [1e+00, 1e+03]
Warning: Model contains large objective coefficients
         Consider reformulating model or setting NumericFocus parameter
         to avoid numerical issues.
Presolve removed 153206 rows and 65166 columns
Presolve time: 0.17s
Presolved: 48024 rows, 146392 columns, 288392 nonzeros

Concurrent LP optimizer: primal simplex, dual simplex, and barrier
Showing barrier log only...

Ordering time: 0.00s

Barrier statistics:
 AA' NZ     : 4.700e+01
 Factor NZ  : 6.660e+02 (roughly 2 MB of memory)
 Factor Ops : 1.252e+04 (less than 1 second per iteration)
 Threads    : 1

Barrier performed 0 iterations in 0.21 seconds (0.29 work units)
Barrier solve interrupted - model solved by another algorithm


Solved with dual simplex
Iteration    Objective       Primal Inf.    Dual Inf.      Time
      63    5.9772772e+11   0.000000e+00   0.000000e+00      0s

Use crossover to convert LP symmetric solution to basic solution...
Crossover log...

       0 DPushes remaining with DInf 0.0000000e+00                 0s

   41985 PPushes remaining with PInf 0.0000000e+00                 0s
       0 PPushes remaining with PInf 0.0000000e+00                 1s

  Push phase complete: Pinf 0.0000000e+00, Dinf 7.1469694e-06      1s

Iteration    Objective       Primal Inf.    Dual Inf.      Time
   50065    5.9772772e+11   0.000000e+00   0.000000e+00      1s
   50065    5.9772772e+11   0.000000e+00   0.000000e+00      1s

Solved in 50065 iterations and 1.18 seconds (1.52 work units)
Optimal objective  5.977277245e+11

User-callback calls 50618, time in user-callback 0.01 sec
Gurobi Optimizer version 11.0.3 build v11.0.3rc0 (win64 - Windows 11+.0 (26200.2))

CPU model: 12th Gen Intel(R) Core(TM) i7-1260P, instruction set [SSE2|AVX|AVX2]
Thread count: 12 physical cores, 16 logical processors, using up to 16 threads

Optimize a model with 201262 rows, 211558 columns and 777680 nonzeros
Coefficient statistics:
  Matrix range     [5e-03, 8e+00]
  Objective range  [3e+02, 2e+09]
  Bounds range     [4e-04, 2e+01]
  RHS range        [1e+00, 1e+03]
Warning: Model contains large objective coefficients
         Consider reformulating model or setting NumericFocus parameter
         to avoid numerical issues.
LP warm-start: use basis

Iteration    Objective       Primal Inf.    Dual Inf.      Time
       0    5.9772772e+11   2.331567e+02   0.000000e+00      0s
    3354    5.9886017e+11   0.000000e+00   0.000000e+00      2s

Solved in 3354 iterations and 2.10 seconds (2.82 work units)
Optimal objective  5.988601675e+11

User-callback calls 3379, time in user-callback 0.01 sec
Gurobi Optimizer version 11.0.3 build v11.0.3rc0 (win64 - Windows 11+.0 (26200.2))

CPU model: 12th Gen Intel(R) Core(TM) i7-1260P, instruction set [SSE2|AVX|AVX2]
Thread count: 12 physical cores, 16 logical processors, using up to 16 threads

Optimize a model with 201294 rows, 211558 columns and 920578 nonzeros
Coefficient statistics:
  Matrix range     [5e-03, 2e+01]
  Objective range  [3e+02, 2e+09]
  Bounds range     [4e-04, 2e+01]
  RHS range        [1e-01, 1e+03]
Warning: Model contains large objective coefficients
         Consider reformulating model or setting NumericFocus parameter
         to avoid numerical issues.
LP warm-start: use basis

Iteration    Objective       Primal Inf.    Dual Inf.      Time
       0    5.9886017e+11   4.563889e+02   0.000000e+00      0s
    3174    5.9891845e+11   0.000000e+00   0.000000e+00      3s

Solved in 3174 iterations and 2.75 seconds (4.77 work units)
Optimal objective  5.989184451e+11

User-callback calls 3199, time in user-callback 0.01 sec
Gurobi Optimizer version 11.0.3 build v11.0.3rc0 (win64 - Windows 11+.0 (26200.2))

CPU model: 12th Gen Intel(R) Core(TM) i7-1260P, instruction set [SSE2|AVX|AVX2]
Thread count: 12 physical cores, 16 logical processors, using up to 16 threads

Optimize a model with 201326 rows, 211558 columns and 1044385 nonzeros
Coefficient statistics:
  Matrix range     [5e-03, 2e+01]
  Objective range  [3e+02, 2e+09]
  Bounds range     [4e-04, 2e+01]
  RHS range        [1e-01, 1e+03]
Warning: Model contains large objective coefficients
         Consider reformulating model or setting NumericFocus parameter
         to avoid numerical issues.
LP warm-start: use basis

Iteration    Objective       Primal Inf.    Dual Inf.      Time
       0    5.9891845e+11   2.826475e+02   0.000000e+00      0s
    3316    5.9916845e+11   0.000000e+00   0.000000e+00      2s

Solved in 3316 iterations and 2.39 seconds (3.88 work units)
Optimal objective  5.991684547e+11

User-callback calls 3341, time in user-callback 0.00 sec
Gurobi Optimizer version 11.0.3 build v11.0.3rc0 (win64 - Windows 11+.0 (26200.2))

CPU model: 12th Gen Intel(R) Core(TM) i7-1260P, instruction set [SSE2|AVX|AVX2]
Thread count: 12 physical cores, 16 logical processors, using up to 16 threads

Optimize a model with 201358 rows, 211558 columns and 1128394 nonzeros
Coefficient statistics:
  Matrix range     [5e-03, 2e+01]
  Objective range  [3e+02, 2e+09]
  Bounds range     [4e-04, 2e+01]
  RHS range        [1e-01, 1e+03]
Warning: Model contains large objective coefficients
         Consider reformulating model or setting NumericFocus parameter
         to avoid numerical issues.
LP warm-start: use basis

Iteration    Objective       Primal Inf.    Dual Inf.      Time
       0    5.9916845e+11   1.605459e+02   0.000000e+00      0s
    1951    5.9948961e+11   0.000000e+00   0.000000e+00      2s

Solved in 1951 iterations and 1.50 seconds (2.14 work units)
Optimal objective  5.994896097e+11

User-callback calls 1976, time in user-callback 0.00 sec
Gurobi Optimizer version 11.0.3 build v11.0.3rc0 (win64 - Windows 11+.0 (26200.2))

CPU model: 12th Gen Intel(R) Core(TM) i7-1260P, instruction set [SSE2|AVX|AVX2]
Thread count: 12 physical cores, 16 logical processors, using up to 16 threads

Optimize a model with 201390 rows, 211558 columns and 1229092 nonzeros
Coefficient statistics:
  Matrix range     [5e-03, 2e+01]
  Objective range  [3e+02, 2e+09]
  Bounds range     [4e-04, 2e+01]
  RHS range        [1e-01, 1e+03]
Warning: Model contains large objective coefficients
         Consider reformulating model or setting NumericFocus parameter
         to avoid numerical issues.
LP warm-start: use basis

Iteration    Objective       Primal Inf.    Dual Inf.      Time
       0    5.9948961e+11   1.619340e+02   0.000000e+00      0s
    6090    5.9966012e+11   3.092019e+03   0.000000e+00      5s
    8461    5.9966141e+11   0.000000e+00   0.000000e+00      9s

Solved in 8461 iterations and 9.32 seconds (14.30 work units)
Optimal objective  5.996614141e+11

User-callback calls 8487, time in user-callback 0.03 sec
Gurobi Optimizer version 11.0.3 build v11.0.3rc0 (win64 - Windows 11+.0 (26200.2))

CPU model: 12th Gen Intel(R) Core(TM) i7-1260P, instruction set [SSE2|AVX|AVX2]
Thread count: 12 physical cores, 16 logical processors, using up to 16 threads

Optimize a model with 201422 rows, 211558 columns and 1382099 nonzeros
Coefficient statistics:
  Matrix range     [5e-03, 2e+01]
  Objective range  [3e+02, 2e+09]
  Bounds range     [4e-04, 2e+01]
  RHS range        [1e-01, 1e+03]
Warning: Model contains large objective coefficients
         Consider reformulating model or setting NumericFocus parameter
         to avoid numerical issues.
LP warm-start: use basis

Iteration    Objective       Primal Inf.    Dual Inf.      Time
       0    5.9966141e+11   1.338590e+02   0.000000e+00      0s
    4645    5.9976017e+11   0.000000e+00   0.000000e+00      5s

Solved in 4645 iterations and 4.98 seconds (8.48 work units)
Optimal objective  5.997601700e+11

User-callback calls 4670, time in user-callback 0.02 sec
Gurobi Optimizer version 11.0.3 build v11.0.3rc0 (win64 - Windows 11+.0 (26200.2))

CPU model: 12th Gen Intel(R) Core(TM) i7-1260P, instruction set [SSE2|AVX|AVX2]
Thread count: 12 physical cores, 16 logical processors, using up to 16 threads

Optimize a model with 201454 rows, 211558 columns and 1539620 nonzeros
Coefficient statistics:
  Matrix range     [5e-03, 2e+01]
  Objective range  [3e+02, 2e+09]
  Bounds range     [4e-04, 2e+01]
  RHS range        [1e-01, 1e+03]
Warning: Model contains large objective coefficients
         Consider reformulating model or setting NumericFocus parameter
         to avoid numerical issues.
LP warm-start: use basis

Iteration    Objective       Primal Inf.    Dual Inf.      Time
       0    5.9976017e+11   9.425690e+01   0.000000e+00      0s
    1485    5.9979957e+11   0.000000e+00   0.000000e+00      3s

Solved in 1485 iterations and 2.59 seconds (4.17 work units)
Optimal objective  5.997995726e+11

User-callback calls 1510, time in user-callback 0.01 sec
Gurobi Optimizer version 11.0.3 build v11.0.3rc0 (win64 - Windows 11+.0 (26200.2))

CPU model: 12th Gen Intel(R) Core(TM) i7-1260P, instruction set [SSE2|AVX|AVX2]
Thread count: 12 physical cores, 16 logical processors, using up to 16 threads

Optimize a model with 201486 rows, 211558 columns and 1592159 nonzeros
Coefficient statistics:
  Matrix range     [5e-03, 2e+01]
  Objective range  [3e+02, 2e+09]
  Bounds range     [4e-04, 2e+01]
  RHS range        [1e-01, 1e+03]
Warning: Model contains large objective coefficients
         Consider reformulating model or setting NumericFocus parameter
         to avoid numerical issues.
LP warm-start: use basis

Iteration    Objective       Primal Inf.    Dual Inf.      Time
       0    5.9979957e+11   1.455349e+02   0.000000e+00      0s
    3260    5.9980852e+11   1.687565e+02   0.000000e+00      5s
    3603    5.9980853e+11   0.000000e+00   0.000000e+00      6s

Solved in 3603 iterations and 6.11 seconds (9.73 work units)
Optimal objective  5.998085264e+11

User-callback calls 3629, time in user-callback 0.02 sec
Gurobi Optimizer version 11.0.3 build v11.0.3rc0 (win64 - Windows 11+.0 (26200.2))

CPU model: 12th Gen Intel(R) Core(TM) i7-1260P, instruction set [SSE2|AVX|AVX2]
Thread count: 12 physical cores, 16 logical processors, using up to 16 threads

Optimize a model with 201518 rows, 211558 columns and 1695733 nonzeros
Coefficient statistics:
  Matrix range     [5e-03, 2e+01]
  Objective range  [3e+02, 2e+09]
  Bounds range     [4e-04, 2e+01]
  RHS range        [1e-01, 1e+03]
Warning: Model contains large objective coefficients
         Consider reformulating model or setting NumericFocus parameter
         to avoid numerical issues.
LP warm-start: use basis

Iteration    Objective       Primal Inf.    Dual Inf.      Time
       0    5.9980853e+11   8.240339e+01   0.000000e+00      0s
    3790    5.9982542e+11   8.662511e+05   0.000000e+00      5s
Warning: Markowitz tolerance tightened to 0.0625
    6430    5.9982592e+11   8.500384e+10   0.000000e+00     10s
Warning: Markowitz tolerance tightened to 0.25
    9230    5.9982680e+11   9.601856e+05   0.000000e+00     15s
   11960    5.9982681e+11   1.566682e+05   0.000000e+00     20s
   13650    5.9982681e+11   2.960603e+04   0.000000e+00     26s
   14870    5.9982683e+11   6.789456e+03   0.000000e+00     30s
   16370    5.9982684e+11   6.841224e+02   0.000000e+00     35s
   17550    5.9982684e+11   3.124437e+02   0.000000e+00     40s
   18710    5.9982684e+11   1.056594e+02   0.000000e+00     45s
   19720    5.9982684e+11   2.145575e+02   0.000000e+00     50s
   19833    5.9982684e+11   0.000000e+00   0.000000e+00     51s

Solved in 19833 iterations and 50.90 seconds (86.44 work units)
Optimal objective  5.998268400e+11

User-callback calls 19870, time in user-callback 0.11 sec
Gurobi Optimizer version 11.0.3 build v11.0.3rc0 (win64 - Windows 11+.0 (26200.2))

CPU model: 12th Gen Intel(R) Core(TM) i7-1260P, instruction set [SSE2|AVX|AVX2]
Thread count: 12 physical cores, 16 logical processors, using up to 16 threads

Optimize a model with 201550 rows, 211558 columns and 1848903 nonzeros
Coefficient statistics:
  Matrix range     [5e-03, 2e+01]
  Objective range  [3e+02, 2e+09]
  Bounds range     [4e-04, 2e+01]
  RHS range        [1e-01, 1e+03]
Warning: Model contains large objective coefficients
         Consider reformulating model or setting NumericFocus parameter
         to avoid numerical issues.
LP warm-start: use basis

Iteration    Objective       Primal Inf.    Dual Inf.      Time
       0    5.9982684e+11   1.067122e+02   0.000000e+00      0s
    2200    5.9986096e+11   9.551440e+04   0.000000e+00      5s
    3600    5.9986171e+11   5.157002e+04   0.000000e+00     10s
    5200    5.9986519e+11   3.533820e+04   0.000000e+00     15s
    7120    5.9986585e+11   7.381539e+03   0.000000e+00     21s
    8830    5.9986708e+11   1.049752e+03   0.000000e+00     25s
   10023    5.9986985e+11   0.000000e+00   0.000000e+00     30s

Solved in 10023 iterations and 30.00 seconds (49.40 work units)
Optimal objective  5.998698492e+11

User-callback calls 10053, time in user-callback 0.06 sec
Gurobi Optimizer version 11.0.3 build v11.0.3rc0 (win64 - Windows 11+.0 (26200.2))

CPU model: 12th Gen Intel(R) Core(TM) i7-1260P, instruction set [SSE2|AVX|AVX2]
Thread count: 12 physical cores, 16 logical processors, using up to 16 threads

Optimize a model with 201582 rows, 211558 columns and 1948981 nonzeros
Coefficient statistics:
  Matrix range     [5e-03, 2e+01]
  Objective range  [3e+02, 2e+09]
  Bounds range     [4e-04, 2e+01]
  RHS range        [1e-01, 1e+03]
Warning: Model contains large objective coefficients
         Consider reformulating model or setting NumericFocus parameter
         to avoid numerical issues.
LP warm-start: use basis

Iteration    Objective       Primal Inf.    Dual Inf.      Time
       0    5.9986985e+11   1.473615e+02   0.000000e+00      0s
    1560    5.9989059e+11   2.098892e+04   0.000000e+00      6s
    2890    5.9989118e+11   8.359824e+02   0.000000e+00     10s
    4070    5.9989119e+11   3.478207e+03   0.000000e+00     15s
    4139    5.9989119e+11   0.000000e+00   0.000000e+00     15s

Solved in 4139 iterations and 15.33 seconds (26.89 work units)
Optimal objective  5.998911922e+11

User-callback calls 4167, time in user-callback 0.03 sec
Gurobi Optimizer version 11.0.3 build v11.0.3rc0 (win64 - Windows 11+.0 (26200.2))

CPU model: 12th Gen Intel(R) Core(TM) i7-1260P, instruction set [SSE2|AVX|AVX2]
Thread count: 12 physical cores, 16 logical processors, using up to 16 threads

Optimize a model with 201614 rows, 211558 columns and 2054420 nonzeros
Coefficient statistics:
  Matrix range     [5e-03, 2e+01]
  Objective range  [3e+02, 2e+09]
  Bounds range     [4e-04, 2e+01]
  RHS range        [1e-01, 1e+03]
Warning: Model contains large objective coefficients
         Consider reformulating model or setting NumericFocus parameter
         to avoid numerical issues.
LP warm-start: use basis

Iteration    Objective       Primal Inf.    Dual Inf.      Time
       0    5.9989119e+11   1.581491e+02   0.000000e+00      0s
    1630    5.9989282e+11   2.252657e+05   0.000000e+00      5s
    3330    5.9989636e+11   1.989638e+05   0.000000e+00     10s
    4730    5.9989764e+11   2.140332e+05   0.000000e+00     15s
    5780    5.9989764e+11   4.056920e+05   0.000000e+00     20s
    6830    5.9989765e+11   1.350372e+05   0.000000e+00     26s
    7900    5.9989765e+11   1.128823e+07   0.000000e+00     30s
    9130    5.9989788e+11   3.658351e+05   0.000000e+00     35s
   10150    5.9989788e+11   2.163940e+06   0.000000e+00     40s
   11300    5.9989789e+11   5.993449e+05   0.000000e+00     46s
   12290    5.9989789e+11   5.398418e+04   0.000000e+00     50s
   13380    5.9989855e+11   4.357707e+05   0.000000e+00     55s
   14370    5.9989856e+11   2.623831e+06   0.000000e+00     60s
   15420    5.9989873e+11   5.869473e+03   0.000000e+00     65s
   16480    5.9989894e+11   1.474057e+04   0.000000e+00     71s
   17410    5.9989926e+11   4.149114e+04   0.000000e+00     75s
   18600    5.9989951e+11   3.306452e+03   0.000000e+00     81s
   19562    5.9989960e+11   0.000000e+00   0.000000e+00     85s

Solved in 19562 iterations and 84.99 seconds (138.38 work units)
Optimal objective  5.998995997e+11

User-callback calls 19604, time in user-callback 0.15 sec
Gurobi Optimizer version 11.0.3 build v11.0.3rc0 (win64 - Windows 11+.0 (26200.2))

CPU model: 12th Gen Intel(R) Core(TM) i7-1260P, instruction set [SSE2|AVX|AVX2]
Thread count: 12 physical cores, 16 logical processors, using up to 16 threads

Optimize a model with 201646 rows, 211558 columns and 2091705 nonzeros
Coefficient statistics:
  Matrix range     [5e-03, 2e+01]
  Objective range  [3e+02, 2e+09]
  Bounds range     [4e-04, 2e+01]
  RHS range        [1e-01, 1e+03]
Warning: Model contains large objective coefficients
         Consider reformulating model or setting NumericFocus parameter
         to avoid numerical issues.
LP warm-start: use basis

Iteration    Objective       Primal Inf.    Dual Inf.      Time
       0   -5.7144419e+24   5.412137e+31   4.729256e-06      0s
    2075    5.9991008e+11   1.616047e+04   0.000000e+00      5s
    3305    5.9991033e+11   1.632385e+02   0.000000e+00     10s
    4123    5.9991033e+11   0.000000e+00   0.000000e+00     14s

Solved in 4123 iterations and 13.83 seconds (23.59 work units)
Optimal objective  5.999103304e+11

User-callback calls 4154, time in user-callback 0.02 sec
Gurobi Optimizer version 11.0.3 build v11.0.3rc0 (win64 - Windows 11+.0 (26200.2))

CPU model: 12th Gen Intel(R) Core(TM) i7-1260P, instruction set [SSE2|AVX|AVX2]
Thread count: 12 physical cores, 16 logical processors, using up to 16 threads

Optimize a model with 201678 rows, 211558 columns and 2150271 nonzeros
Coefficient statistics:
  Matrix range     [5e-03, 2e+01]
  Objective range  [3e+02, 2e+09]
  Bounds range     [4e-04, 2e+01]
  RHS range        [1e-01, 1e+03]
Warning: Model contains large objective coefficients
         Consider reformulating model or setting NumericFocus parameter
         to avoid numerical issues.
LP warm-start: use basis

Iteration    Objective       Primal Inf.    Dual Inf.      Time
       0    5.9991033e+11   1.157101e+02   0.000000e+00      0s
    1883    5.9991522e+11   5.294214e+02   0.000000e+00      5s
    2405    5.9991524e+11   0.000000e+00   0.000000e+00      8s

Solved in 2405 iterations and 7.71 seconds (13.05 work units)
Optimal objective  5.999152380e+11

User-callback calls 2431, time in user-callback 0.02 sec
Gurobi Optimizer version 11.0.3 build v11.0.3rc0 (win64 - Windows 11+.0 (26200.2))

CPU model: 12th Gen Intel(R) Core(TM) i7-1260P, instruction set [SSE2|AVX|AVX2]
Thread count: 12 physical cores, 16 logical processors, using up to 16 threads

Optimize a model with 201710 rows, 211558 columns and 2211559 nonzeros
Coefficient statistics:
  Matrix range     [5e-03, 2e+01]
  Objective range  [3e+02, 2e+09]
  Bounds range     [4e-04, 2e+01]
  RHS range        [1e-01, 1e+03]
Warning: Model contains large objective coefficients
         Consider reformulating model or setting NumericFocus parameter
         to avoid numerical issues.
LP warm-start: use basis

Iteration    Objective       Primal Inf.    Dual Inf.      Time
       0    5.9991524e+11   5.971800e+01   0.000000e+00      0s
    1590    5.9991863e+11   1.468678e+05   0.000000e+00      5s
    2900    5.9991864e+11   8.173915e+04   0.000000e+00     10s
    4180    5.9991865e+11   1.167022e+05   0.000000e+00     15s
    5300    5.9991866e+11   2.680150e+04   0.000000e+00     20s
    6430    5.9991868e+11   1.007889e+02   0.000000e+00     25s
    6797    5.9991878e+11   0.000000e+00   0.000000e+00     27s

Solved in 6797 iterations and 27.07 seconds (45.89 work units)
Optimal objective  5.999187802e+11

User-callback calls 6827, time in user-callback 0.04 sec
Gurobi Optimizer version 11.0.3 build v11.0.3rc0 (win64 - Windows 11+.0 (26200.2))

CPU model: 12th Gen Intel(R) Core(TM) i7-1260P, instruction set [SSE2|AVX|AVX2]
Thread count: 12 physical cores, 16 logical processors, using up to 16 threads

Optimize a model with 201742 rows, 211558 columns and 2270092 nonzeros
Coefficient statistics:
  Matrix range     [5e-03, 2e+01]
  Objective range  [3e+02, 2e+09]
  Bounds range     [4e-04, 2e+01]
  RHS range        [1e-01, 1e+03]
Warning: Model contains large objective coefficients
         Consider reformulating model or setting NumericFocus parameter
         to avoid numerical issues.
LP warm-start: use basis

Iteration    Objective       Primal Inf.    Dual Inf.      Time
       0    5.9991878e+11   6.907783e+01   0.000000e+00      0s
    1850    5.9993057e+11   6.089699e+04   0.000000e+00      5s
    3100    5.9993124e+11   2.634962e+02   0.000000e+00     10s
    3375    5.9993126e+11   0.000000e+00   0.000000e+00     12s

Solved in 3375 iterations and 11.59 seconds (18.99 work units)
Optimal objective  5.999312554e+11

User-callback calls 3402, time in user-callback 0.02 sec
Gurobi Optimizer version 11.0.3 build v11.0.3rc0 (win64 - Windows 11+.0 (26200.2))

CPU model: 12th Gen Intel(R) Core(TM) i7-1260P, instruction set [SSE2|AVX|AVX2]
Thread count: 12 physical cores, 16 logical processors, using up to 16 threads

Optimize a model with 201774 rows, 211558 columns and 2348771 nonzeros
Coefficient statistics:
  Matrix range     [5e-03, 2e+01]
  Objective range  [3e+02, 2e+09]
  Bounds range     [4e-04, 2e+01]
  RHS range        [1e-01, 1e+03]
Warning: Model contains large objective coefficients
         Consider reformulating model or setting NumericFocus parameter
         to avoid numerical issues.
LP warm-start: use basis

Iteration    Objective       Primal Inf.    Dual Inf.      Time
       0    5.9993126e+11   7.590649e+01   0.000000e+00      0s
    1720    6.0002944e+11   6.930031e+05   0.000000e+00      5s
    3340    6.0003142e+11   4.041702e+05   0.000000e+00     10s
    4800    6.0003223e+11   7.608507e+00   0.000000e+00     15s
    4894    6.0003224e+11   0.000000e+00   0.000000e+00     16s

Solved in 4894 iterations and 15.81 seconds (32.86 work units)
Optimal objective  6.000322412e+11

User-callback calls 4923, time in user-callback 0.02 sec
Gurobi Optimizer version 11.0.3 build v11.0.3rc0 (win64 - Windows 11+.0 (26200.2))

CPU model: 12th Gen Intel(R) Core(TM) i7-1260P, instruction set [SSE2|AVX|AVX2]
Thread count: 12 physical cores, 16 logical processors, using up to 16 threads

Optimize a model with 201806 rows, 211558 columns and 2400758 nonzeros
Coefficient statistics:
  Matrix range     [5e-03, 2e+01]
  Objective range  [3e+02, 2e+09]
  Bounds range     [4e-04, 2e+01]
  RHS range        [1e-01, 1e+03]
Warning: Model contains large objective coefficients
         Consider reformulating model or setting NumericFocus parameter
         to avoid numerical issues.
LP warm-start: use basis

Iteration    Objective       Primal Inf.    Dual Inf.      Time
       0    8.6385647e+23   2.362378e+31   1.748558e-06      0s
    2793    5.9989465e+11   4.940865e+01   3.394380e+09      5s
    6913    6.4000503e+11   0.000000e+00   1.198700e+15     10s
   14222    6.0025812e+11   0.000000e+00   7.878861e+10     15s
   18433    6.0008617e+11   0.000000e+00   1.497786e+11     20s
   22526    6.0007501e+11   0.000000e+00   8.815915e+08     25s
   25201    6.0007464e+11   0.000000e+00   0.000000e+00     28s

Solved in 25201 iterations and 27.54 seconds (83.49 work units)
Optimal objective  6.000746354e+11

User-callback calls 25305, time in user-callback 0.05 sec
Gurobi Optimizer version 11.0.3 build v11.0.3rc0 (win64 - Windows 11+.0 (26200.2))

CPU model: 12th Gen Intel(R) Core(TM) i7-1260P, instruction set [SSE2|AVX|AVX2]
Thread count: 12 physical cores, 16 logical processors, using up to 16 threads

Optimize a model with 201838 rows, 211558 columns and 2474141 nonzeros
Coefficient statistics:
  Matrix range     [5e-03, 2e+01]
  Objective range  [3e+02, 2e+09]
  Bounds range     [4e-04, 2e+01]
  RHS range        [1e-01, 1e+03]
Warning: Model contains large objective coefficients
         Consider reformulating model or setting NumericFocus parameter
         to avoid numerical issues.
LP warm-start: use basis

Iteration    Objective       Primal Inf.    Dual Inf.      Time
       0   -4.7934985e+25   1.032047e+32   2.060952e-05      0s
    1490    6.0011176e+11   1.249900e+04   0.000000e+00      5s
    3060    6.0012227e+11   3.343333e+04   0.000000e+00     10s
    4400    6.0012539e+11   6.790804e+03   0.000000e+00     16s
    5270    6.0012582e+11   6.477959e+01   0.000000e+00     20s
    5784    6.0012584e+11   0.000000e+00   0.000000e+00     23s

Solved in 5784 iterations and 23.00 seconds (40.57 work units)
Optimal objective  6.001258403e+11

User-callback calls 5813, time in user-callback 0.03 sec
Gurobi Optimizer version 11.0.3 build v11.0.3rc0 (win64 - Windows 11+.0 (26200.2))

CPU model: 12th Gen Intel(R) Core(TM) i7-1260P, instruction set [SSE2|AVX|AVX2]
Thread count: 12 physical cores, 16 logical processors, using up to 16 threads

Optimize a model with 201870 rows, 211558 columns and 2565762 nonzeros
Coefficient statistics:
  Matrix range     [5e-03, 2e+01]
  Objective range  [3e+02, 2e+09]
  Bounds range     [4e-04, 2e+01]
  RHS range        [1e-01, 1e+03]
Warning: Model contains large objective coefficients
         Consider reformulating model or setting NumericFocus parameter
         to avoid numerical issues.
LP warm-start: use basis

Iteration    Objective       Primal Inf.    Dual Inf.      Time
       0    6.0012584e+11   5.556356e+01   0.000000e+00      0s
    1330    6.0014122e+11   3.023877e+04   0.000000e+00      5s
    2480    6.0014249e+11   9.400537e+04   0.000000e+00     10s
    3490    6.0014585e+11   1.237463e+05   0.000000e+00     16s
    4330    6.0014610e+11   1.402669e+06   0.000000e+00     20s
    5220    6.0014700e+11   2.718193e+05   0.000000e+00     25s
    6220    6.0014763e+11   1.129180e+05   0.000000e+00     31s
    7150    6.0014861e+11   1.521154e+05   0.000000e+00     35s
    8460    6.0014909e+11   8.646807e+04   0.000000e+00     40s
    9510    6.0014991e+11   9.405976e+05   0.000000e+00     45s
   10470    6.0015025e+11   1.734482e+05   0.000000e+00     50s
   11390    6.0015025e+11   9.346628e+03   0.000000e+00     55s
   12380    6.0015038e+11   2.375168e+04   0.000000e+00     61s
   13220    6.0015057e+11   1.016022e+03   0.000000e+00     65s
   14260    6.0015101e+11   3.581062e+03   0.000000e+00     70s
   15159    6.0015105e+11   0.000000e+00   0.000000e+00     75s

Solved in 15159 iterations and 75.31 seconds (116.40 work units)
Optimal objective  6.001510459e+11
Warning: unscaled dual violation = 0.000163948 and residual = 0.00815015

User-callback calls 15201, time in user-callback 0.12 sec
Gurobi Optimizer version 11.0.3 build v11.0.3rc0 (win64 - Windows 11+.0 (26200.2))

CPU model: 12th Gen Intel(R) Core(TM) i7-1260P, instruction set [SSE2|AVX|AVX2]
Thread count: 12 physical cores, 16 logical processors, using up to 16 threads

Optimize a model with 201902 rows, 211558 columns and 2673222 nonzeros
Coefficient statistics:
  Matrix range     [5e-03, 2e+01]
  Objective range  [3e+02, 2e+09]
  Bounds range     [4e-04, 2e+01]
  RHS range        [1e-01, 1e+03]
Warning: Model contains large objective coefficients
         Consider reformulating model or setting NumericFocus parameter
         to avoid numerical issues.
LP warm-start: use basis

Iteration    Objective       Primal Inf.    Dual Inf.      Time
       0   -2.3752199e+24   1.789474e+31   3.286557e-06      0s
    1462    6.0015376e+11   3.579528e+04   0.000000e+00      5s
    2962    6.0015425e+11   9.773369e+04   0.000000e+00     10s
    4162    6.0015446e+11   1.128563e+05   0.000000e+00     15s
    5642    6.0015855e+11   4.452966e+04   0.000000e+00     20s
    6752    6.0016182e+11   1.242780e+03   0.000000e+00     26s
    7602    6.0016208e+11   1.364614e+04   0.000000e+00     30s
    8452    6.0016256e+11   3.859950e+03   0.000000e+00     35s
    9432    6.0016265e+11   1.484019e+03   0.000000e+00     40s
   10412    6.0016283e+11   3.194127e+04   0.000000e+00     46s
   11252    6.0016295e+11   1.877374e+02   0.000000e+00     50s
   11685    6.0016295e+11   0.000000e+00   0.000000e+00     53s

Solved in 11685 iterations and 52.70 seconds (91.80 work units)
Optimal objective  6.001629482e+11

User-callback calls 11724, time in user-callback 0.07 sec
Gurobi Optimizer version 11.0.3 build v11.0.3rc0 (win64 - Windows 11+.0 (26200.2))

CPU model: 12th Gen Intel(R) Core(TM) i7-1260P, instruction set [SSE2|AVX|AVX2]
Thread count: 12 physical cores, 16 logical processors, using up to 16 threads

Optimize a model with 201934 rows, 211558 columns and 2780478 nonzeros
Coefficient statistics:
  Matrix range     [5e-03, 3e+01]
  Objective range  [3e+02, 2e+09]
  Bounds range     [4e-04, 2e+01]
  RHS range        [1e-01, 1e+03]
Warning: Model contains large objective coefficients
         Consider reformulating model or setting NumericFocus parameter
         to avoid numerical issues.
LP warm-start: use basis

Iteration    Objective       Primal Inf.    Dual Inf.      Time
       0    1.5126460e+24   1.600287e+32   8.402498e-06      0s
    1000    6.0018860e+11   8.301223e+03   0.000000e+00      5s
    1950    6.0018984e+11   1.774465e+04   0.000000e+00     11s
    2910    6.0019141e+11   1.414371e+04   0.000000e+00     15s
    3910    6.0019147e+11   1.597939e+05   0.000000e+00     20s
    4900    6.0019152e+11   3.597807e+04   0.000000e+00     26s
    5750    6.0019157e+11   2.112049e+04   0.000000e+00     30s
    6750    6.0019172e+11   5.558906e+03   0.000000e+00     35s
    7760    6.0019183e+11   3.878462e+03   0.000000e+00     41s
    8600    6.0019187e+11   3.190494e+02   0.000000e+00     45s
    9630    6.0019191e+11   1.617557e+04   0.000000e+00     50s
   10391    6.0019193e+11   0.000000e+00   0.000000e+00     54s

Solved in 10391 iterations and 54.06 seconds (83.04 work units)
Optimal objective  6.001919297e+11

User-callback calls 10427, time in user-callback 0.08 sec
Gurobi Optimizer version 11.0.3 build v11.0.3rc0 (win64 - Windows 11+.0 (26200.2))

CPU model: 12th Gen Intel(R) Core(TM) i7-1260P, instruction set [SSE2|AVX|AVX2]
Thread count: 12 physical cores, 16 logical processors, using up to 16 threads

Optimize a model with 201966 rows, 211558 columns and 2835772 nonzeros
Coefficient statistics:
  Matrix range     [5e-03, 3e+01]
  Objective range  [3e+02, 2e+09]
  Bounds range     [4e-04, 2e+01]
  RHS range        [1e-01, 1e+03]
Warning: Model contains large objective coefficients
         Consider reformulating model or setting NumericFocus parameter
         to avoid numerical issues.
LP warm-start: use basis

Iteration    Objective       Primal Inf.    Dual Inf.      Time
       0    6.0019193e+11   6.576489e+01   0.000000e+00      0s
    1450    6.0019624e+11   2.447836e+05   0.000000e+00      5s
    2640    6.0019728e+11   3.968119e+05   0.000000e+00     10s
    3650    6.0019740e+11   4.091044e+05   0.000000e+00     15s
    4690    6.0019750e+11   7.993025e+06   0.000000e+00     20s
    5680    6.0019761e+11   3.292358e+05   0.000000e+00     26s
    6520    6.0019770e+11   1.668492e+05   0.000000e+00     31s
    7410    6.0019806e+11   2.072946e+04   0.000000e+00     35s
    8420    6.0019818e+11   3.305213e+04   0.000000e+00     40s
    9260    6.0019824e+11   8.366374e+04   0.000000e+00     45s
   10240    6.0019832e+11   6.737956e+04   0.000000e+00     51s
   11080    6.0019834e+11   7.200298e+04   0.000000e+00     55s
   11920    6.0019836e+11   1.464750e+04   0.000000e+00     60s
   12900    6.0019838e+11   6.966346e+03   0.000000e+00     65s
   13770    6.0019840e+11   2.182195e+01   0.000000e+00     70s
   14046    6.0019840e+11   0.000000e+00   0.000000e+00     72s

Solved in 14046 iterations and 71.98 seconds (119.43 work units)
Optimal objective  6.001983980e+11
Warning: unscaled dual violation = 3.3416e-06 and residual = 1.2325e-05

User-callback calls 14087, time in user-callback 0.12 sec
Gurobi Optimizer version 11.0.3 build v11.0.3rc0 (win64 - Windows 11+.0 (26200.2))

CPU model: 12th Gen Intel(R) Core(TM) i7-1260P, instruction set [SSE2|AVX|AVX2]
Thread count: 12 physical cores, 16 logical processors, using up to 16 threads

Optimize a model with 201998 rows, 211558 columns and 2904095 nonzeros
Coefficient statistics:
  Matrix range     [5e-03, 3e+01]
  Objective range  [3e+02, 2e+09]
  Bounds range     [4e-04, 2e+01]
  RHS range        [1e-01, 1e+03]
Warning: Model contains large objective coefficients
         Consider reformulating model or setting NumericFocus parameter
         to avoid numerical issues.
LP warm-start: use basis

Iteration    Objective       Primal Inf.    Dual Inf.      Time
       0   -6.7784468e+24   7.740634e+31   8.691342e-06      0s
    1489    6.0016768e+11   1.401286e+01   1.454051e+09      5s
    5812    6.3189738e+11   8.199782e+00   2.107841e+10     10s
    8436    6.0207363e+11   0.000000e+00   1.765826e+12     16s
   11318    6.0078215e+11   0.000000e+00   4.345426e+11     20s
   14947    6.0026364e+11   0.000000e+00   8.346554e+10     25s
   18040    6.0022434e+11   0.000000e+00   2.826370e+09     30s
   22408    6.0021599e+11   0.000000e+00   5.544233e+08     35s
   26879    6.0021510e+11   0.000000e+00   7.460766e+06     40s
   31239    6.0021508e+11   0.000000e+00   0.000000e+00     42s

Solved in 31239 iterations and 42.39 seconds (109.66 work units)
Optimal objective  6.002150772e+11

User-callback calls 31382, time in user-callback 0.07 sec
Gurobi Optimizer version 11.0.3 build v11.0.3rc0 (win64 - Windows 11+.0 (26200.2))

CPU model: 12th Gen Intel(R) Core(TM) i7-1260P, instruction set [SSE2|AVX|AVX2]
Thread count: 12 physical cores, 16 logical processors, using up to 16 threads

Optimize a model with 202030 rows, 211558 columns and 3016069 nonzeros
Coefficient statistics:
  Matrix range     [5e-03, 3e+01]
  Objective range  [3e+02, 2e+09]
  Bounds range     [4e-04, 2e+01]
  RHS range        [1e-01, 1e+03]
Warning: Model contains large objective coefficients
         Consider reformulating model or setting NumericFocus parameter
         to avoid numerical issues.
LP warm-start: use basis

Iteration    Objective       Primal Inf.    Dual Inf.      Time
       0    2.1915912e+24   1.869285e+32   1.069980e-06      0s
    1320    6.0023265e+11   3.818265e+04   0.000000e+00      6s
    2260    6.0023321e+11   4.296951e+05   0.000000e+00     10s
    3290    6.0023375e+11   4.950562e+04   0.000000e+00     15s
    4310    6.0023427e+11   5.017450e+04   0.000000e+00     20s
    5430    6.0023801e+11   1.165140e+05   0.000000e+00     26s
    6330    6.0023853e+11   2.929952e+03   0.000000e+00     30s
    7340    6.0023859e+11   4.921987e+03   0.000000e+00     36s
    8180    6.0023860e+11   9.197956e+03   0.000000e+00     40s
Warning: Markowitz tolerance tightened to 0.0625
    9020    6.0023861e+11   6.608693e+03   0.000000e+00     45s
   10010    6.0023863e+11   2.475401e+03   0.000000e+00     51s
   10400    6.0023864e+11   0.000000e+00   0.000000e+00     53s

Solved in 10400 iterations and 52.72 seconds (86.25 work units)
Optimal objective  6.002386407e+11

User-callback calls 10436, time in user-callback 0.09 sec
Gurobi Optimizer version 11.0.3 build v11.0.3rc0 (win64 - Windows 11+.0 (26200.2))

CPU model: 12th Gen Intel(R) Core(TM) i7-1260P, instruction set [SSE2|AVX|AVX2]
Thread count: 12 physical cores, 16 logical processors, using up to 16 threads

Optimize a model with 202062 rows, 211558 columns and 3082417 nonzeros
Coefficient statistics:
  Matrix range     [5e-03, 3e+01]
  Objective range  [3e+02, 2e+09]
  Bounds range     [4e-04, 2e+01]
  RHS range        [1e-01, 1e+03]
Warning: Model contains large objective coefficients
         Consider reformulating model or setting NumericFocus parameter
         to avoid numerical issues.
LP warm-start: use basis

Iteration    Objective       Primal Inf.    Dual Inf.      Time
       0   -3.2692635e+25   1.744622e+32   1.895223e-05      0s
    1630    6.0025594e+11   5.519219e+04   0.000000e+00      6s
    2890    6.0026070e+11   3.105279e+03   0.000000e+00     10s
    4090    6.0026115e+11   1.630621e+04   0.000000e+00     15s
    5140    6.0026440e+11   2.258511e+06   0.000000e+00     20s
    6190    6.0026504e+11   4.775376e+04   0.000000e+00     25s
    7190    6.0026522e+11   2.104229e+05   0.000000e+00     30s
    8250    6.0026543e+11   1.111426e+05   0.000000e+00     36s
    9220    6.0026555e+11   2.830198e+04   0.000000e+00     41s
   10140    6.0026675e+11   1.192925e+05   0.000000e+00     46s
   10730    6.0026698e+11   9.276457e+03   0.000000e+00     50s
   11310    6.0026700e+11   5.756649e+03   0.000000e+00     55s
   11900    6.0026701e+11   5.064919e+06   0.000000e+00     60s
   12610    6.0026702e+11   8.706074e+03   0.000000e+00     66s
   13180    6.0026702e+11   1.350918e+04   0.000000e+00     71s
   13751    6.0026703e+11   3.623458e+03   0.000000e+00     75s
   14501    6.0026704e+11   9.874679e+03   0.000000e+00     81s
   15261    6.0026705e+11   5.097676e+02   0.000000e+00     86s
   15831    6.0026706e+11   1.978500e+01   0.000000e+00     90s
   16020    6.0026706e+11   0.000000e+00   0.000000e+00     92s

Solved in 16020 iterations and 91.82 seconds (129.82 work units)
Optimal objective  6.002670619e+11

User-callback calls 16063, time in user-callback 0.12 sec
Gurobi Optimizer version 11.0.3 build v11.0.3rc0 (win64 - Windows 11+.0 (26200.2))

CPU model: 12th Gen Intel(R) Core(TM) i7-1260P, instruction set [SSE2|AVX|AVX2]
Thread count: 12 physical cores, 16 logical processors, using up to 16 threads

Optimize a model with 202094 rows, 211558 columns and 3117960 nonzeros
Coefficient statistics:
  Matrix range     [5e-03, 3e+01]
  Objective range  [3e+02, 2e+09]
  Bounds range     [4e-04, 2e+01]
  RHS range        [1e-01, 1e+03]
Warning: Model contains large objective coefficients
         Consider reformulating model or setting NumericFocus parameter
         to avoid numerical issues.
LP warm-start: use basis

Iteration    Objective       Primal Inf.    Dual Inf.      Time
       0    1.3776151e+25   2.632396e+32   1.298661e-05      0s
     910    6.0032674e+11   7.943800e+04   0.000000e+00      5s
Warning: 1 variables dropped from basis
Warning: switch to quad precision
    1440    6.0032675e+11   3.179300e+02   0.000000e+00     11s
    1840    6.0032675e+11   6.042959e+03   0.000000e+00     15s
    2330    6.0032676e+11   9.222637e+03   0.000000e+00     21s
    2690    6.0032678e+11   1.112533e+04   0.000000e+00     26s
    3070    6.0032678e+11   3.677386e+03   0.000000e+00     30s
    3410    6.0032678e+11   6.515317e+02   0.000000e+00     35s
    3770    6.0032679e+11   4.052075e+03   0.000000e+00     40s
    4280    6.0032687e+11   1.053138e+05   0.000000e+00     46s
    4640    6.0032689e+11   7.823573e+03   0.000000e+00     50s
    5250    6.0032691e+11   1.147005e+03   0.000000e+00     56s
    5710    6.0032691e+11   7.019535e+02   0.000000e+00     60s
    6180    6.0032691e+11   2.995345e+03   0.000000e+00     65s
    6750    6.0032691e+11   1.141560e+02   0.000000e+00     71s
    6840    6.0032691e+11   0.000000e+00   0.000000e+00     72s

Solved in 6840 iterations and 71.94 seconds (108.03 work units)
Optimal objective  6.003269111e+11

User-callback calls 6881, time in user-callback 0.06 sec
Gurobi Optimizer version 11.0.3 build v11.0.3rc0 (win64 - Windows 11+.0 (26200.2))

CPU model: 12th Gen Intel(R) Core(TM) i7-1260P, instruction set [SSE2|AVX|AVX2]
Thread count: 12 physical cores, 16 logical processors, using up to 16 threads

Optimize a model with 202126 rows, 211558 columns and 3165959 nonzeros
Coefficient statistics:
  Matrix range     [5e-03, 3e+01]
  Objective range  [3e+02, 2e+09]
  Bounds range     [4e-04, 2e+01]
  RHS range        [1e-01, 1e+03]
Warning: Model contains large objective coefficients
         Consider reformulating model or setting NumericFocus parameter
         to avoid numerical issues.
LP warm-start: use basis

Iteration    Objective       Primal Inf.    Dual Inf.      Time
       0    7.2702365e+25   1.613152e+32   8.088845e-05      0s
     870    6.0034187e+11   2.207737e+02   0.000000e+00      5s
    1100    6.0034187e+11   0.000000e+00   0.000000e+00      7s

Solved in 1100 iterations and 6.86 seconds (8.73 work units)
Optimal objective  6.003418747e+11

User-callback calls 1133, time in user-callback 0.01 sec
Gurobi Optimizer version 11.0.3 build v11.0.3rc0 (win64 - Windows 11+.0 (26200.2))

CPU model: 12th Gen Intel(R) Core(TM) i7-1260P, instruction set [SSE2|AVX|AVX2]
Thread count: 12 physical cores, 16 logical processors, using up to 16 threads

Optimize a model with 202158 rows, 211558 columns and 3217717 nonzeros
Coefficient statistics:
  Matrix range     [5e-03, 3e+01]
  Objective range  [3e+02, 2e+09]
  Bounds range     [4e-04, 2e+01]
  RHS range        [6e-02, 1e+03]
Warning: Model contains large objective coefficients
         Consider reformulating model or setting NumericFocus parameter
         to avoid numerical issues.
LP warm-start: use basis

Iteration    Objective       Primal Inf.    Dual Inf.      Time
       0   -2.9181060e+26   2.281250e+34   1.216680e-04      0s
    1040    6.0037067e+11   8.786133e+04   0.000000e+00      5s
    2050    6.0037088e+11   5.848735e+03   0.000000e+00     10s
    3060    6.0037161e+11   7.537996e+02   0.000000e+00     15s
    3900    6.0037161e+11   1.806153e+03   0.000000e+00     20s
Warning: Markowitz tolerance tightened to 0.03125
    4900    6.0037162e+11   8.620031e+02   0.000000e+00     26s
    5760    6.0037163e+11   9.735857e+02   0.000000e+00     31s
    6640    6.0037163e+11   6.136212e+03   0.000000e+00     35s
    7332    6.0037163e+11   0.000000e+00   0.000000e+00     40s

Solved in 7332 iterations and 39.57 seconds (63.32 work units)
Optimal objective  6.003716308e+11

User-callback calls 7366, time in user-callback 0.04 sec
Gurobi Optimizer version 11.0.3 build v11.0.3rc0 (win64 - Windows 11+.0 (26200.2))

CPU model: 12th Gen Intel(R) Core(TM) i7-1260P, instruction set [SSE2|AVX|AVX2]
Thread count: 12 physical cores, 16 logical processors, using up to 16 threads

Optimize a model with 202190 rows, 211558 columns and 3266805 nonzeros
Coefficient statistics:
  Matrix range     [5e-03, 3e+01]
  Objective range  [3e+02, 2e+09]
  Bounds range     [4e-04, 2e+01]
  RHS range        [6e-02, 1e+03]
Warning: Model contains large objective coefficients
         Consider reformulating model or setting NumericFocus parameter
         to avoid numerical issues.
LP warm-start: use basis

Iteration    Objective       Primal Inf.    Dual Inf.      Time
       0    6.0037163e+11   4.705434e+01   0.000000e+00      0s
    1010    6.0038551e+11   3.462567e+04   0.000000e+00      5s
    1870    6.0038553e+11   1.283857e+04   0.000000e+00     10s
    2720    6.0038554e+11   2.269837e+03   0.000000e+00     15s
    3920    6.0038570e+11   1.748780e+04   0.000000e+00     20s
    5140    6.0038576e+11   6.312414e+03   0.000000e+00     25s
    6310    6.0038580e+11   5.700006e+02   0.000000e+00     30s
    6519    6.0038581e+11   0.000000e+00   0.000000e+00     31s

Solved in 6519 iterations and 31.41 seconds (56.09 work units)
Optimal objective  6.003858054e+11

User-callback calls 6550, time in user-callback 0.04 sec
Gurobi Optimizer version 11.0.3 build v11.0.3rc0 (win64 - Windows 11+.0 (26200.2))

CPU model: 12th Gen Intel(R) Core(TM) i7-1260P, instruction set [SSE2|AVX|AVX2]
Thread count: 12 physical cores, 16 logical processors, using up to 16 threads

Optimize a model with 202222 rows, 211558 columns and 3339658 nonzeros
Coefficient statistics:
  Matrix range     [5e-03, 3e+01]
  Objective range  [3e+02, 2e+09]
  Bounds range     [4e-04, 2e+01]
  RHS range        [6e-02, 1e+03]
Warning: Model contains large objective coefficients
         Consider reformulating model or setting NumericFocus parameter
         to avoid numerical issues.
LP warm-start: use basis

Iteration    Objective       Primal Inf.    Dual Inf.      Time
       0    6.0038581e+11   4.782268e+01   0.000000e+00      0s
    1150    6.0042074e+11   1.040063e+05   0.000000e+00      6s
    2050    6.0042092e+11   1.503352e+05   0.000000e+00     11s
    2950    6.0042102e+11   3.352663e+05   0.000000e+00     16s
    3830    6.0042108e+11   2.026169e+05   0.000000e+00     21s
    4890    6.0042118e+11   2.879386e+04   0.000000e+00     26s
    5790    6.0042123e+11   6.957970e+04   0.000000e+00     31s
    6710    6.0042127e+11   3.599100e+04   0.000000e+00     36s
    7580    6.0042129e+11   1.313395e+04   0.000000e+00     41s
    8350    6.0042134e+11   7.837749e+04   0.000000e+00     45s
    9270    6.0042142e+11   2.362140e+04   0.000000e+00     50s
   10140    6.0042167e+11   1.342912e+05   0.000000e+00     55s
   11010    6.0042168e+11   9.157376e+02   0.000000e+00     60s
   11880    6.0042171e+11   1.022260e+04   0.000000e+00     66s
   12740    6.0042172e+11   1.392955e+03   0.000000e+00     71s
   13450    6.0042172e+11   1.544531e+04   0.000000e+00     75s
   14290    6.0042173e+11   3.292385e+02   0.000000e+00     80s
   14810    6.0042173e+11   0.000000e+00   0.000000e+00     84s

Solved in 14810 iterations and 83.77 seconds (131.97 work units)
Optimal objective  6.004217265e+11

User-callback calls 14852, time in user-callback 0.13 sec
Gurobi Optimizer version 11.0.3 build v11.0.3rc0 (win64 - Windows 11+.0 (26200.2))

CPU model: 12th Gen Intel(R) Core(TM) i7-1260P, instruction set [SSE2|AVX|AVX2]
Thread count: 12 physical cores, 16 logical processors, using up to 16 threads

Optimize a model with 202254 rows, 211558 columns and 3382682 nonzeros
Coefficient statistics:
  Matrix range     [5e-03, 3e+01]
  Objective range  [3e+02, 2e+09]
  Bounds range     [4e-04, 2e+01]
  RHS range        [6e-02, 1e+03]
Warning: Model contains large objective coefficients
         Consider reformulating model or setting NumericFocus parameter
         to avoid numerical issues.
LP warm-start: use basis

Iteration    Objective       Primal Inf.    Dual Inf.      Time
       0    2.8118966e+24   1.019737e+31   3.971583e-06      0s
    1130    6.0044489e+11   8.622660e+04   0.000000e+00      5s
    1940    6.0044578e+11   4.616644e+05   0.000000e+00     11s
    2510    6.0044579e+11   4.934004e+04   0.000000e+00     15s
    3240    6.0044582e+11   4.302327e+04   0.000000e+00     21s
    3950    6.0044583e+11   2.165755e+03   0.000000e+00     26s
    4670    6.0044586e+11   5.046249e+04   0.000000e+00     31s
    5320    6.0044591e+11   9.292069e+03   0.000000e+00     35s
    6120    6.0044610e+11   1.201450e+04   0.000000e+00     40s
    6800    6.0044622e+11   1.690114e+04   0.000000e+00     45s
    7570    6.0044625e+11   5.269554e+03   0.000000e+00     51s
    8360    6.0044629e+11   3.620975e+02   0.000000e+00     56s
    8960    6.0044632e+11   2.336997e+04   0.000000e+00     60s
    9720    6.0044638e+11   8.950401e+03   0.000000e+00     66s
   10350    6.0044638e+11   2.736576e+02   0.000000e+00     70s
   10506    6.0044639e+11   0.000000e+00   0.000000e+00     72s

Solved in 10506 iterations and 71.59 seconds (90.18 work units)
Optimal objective  6.004463868e+11

User-callback calls 10546, time in user-callback 0.10 sec
Gurobi Optimizer version 11.0.3 build v11.0.3rc0 (win64 - Windows 11+.0 (26200.2))

CPU model: 12th Gen Intel(R) Core(TM) i7-1260P, instruction set [SSE2|AVX|AVX2]
Thread count: 12 physical cores, 16 logical processors, using up to 16 threads

Optimize a model with 202286 rows, 211558 columns and 3414443 nonzeros
Coefficient statistics:
  Matrix range     [5e-03, 3e+01]
  Objective range  [3e+02, 2e+09]
  Bounds range     [4e-04, 2e+01]
  RHS range        [6e-02, 1e+03]
Warning: Model contains large objective coefficients
         Consider reformulating model or setting NumericFocus parameter
         to avoid numerical issues.
LP warm-start: use basis

Iteration    Objective       Primal Inf.    Dual Inf.      Time
       0    5.7869797e+24   7.473738e+31   4.707708e-05      0s
     980    6.0045251e+11   7.767055e+03   0.000000e+00      5s
    1980    6.0045252e+11   7.034220e+05   0.000000e+00     11s
    2690    6.0045253e+11   3.156342e+02   0.000000e+00     15s
    3540    6.0045254e+11   8.605610e+01   0.000000e+00     20s
    3825    6.0045254e+11   0.000000e+00   0.000000e+00     22s

Solved in 3825 iterations and 22.22 seconds (35.11 work units)
Optimal objective  6.004525395e+11
Warning: unscaled dual violation = 8.34465e-06 and residual = 8.34605e-06

User-callback calls 3856, time in user-callback 0.02 sec
Gurobi Optimizer version 11.0.3 build v11.0.3rc0 (win64 - Windows 11+.0 (26200.2))

CPU model: 12th Gen Intel(R) Core(TM) i7-1260P, instruction set [SSE2|AVX|AVX2]
Thread count: 12 physical cores, 16 logical processors, using up to 16 threads

Optimize a model with 202318 rows, 211558 columns and 3506010 nonzeros
Coefficient statistics:
  Matrix range     [5e-03, 3e+01]
  Objective range  [3e+02, 2e+09]
  Bounds range     [4e-04, 2e+01]
  RHS range        [5e-02, 1e+03]
Warning: Model contains large objective coefficients
         Consider reformulating model or setting NumericFocus parameter
         to avoid numerical issues.
LP warm-start: use basis

Iteration    Objective       Primal Inf.    Dual Inf.      Time
       0   -9.5757428e+24   4.116138e+32   1.110748e-05      0s
     990    6.0046399e+11   1.672110e+05   0.000000e+00      5s
    1960    6.0046422e+11   3.121163e+04   0.000000e+00     11s
    2920    6.0046439e+11   4.037543e+03   0.000000e+00     15s
    3880    6.0046503e+11   3.793828e+04   0.000000e+00     21s
    4530    6.0046530e+11   5.015830e+03   0.000000e+00     26s
    5120    6.0046533e+11   1.486395e+04   0.000000e+00     30s
    5800    6.0046536e+11   7.622781e+04   0.000000e+00     35s
    6610    6.0046544e+11   8.541493e+03   0.000000e+00     41s
    7280    6.0046555e+11   3.018460e+04   0.000000e+00     46s
    7920    6.0046560e+11   3.357311e+06   0.000000e+00     51s
    8540    6.0046562e+11   4.222888e+03   0.000000e+00     56s
    9150    6.0046564e+11   9.619304e+02   0.000000e+00     60s
    9738    6.0046564e+11   0.000000e+00   0.000000e+00     65s

Solved in 9738 iterations and 65.29 seconds (84.14 work units)
Optimal objective  6.004656443e+11

User-callback calls 9776, time in user-callback 0.09 sec
Gurobi Optimizer version 11.0.3 build v11.0.3rc0 (win64 - Windows 11+.0 (26200.2))

CPU model: 12th Gen Intel(R) Core(TM) i7-1260P, instruction set [SSE2|AVX|AVX2]
Thread count: 12 physical cores, 16 logical processors, using up to 16 threads

Optimize a model with 202350 rows, 211558 columns and 3587280 nonzeros
Coefficient statistics:
  Matrix range     [5e-03, 3e+01]
  Objective range  [3e+02, 2e+09]
  Bounds range     [4e-04, 2e+01]
  RHS range        [5e-02, 1e+03]
Warning: Model contains large objective coefficients
         Consider reformulating model or setting NumericFocus parameter
         to avoid numerical issues.
LP warm-start: use basis

Iteration    Objective       Primal Inf.    Dual Inf.      Time
       0   -2.3871330e+25   1.172969e+33   1.655676e-05      0s
     910    6.0046655e+11   2.110901e+04   0.000000e+00      6s
    1580    6.0046692e+11   1.147667e+04   0.000000e+00     11s
    2250    6.0046705e+11   7.042610e+03   0.000000e+00     15s
    3030    6.0046708e+11   1.909835e+06   0.000000e+00     21s
    3640    6.0046712e+11   1.580626e+04   0.000000e+00     26s
    4270    6.0046719e+11   1.491742e+06   0.000000e+00     31s
    4860    6.0046723e+11   2.394324e+06   0.000000e+00     36s
    5470    6.0046747e+11   2.309170e+04   0.000000e+00     40s
    6230    6.0046758e+11   5.028141e+03   0.000000e+00     46s
    6759    6.0046759e+11   0.000000e+00   0.000000e+00     49s

Solved in 6759 iterations and 49.25 seconds (60.23 work units)
Optimal objective  6.004675885e+11
Warning: unscaled dual violation = 9.55733e-05 and residual = 2.02982e-06

User-callback calls 6796, time in user-callback 0.06 sec
Gurobi Optimizer version 11.0.3 build v11.0.3rc0 (win64 - Windows 11+.0 (26200.2))

CPU model: 12th Gen Intel(R) Core(TM) i7-1260P, instruction set [SSE2|AVX|AVX2]
Thread count: 12 physical cores, 16 logical processors, using up to 16 threads

Optimize a model with 202382 rows, 211558 columns and 3648705 nonzeros
Coefficient statistics:
  Matrix range     [5e-03, 3e+01]
  Objective range  [3e+02, 2e+09]
  Bounds range     [4e-04, 2e+01]
  RHS range        [5e-02, 1e+03]
Warning: Model contains large objective coefficients
         Consider reformulating model or setting NumericFocus parameter
         to avoid numerical issues.
LP warm-start: use basis

Iteration    Objective       Primal Inf.    Dual Inf.      Time
       0   -6.1524242e+26   3.219353e+33   7.338630e-04      0s
    1275    6.0047199e+11   1.631261e+05   0.000000e+00      6s
    2105    6.0047214e+11   4.488333e+03   0.000000e+00     10s
    2745    6.0047233e+11   2.583089e+04   0.000000e+00     15s
    3515    6.0047241e+11   1.975014e+03   0.000000e+00     21s
    4175    6.0047270e+11   5.799636e+04   0.000000e+00     26s
    4795    6.0047310e+11   1.486989e+05   0.000000e+00     30s
    5455    6.0047316e+11   3.881603e+03   0.000000e+00     35s
    6305    6.0047334e+11   6.608574e+02   0.000000e+00     41s
    6935    6.0047375e+11   3.455788e+05   0.000000e+00     46s
    7555    6.0047390e+11   4.192380e+05   0.000000e+00     50s
    8175    6.0047411e+11   6.685155e+03   0.000000e+00     55s
    8945    6.0047458e+11   9.749450e+04   0.000000e+00     61s
    9585    6.0047479e+11   8.024984e+05   0.000000e+00     66s
   10195    6.0047484e+11   7.134780e+04   0.000000e+00     71s
Warning: 1 variables dropped from basis
Warning: switch to quad precision
   10914    6.0047487e+11   3.268927e+04   0.000000e+00     76s
   11284    6.0047492e+11   1.950257e+03   0.000000e+00     80s
   11774    6.0047495e+11   3.251115e+02   0.000000e+00     86s
   12164    6.0047498e+11   1.110683e+04   0.000000e+00     90s
   12714    6.0047540e+11   7.346642e+04   0.000000e+00     96s
   13094    6.0047554e+11   1.375356e+03   0.000000e+00    100s
   13624    6.0047561e+11   1.028815e+02   0.000000e+00    105s
   14109    6.0047562e+11   0.000000e+00   0.000000e+00    110s
   14114    6.0047562e+11   0.000000e+00   0.000000e+00    110s

Solved in 14114 iterations and 110.35 seconds (152.61 work units)
Optimal objective  6.004756201e+11

User-callback calls 14165, time in user-callback 0.13 sec
Gurobi Optimizer version 11.0.3 build v11.0.3rc0 (win64 - Windows 11+.0 (26200.2))

CPU model: 12th Gen Intel(R) Core(TM) i7-1260P, instruction set [SSE2|AVX|AVX2]
Thread count: 12 physical cores, 16 logical processors, using up to 16 threads

Optimize a model with 202414 rows, 211558 columns and 3713540 nonzeros
Coefficient statistics:
  Matrix range     [5e-03, 3e+01]
  Objective range  [3e+02, 2e+09]
  Bounds range     [4e-04, 2e+01]
  RHS range        [5e-02, 1e+03]
Warning: Model contains large objective coefficients
         Consider reformulating model or setting NumericFocus parameter
         to avoid numerical issues.
LP warm-start: use basis

Iteration    Objective       Primal Inf.    Dual Inf.      Time
       0   -1.0517501e+25   5.069567e+32   2.483027e-05      0s
    1220    6.0047880e+11   2.995544e+05   0.000000e+00      6s
    2020    6.0047894e+11   8.217078e+04   0.000000e+00     10s
    2930    6.0047898e+11   4.250874e+04   0.000000e+00     15s
    3870    6.0047949e+11   7.023101e+03   0.000000e+00     21s
    4750    6.0047961e+11   1.829312e+04   0.000000e+00     26s
    5520    6.0047971e+11   2.535974e+03   0.000000e+00     30s
    6440    6.0047978e+11   9.255227e+03   0.000000e+00     35s
    6499    6.0047978e+11   0.000000e+00   0.000000e+00     36s

Solved in 6499 iterations and 35.85 seconds (58.96 work units)
Optimal objective  6.004797840e+11

User-callback calls 6531, time in user-callback 0.05 sec
Gurobi Optimizer version 11.0.3 build v11.0.3rc0 (win64 - Windows 11+.0 (26200.2))

CPU model: 12th Gen Intel(R) Core(TM) i7-1260P, instruction set [SSE2|AVX|AVX2]
Thread count: 12 physical cores, 16 logical processors, using up to 16 threads

Optimize a model with 202446 rows, 211558 columns and 3815120 nonzeros
Coefficient statistics:
  Matrix range     [5e-03, 3e+01]
  Objective range  [3e+02, 2e+09]
  Bounds range     [4e-04, 2e+01]
  RHS range        [5e-02, 1e+03]
Warning: Model contains large objective coefficients
         Consider reformulating model or setting NumericFocus parameter
         to avoid numerical issues.
LP warm-start: use basis

Iteration    Objective       Primal Inf.    Dual Inf.      Time
       0   -2.9678877e+25   2.427842e+32   1.256338e-04      0s
     980    6.0048418e+11   1.863078e+04   0.000000e+00      6s
    1790    6.0048427e+11   2.633652e+04   0.000000e+00     10s
    2730    6.0048437e+11   2.606228e+04   0.000000e+00     15s
    3660    6.0048447e+11   2.254519e+04   0.000000e+00     20s
Warning: Markowitz tolerance tightened to 0.0625
    4590    6.0048502e+11   9.754186e+04   0.000000e+00     26s
    5550    6.0048520e+11   5.103096e+04   0.000000e+00     31s
    6310    6.0048537e+11   6.122139e+03   0.000000e+00     35s
    7260    6.0048545e+11   6.742813e+05   0.000000e+00     41s
    8020    6.0048547e+11   1.902297e+03   0.000000e+00     46s
    8800    6.0048554e+11   1.933460e+03   0.000000e+00     50s
    9530    6.0048556e+11   5.408468e+02   0.000000e+00     55s
    9920    6.0048556e+11   0.000000e+00   0.000000e+00     58s

Solved in 9920 iterations and 57.67 seconds (94.23 work units)
Optimal objective  6.004855569e+11

User-callback calls 9957, time in user-callback 0.08 sec
Gurobi Optimizer version 11.0.3 build v11.0.3rc0 (win64 - Windows 11+.0 (26200.2))

CPU model: 12th Gen Intel(R) Core(TM) i7-1260P, instruction set [SSE2|AVX|AVX2]
Thread count: 12 physical cores, 16 logical processors, using up to 16 threads

Optimize a model with 202478 rows, 211558 columns and 3904148 nonzeros
Coefficient statistics:
  Matrix range     [5e-03, 3e+01]
  Objective range  [3e+02, 2e+09]
  Bounds range     [4e-04, 2e+01]
  RHS range        [5e-02, 1e+03]
Warning: Model contains large objective coefficients
         Consider reformulating model or setting NumericFocus parameter
         to avoid numerical issues.
LP warm-start: use basis

Iteration    Objective       Primal Inf.    Dual Inf.      Time
       0    1.0065297e+26   6.082857e+32   1.831587e-04      0s
    1050    6.0048677e+11   1.023513e+03   0.000000e+00      6s
    1830    6.0048686e+11   2.063787e+04   0.000000e+00     10s
    2770    6.0048697e+11   1.063192e+04   0.000000e+00     16s
    3550    6.0048708e+11   2.623710e+04   0.000000e+00     20s
    4350    6.0048720e+11   3.125902e+03   0.000000e+00     26s
    4970    6.0048733e+11   3.280831e+03   0.000000e+00     31s
    5560    6.0048736e+11   4.562005e+03   0.000000e+00     36s
    6140    6.0048739e+11   9.393884e+03   0.000000e+00     41s
    6700    6.0048745e+11   2.811364e+03   0.000000e+00     45s
    7480    6.0048762e+11   1.668387e+03   0.000000e+00     51s
    7960    6.0048768e+11   2.013269e+04   0.000000e+00     55s
    8620    6.0048816e+11   1.912995e+04   0.000000e+00     60s
    9350    6.0048822e+11   5.331405e+03   0.000000e+00     66s
    9960    6.0048824e+11   6.883481e+04   0.000000e+00     70s
   10710    6.0048828e+11   4.704941e+02   0.000000e+00     75s
   11410    6.0048830e+11   1.984073e+03   0.000000e+00     80s
   12130    6.0048830e+11   7.289768e+02   0.000000e+00     86s
   12222    6.0048830e+11   0.000000e+00   0.000000e+00     87s

Solved in 12222 iterations and 86.58 seconds (119.01 work units)
Optimal objective  6.004883047e+11

User-callback calls 12264, time in user-callback 0.11 sec
Gurobi Optimizer version 11.0.3 build v11.0.3rc0 (win64 - Windows 11+.0 (26200.2))

CPU model: 12th Gen Intel(R) Core(TM) i7-1260P, instruction set [SSE2|AVX|AVX2]
Thread count: 12 physical cores, 16 logical processors, using up to 16 threads

Optimize a model with 202510 rows, 211558 columns and 3952837 nonzeros
Coefficient statistics:
  Matrix range     [5e-03, 3e+01]
  Objective range  [3e+02, 2e+09]
  Bounds range     [4e-04, 2e+01]
  RHS range        [5e-02, 1e+03]
Warning: Model contains large objective coefficients
         Consider reformulating model or setting NumericFocus parameter
         to avoid numerical issues.
LP warm-start: use basis

Iteration    Objective       Primal Inf.    Dual Inf.      Time
       0   -1.0761125e+27   1.773260e+32   2.123511e-03      0s
     940    6.0048838e+11   3.637818e+04   0.000000e+00      6s
    1740    6.0049285e+11   9.315662e+04   0.000000e+00     10s
    2690    6.0049365e+11   6.425747e+03   0.000000e+00     16s
    3470    6.0049366e+11   2.866794e+03   0.000000e+00     20s
    4240    6.0049367e+11   2.675695e+02   0.000000e+00     26s
    4750    6.0049367e+11   0.000000e+00   0.000000e+00     30s

Solved in 4750 iterations and 30.36 seconds (46.38 work units)
Optimal objective  6.004936729e+11

User-callback calls 4780, time in user-callback 0.04 sec
Gurobi Optimizer version 11.0.3 build v11.0.3rc0 (win64 - Windows 11+.0 (26200.2))

CPU model: 12th Gen Intel(R) Core(TM) i7-1260P, instruction set [SSE2|AVX|AVX2]
Thread count: 12 physical cores, 16 logical processors, using up to 16 threads

Optimize a model with 202542 rows, 211558 columns and 3983670 nonzeros
Coefficient statistics:
  Matrix range     [5e-03, 3e+01]
  Objective range  [3e+02, 2e+09]
  Bounds range     [4e-04, 2e+01]
  RHS range        [5e-02, 1e+03]
Warning: Model contains large objective coefficients
         Consider reformulating model or setting NumericFocus parameter
         to avoid numerical issues.
LP warm-start: use basis

Iteration    Objective       Primal Inf.    Dual Inf.      Time
       0   -6.3044688e+25   2.270323e+32   9.045236e-05      0s
     526    6.0049368e+11   0.000000e+00   0.000000e+00      4s

Solved in 526 iterations and 3.53 seconds (5.77 work units)
Optimal objective  6.004936756e+11

User-callback calls 556, time in user-callback 0.00 sec
Gurobi Optimizer version 11.0.3 build v11.0.3rc0 (win64 - Windows 11+.0 (26200.2))

CPU model: 12th Gen Intel(R) Core(TM) i7-1260P, instruction set [SSE2|AVX|AVX2]
Thread count: 12 physical cores, 16 logical processors, using up to 16 threads

Optimize a model with 202574 rows, 211558 columns and 4032488 nonzeros
Coefficient statistics:
  Matrix range     [5e-03, 3e+01]
  Objective range  [3e+02, 2e+09]
  Bounds range     [4e-04, 2e+01]
  RHS range        [5e-02, 1e+03]
Warning: Model contains large objective coefficients
         Consider reformulating model or setting NumericFocus parameter
         to avoid numerical issues.
LP warm-start: use basis

Iteration    Objective       Primal Inf.    Dual Inf.      Time
       0   -1.9766582e+25   3.340882e+31   9.182215e-05      0s
     990    6.0051399e+11   1.228077e+04   0.000000e+00      6s
    1780    6.0051407e+11   4.873126e+05   0.000000e+00     11s
    2500    6.0051413e+11   8.546007e+04   0.000000e+00     15s
    3210    6.0051421e+11   1.097568e+05   0.000000e+00     20s
    4080    6.0051436e+11   1.316566e+06   0.000000e+00     26s
    4800    6.0051455e+11   2.599849e+05   0.000000e+00     30s
    5710    6.0051490e+11   5.099747e+05   0.000000e+00     36s
    6490    6.0051517e+11   1.421521e+06   0.000000e+00     40s
    7430    6.0051561e+11   5.089049e+05   0.000000e+00     46s
    8220    6.0051592e+11   2.476153e+05   0.000000e+00     51s
    8990    6.0051606e+11   3.969445e+03   0.000000e+00     55s
    9790    6.0051625e+11   8.355066e+03   0.000000e+00     60s
   10720    6.0051626e+11   1.181825e+03   0.000000e+00     66s
   10880    6.0051626e+11   0.000000e+00   0.000000e+00     67s

Solved in 10880 iterations and 66.64 seconds (108.59 work units)
Optimal objective  6.005162638e+11

User-callback calls 10918, time in user-callback 0.10 sec
Gurobi Optimizer version 11.0.3 build v11.0.3rc0 (win64 - Windows 11+.0 (26200.2))

CPU model: 12th Gen Intel(R) Core(TM) i7-1260P, instruction set [SSE2|AVX|AVX2]
Thread count: 12 physical cores, 16 logical processors, using up to 16 threads

Optimize a model with 202606 rows, 211558 columns and 4120357 nonzeros
Coefficient statistics:
  Matrix range     [5e-03, 3e+01]
  Objective range  [3e+02, 2e+09]
  Bounds range     [4e-04, 2e+01]
  RHS range        [5e-02, 1e+03]
Warning: Model contains large objective coefficients
         Consider reformulating model or setting NumericFocus parameter
         to avoid numerical issues.
LP warm-start: use basis

Iteration    Objective       Primal Inf.    Dual Inf.      Time
       0   -7.3264085e+24   1.365061e+32   1.228903e-05      0s
    1080    6.0052499e+11   8.806884e+04   0.000000e+00      6s
    1970    6.0052502e+11   2.453414e+04   0.000000e+00     11s
    2920    6.0052508e+11   1.836105e+04   0.000000e+00     15s
    4050    6.0052519e+11   1.790746e+04   0.000000e+00     21s
    5140    6.0052534e+11   4.802074e+04   0.000000e+00     25s
    6210    6.0052540e+11   1.971110e+04   0.000000e+00     31s
    7300    6.0052543e+11   7.368920e+03   0.000000e+00     35s
    8330    6.0052546e+11   1.558904e+01   0.000000e+00     40s
    8545    6.0052546e+11   0.000000e+00   0.000000e+00     41s

Solved in 8545 iterations and 41.28 seconds (85.81 work units)
Optimal objective  6.005254583e+11

User-callback calls 8578, time in user-callback 0.05 sec
Gurobi Optimizer version 11.0.3 build v11.0.3rc0 (win64 - Windows 11+.0 (26200.2))

CPU model: 12th Gen Intel(R) Core(TM) i7-1260P, instruction set [SSE2|AVX|AVX2]
Thread count: 12 physical cores, 16 logical processors, using up to 16 threads

Optimize a model with 202638 rows, 211558 columns and 4210242 nonzeros
Coefficient statistics:
  Matrix range     [5e-03, 3e+01]
  Objective range  [3e+02, 2e+09]
  Bounds range     [4e-04, 2e+01]
  RHS range        [5e-02, 1e+03]
Warning: Model contains large objective coefficients
         Consider reformulating model or setting NumericFocus parameter
         to avoid numerical issues.
LP warm-start: use basis

Iteration    Objective       Primal Inf.    Dual Inf.      Time
       0   -3.7868953e+25   4.347849e+32   9.307851e-05      0s
    1200    6.0052968e+11   1.246465e+04   0.000000e+00      6s
    2150    6.0052972e+11   2.421078e+03   0.000000e+00     10s
    3300    6.0053004e+11   2.586166e+04   0.000000e+00     16s
    4270    6.0053014e+11   1.455170e+05   0.000000e+00     20s
    5230    6.0053021e+11   1.267440e+04   0.000000e+00     25s
    6360    6.0053032e+11   1.361416e+04   0.000000e+00     31s
    7350    6.0053036e+11   7.381433e+05   0.000000e+00     35s
    8290    6.0053037e+11   4.808727e+04   0.000000e+00     40s
    9240    6.0053041e+11   1.072721e+05   0.000000e+00     46s
    9870    6.0053044e+11   1.331246e+04   0.000000e+00     50s
   10640    6.0053046e+11   6.719001e+04   0.000000e+00     56s
   11090    6.0053046e+11   4.357793e+04   0.000000e+00     60s
   11720    6.0053048e+11   6.034779e+04   0.000000e+00     66s
   12200    6.0053050e+11   1.753511e+05   0.000000e+00     71s
   12800    6.0053051e+11   1.675960e+04   0.000000e+00     76s
   13270    6.0053053e+11   2.981708e+05   0.000000e+00     80s
   14000    6.0053055e+11   1.551873e+04   0.000000e+00     86s
   14600    6.0053057e+11   8.854298e+03   0.000000e+00     90s
   15230    6.0053059e+11   4.733335e+04   0.000000e+00     95s
   16000    6.0053061e+11   7.849588e+03   0.000000e+00    101s
   16600    6.0053062e+11   2.819309e+04   0.000000e+00    106s
   17070    6.0053062e+11   1.205456e+03   0.000000e+00    111s
   17680    6.0053063e+11   9.821054e+04   0.000000e+00    116s
   18100    6.0053064e+11   1.308590e+04   0.000000e+00    120s
   18710    6.0053064e+11   2.499804e+02   0.000000e+00    126s
   19290    6.0053065e+11   1.816381e+04   0.000000e+00    131s
   19720    6.0053065e+11   2.877303e+04   0.000000e+00    135s
   20320    6.0053065e+11   1.540947e+03   0.000000e+00    141s
   20780    6.0053066e+11   1.799561e+06   0.000000e+00    145s
   21410    6.0053066e+11   6.187314e+01   0.000000e+00    151s
   21808    6.0053066e+11   0.000000e+00   0.000000e+00    155s

Solved in 21808 iterations and 155.47 seconds (223.10 work units)
Optimal objective  6.005306581e+11

User-callback calls 21863, time in user-callback 0.18 sec
Gurobi Optimizer version 11.0.3 build v11.0.3rc0 (win64 - Windows 11+.0 (26200.2))

CPU model: 12th Gen Intel(R) Core(TM) i7-1260P, instruction set [SSE2|AVX|AVX2]
Thread count: 12 physical cores, 16 logical processors, using up to 16 threads

Optimize a model with 202670 rows, 211558 columns and 4306158 nonzeros
Coefficient statistics:
  Matrix range     [5e-03, 3e+01]
  Objective range  [3e+02, 2e+09]
  Bounds range     [4e-04, 2e+01]
  RHS range        [5e-02, 1e+03]
Warning: Model contains large objective coefficients
         Consider reformulating model or setting NumericFocus parameter
         to avoid numerical issues.
LP warm-start: use basis

Iteration    Objective       Primal Inf.    Dual Inf.      Time
       0   -1.0027056e+27   5.840244e+32   1.123318e-03      0s
     640    6.0053081e+11   9.353460e+06   0.000000e+00      6s
    1110    6.0053127e+11   7.461548e+06   0.000000e+00     10s
Warning: Markowitz tolerance tightened to 0.0625
    1740    6.0053164e+11   2.913181e+06   0.000000e+00     16s
    2160    6.0053178e+11   2.420713e+05   0.000000e+00     21s
    2720    6.0053188e+11   3.296460e+06   0.000000e+00     26s
    3160    6.0053210e+11   2.570561e+07   0.000000e+00     30s
    3750    6.0053323e+11   1.048495e+05   0.000000e+00     36s
    4200    6.0053330e+11   1.134736e+05   0.000000e+00     40s
    4790    6.0053513e+11   1.048129e+06   0.000000e+00     46s
    5350    6.0053515e+11   1.796010e+05   0.000000e+00     51s
    5830    6.0053574e+11   4.314659e+05   0.000000e+00     55s
    6420    6.0053575e+11   9.619629e+05   0.000000e+00     61s
    6990    6.0053608e+11   8.045817e+02   0.000000e+00     66s
    7470    6.0053611e+11   2.330679e+03   0.000000e+00     71s
    7533    6.0053611e+11   0.000000e+00   0.000000e+00     72s

Solved in 7533 iterations and 71.72 seconds (82.75 work units)
Optimal objective  6.005361106e+11

User-callback calls 7573, time in user-callback 0.07 sec
Gurobi Optimizer version 11.0.3 build v11.0.3rc0 (win64 - Windows 11+.0 (26200.2))

CPU model: 12th Gen Intel(R) Core(TM) i7-1260P, instruction set [SSE2|AVX|AVX2]
Thread count: 12 physical cores, 16 logical processors, using up to 16 threads

Optimize a model with 202702 rows, 211558 columns and 4386244 nonzeros
Coefficient statistics:
  Matrix range     [5e-03, 3e+01]
  Objective range  [3e+02, 2e+09]
  Bounds range     [4e-04, 2e+01]
  RHS range        [4e-02, 1e+03]
Warning: Model contains large objective coefficients
         Consider reformulating model or setting NumericFocus parameter
         to avoid numerical issues.
LP warm-start: use basis

Iteration    Objective       Primal Inf.    Dual Inf.      Time
       0   -1.4548851e+28   7.640000e+31   6.781011e-03      0s
Warning: Markowitz tolerance tightened to 0.0625
     640    6.0053623e+11   2.333405e+03   0.000000e+00      6s
    1260    6.0053685e+11   1.169159e+04   0.000000e+00     11s
    1700    6.0053687e+11   1.694522e+04   0.000000e+00     15s
    1843    6.0053687e+11   0.000000e+00   0.000000e+00     16s

Solved in 1843 iterations and 16.41 seconds (20.20 work units)
Optimal objective  6.005368741e+11

User-callback calls 1872, time in user-callback 0.02 sec
Gurobi Optimizer version 11.0.3 build v11.0.3rc0 (win64 - Windows 11+.0 (26200.2))

CPU model: 12th Gen Intel(R) Core(TM) i7-1260P, instruction set [SSE2|AVX|AVX2]
Thread count: 12 physical cores, 16 logical processors, using up to 16 threads

Optimize a model with 202734 rows, 211558 columns and 4425695 nonzeros
Coefficient statistics:
  Matrix range     [5e-03, 3e+01]
  Objective range  [3e+02, 2e+09]
  Bounds range     [4e-04, 2e+01]
  RHS range        [4e-02, 1e+03]
Warning: Model contains large objective coefficients
         Consider reformulating model or setting NumericFocus parameter
         to avoid numerical issues.
LP warm-start: use basis

Iteration    Objective       Primal Inf.    Dual Inf.      Time
       0   -1.5257092e+25   2.479036e+32   4.451176e-05      0s
     900    6.0053704e+11   3.271393e+05   0.000000e+00      5s
    1850    6.0053734e+11   3.176379e+05   0.000000e+00     10s
Warning: Markowitz tolerance tightened to 0.25
    2820    6.0053806e+11   3.264197e+06   0.000000e+00     15s
    3920    6.0053896e+11   9.050387e+01   0.000000e+00     21s
    4338    6.0053897e+11   0.000000e+00   0.000000e+00     23s

Solved in 4338 iterations and 23.30 seconds (48.16 work units)
Optimal objective  6.005389659e+11

User-callback calls 4368, time in user-callback 0.02 sec
Gurobi Optimizer version 11.0.3 build v11.0.3rc0 (win64 - Windows 11+.0 (26200.2))

CPU model: 12th Gen Intel(R) Core(TM) i7-1260P, instruction set [SSE2|AVX|AVX2]
Thread count: 12 physical cores, 16 logical processors, using up to 16 threads

Optimize a model with 202766 rows, 211558 columns and 4462186 nonzeros
Coefficient statistics:
  Matrix range     [5e-03, 3e+01]
  Objective range  [3e+02, 2e+09]
  Bounds range     [4e-04, 2e+01]
  RHS range        [4e-02, 1e+03]
Warning: Model contains large objective coefficients
         Consider reformulating model or setting NumericFocus parameter
         to avoid numerical issues.
LP warm-start: use basis

Iteration    Objective       Primal Inf.    Dual Inf.      Time
       0   -4.6156924e+25   1.002916e+32   2.549933e-04      0s
    1165    6.0054036e+11   4.059022e+04   0.000000e+00      5s
    1612    6.0054038e+11   0.000000e+00   0.000000e+00      8s

Solved in 1612 iterations and 8.03 seconds (15.21 work units)
Optimal objective  6.005403777e+11
Warning: unscaled dual violation = 1.97643e-06 and residual = 2.30516e-05

User-callback calls 1640, time in user-callback 0.01 sec
Gurobi Optimizer version 11.0.3 build v11.0.3rc0 (win64 - Windows 11+.0 (26200.2))

CPU model: 12th Gen Intel(R) Core(TM) i7-1260P, instruction set [SSE2|AVX|AVX2]
Thread count: 12 physical cores, 16 logical processors, using up to 16 threads

Optimize a model with 202784 rows, 211558 columns and 4485668 nonzeros
Coefficient statistics:
  Matrix range     [5e-03, 3e+01]
  Objective range  [3e+02, 2e+09]
  Bounds range     [4e-04, 2e+01]
  RHS range        [4e-02, 1e+03]
Warning: Model contains large objective coefficients
         Consider reformulating model or setting NumericFocus parameter
         to avoid numerical issues.
LP warm-start: use basis

Iteration    Objective       Primal Inf.    Dual Inf.      Time
       0   -2.8599959e+24   1.178982e+32   7.963861e-05      0s
     901    6.0054040e+11   0.000000e+00   0.000000e+00      5s

Solved in 901 iterations and 5.19 seconds (10.46 work units)
Optimal objective  6.005403979e+11

User-callback calls 933, time in user-callback 0.01 sec
Gurobi Optimizer version 11.0.3 build v11.0.3rc0 (win64 - Windows 11+.0 (26200.2))

CPU model: 12th Gen Intel(R) Core(TM) i7-1260P, instruction set [SSE2|AVX|AVX2]
Thread count: 12 physical cores, 16 logical processors, using up to 16 threads

Optimize a model with 202788 rows, 211558 columns and 4498156 nonzeros
Coefficient statistics:
  Matrix range     [5e-03, 3e+01]
  Objective range  [3e+02, 2e+09]
  Bounds range     [4e-04, 2e+01]
  RHS range        [4e-02, 1e+03]
Warning: Model contains large objective coefficients
         Consider reformulating model or setting NumericFocus parameter
         to avoid numerical issues.
LP warm-start: use basis

Iteration    Objective       Primal Inf.    Dual Inf.      Time
       0   -4.0277832e+25   2.396342e+32   1.154117e-04      0s
     421    6.0054040e+11   0.000000e+00   0.000000e+00      3s

Solved in 421 iterations and 2.95 seconds (6.01 work units)
Optimal objective  6.005403979e+11
Warning: unscaled dual violation = 4.13453e-06 and residual = 1.83757e-05

User-callback calls 478, time in user-callback 0.01 sec
Gurobi Optimizer version 11.0.3 build v11.0.3rc0 (win64 - Windows 11+.0 (26200.2))

CPU model: 12th Gen Intel(R) Core(TM) i7-1260P, instruction set [SSE2|AVX|AVX2]
Thread count: 12 physical cores, 16 logical processors, using up to 16 threads

Optimize a model with 202789 rows, 211558 columns and 4498522 nonzeros
Coefficient statistics:
  Matrix range     [5e-03, 3e+01]
  Objective range  [3e+02, 2e+09]
  Bounds range     [4e-04, 2e+01]
  RHS range        [4e-02, 1e+03]
Warning: Model contains large objective coefficients
         Consider reformulating model or setting NumericFocus parameter
         to avoid numerical issues.
LP warm-start: use basis

Iteration    Objective       Primal Inf.    Dual Inf.      Time
       0   -1.3399092e+24   6.587212e+31   6.197373e-05      0s
     412    6.0054040e+11   0.000000e+00   0.000000e+00      3s

Solved in 412 iterations and 3.01 seconds (4.86 work units)
Optimal objective  6.005403979e+11

User-callback calls 437, time in user-callback 0.00 sec
Gurobi Optimizer version 11.0.3 build v11.0.3rc0 (win64 - Windows 11+.0 (26200.2))

CPU model: 12th Gen Intel(R) Core(TM) i7-1260P, instruction set [SSE2|AVX|AVX2]
Thread count: 12 physical cores, 16 logical processors, using up to 16 threads

Optimize a model with 202790 rows, 211558 columns and 4498527 nonzeros
Coefficient statistics:
  Matrix range     [5e-03, 3e+01]
  Objective range  [3e+02, 2e+09]
  Bounds range     [4e-04, 2e+01]
  RHS range        [4e-02, 1e+03]
Warning: Model contains large objective coefficients
         Consider reformulating model or setting NumericFocus parameter
         to avoid numerical issues.
LP warm-start: use basis

Iteration    Objective       Primal Inf.    Dual Inf.      Time
       0   -1.8789195e+25   8.555402e+31   8.562580e-06      0s
     344    6.0054040e+11   0.000000e+00   0.000000e+00      2s

Solved in 344 iterations and 2.30 seconds (3.78 work units)
Optimal objective  6.005403979e+11

User-callback calls 369, time in user-callback 0.00 sec
Gurobi Optimizer version 11.0.3 build v11.0.3rc0 (win64 - Windows 11+.0 (26200.2))

CPU model: 12th Gen Intel(R) Core(TM) i7-1260P, instruction set [SSE2|AVX|AVX2]
Thread count: 12 physical cores, 16 logical processors, using up to 16 threads

Optimize a model with 202791 rows, 211558 columns and 4498532 nonzeros
Coefficient statistics:
  Matrix range     [5e-03, 3e+01]
  Objective range  [3e+02, 2e+09]
  Bounds range     [4e-04, 2e+01]
  RHS range        [4e-02, 1e+03]
Warning: Model contains large objective coefficients
         Consider reformulating model or setting NumericFocus parameter
         to avoid numerical issues.
LP warm-start: use basis

Iteration    Objective       Primal Inf.    Dual Inf.      Time
       0   -1.6295407e+25   1.148462e+32   2.156432e-05      0s
Warning: Markowitz tolerance tightened to 0.0625
     430    6.0054040e+11   0.000000e+00   0.000000e+00      3s

Solved in 430 iterations and 3.17 seconds (5.07 work units)
Optimal objective  6.005403979e+11

User-callback calls 458, time in user-callback 0.00 sec
