
Gurobi 11.0.3 (win64) logging started Tue Jul  7 18:36:03 2026

Set parameter LogFile to value "scenarios/B_ercot_adjusted/2030\gurobi_logfile.log"
Set parameter MIPGap to value 0.01
Set parameter TimeLimit to value 84600

Gurobi 11.0.3 (win64) logging started Tue Jul  7 18:36:05 2026

Set parameter LogFile to value "scenarios/B_ercot_adjusted/2030\gurobi_logfile.log"
Gurobi Optimizer version 11.0.3 build v11.0.3rc0 (win64 - Windows 11+.0 (26200.2))

CPU model: 12th Gen Intel(R) Core(TM) i7-1260P, instruction set [SSE2|AVX|AVX2]
Thread count: 12 physical cores, 16 logical processors, using up to 16 threads

Optimize a model with 3494432 rows, 3719542 columns and 11492336 nonzeros
Model fingerprint: 0xdb90b25e
Coefficient statistics:
  Matrix range     [6e-01, 3e+00]
  Objective range  [3e+02, 1e+08]
  Bounds range     [7e-06, 2e+01]
  RHS range        [3e+01, 1e+03]
Presolve removed 146000 rows and 1154486 columns (presolve time = 5s) ...
Presolve removed 146000 rows and 1155723 columns
Presolve time: 8.97s
Presolved: 3348432 rows, 2563819 columns, 10157819 nonzeros

Concurrent LP optimizer: primal simplex, dual simplex, and barrier
Showing barrier log only...

Ordering time: 0.00s

Barrier statistics:
 Dense cols : 1
 AA' NZ     : 4.680e+03
 Factor NZ  : 2.167e+04 (roughly 30 MB of memory)
 Factor Ops : 2.663e+05 (less than 1 second per iteration)
 Threads    : 1

                  Objective                Residual
Iter       Primal          Dual         Primal    Dual     Compl     Time
   0   4.89551601e+12 -7.83201712e+12  3.82e+01 1.57e+10  2.56e+09    12s

Barrier performed 0 iterations in 11.50 seconds (8.39 work units)
Barrier solve interrupted - model solved by another algorithm


Solved with dual simplex
Iteration    Objective       Primal Inf.    Dual Inf.      Time
     545    4.0682208e+10   0.000000e+00   0.000000e+00     12s

Use crossover to convert LP symmetric solution to basic solution...
Crossover log...

   32000 DPushes remaining with DInf 0.0000000e+00                14s

  111969 PPushes remaining with PInf 0.0000000e+00                15s
  110179 PPushes remaining with PInf 0.0000000e+00                15s
   74980 PPushes remaining with PInf 0.0000000e+00                32s
   33254 PPushes remaining with PInf 0.0000000e+00                95s
    5915 PPushes remaining with PInf 0.0000000e+00               121s
    5051 PPushes remaining with PInf 0.0000000e+00               129s
    4187 PPushes remaining with PInf 0.0000000e+00               138s
    1254 PPushes remaining with PInf 0.0000000e+00               150s
       9 PPushes remaining with PInf 0.0000000e+00               157s
       0 PPushes remaining with PInf 0.0000000e+00               157s

  Push phase complete: Pinf 0.0000000e+00, Dinf 7.8096039e-01    158s

Iteration    Objective       Primal Inf.    Dual Inf.      Time
  112517    4.0682208e+10   0.000000e+00   5.518442e-01    159s
  113157    4.0682208e+10   0.000000e+00   1.036875e-01    166s
  114021    4.0682208e+10   0.000000e+00   1.060296e-01    173s
  114885    4.0682208e+10   0.000000e+00   9.550273e-02    180s
  115749    4.0682208e+10   0.000000e+00   8.865434e-02    189s
  116613    4.0682208e+10   0.000000e+00   6.784963e-02    193s
  117477    4.0682208e+10   0.000000e+00   2.759123e-02    197s
  118341    4.0682208e+10   0.000000e+00   4.315804e-02    201s
  119205    4.0682208e+10   0.000000e+00   2.867393e-02    206s
  120933    4.0682208e+10   0.000000e+00   5.180275e-02    213s
  121797    4.0682208e+10   0.000000e+00   3.561815e-03    216s
  124389    4.0682208e+10   0.000000e+00   6.601504e-03    222s
  126117    4.0682208e+10   0.000000e+00   4.592167e-03    227s
  126578    4.0682208e+10   6.134013e+01   0.000000e+00    236s
  127828    4.0682208e+10   1.003111e+02   0.000000e+00    243s
  129064    4.0682208e+10   0.000000e+00   0.000000e+00    247s
  129064    4.0682208e+10   0.000000e+00   0.000000e+00    249s

Solved in 129064 iterations and 249.14 seconds (269.13 work units)
Optimal objective  4.068220782e+10

User-callback calls 128987, time in user-callback 0.47 sec
Gurobi Optimizer version 11.0.3 build v11.0.3rc0 (win64 - Windows 11+.0 (26200.2))

CPU model: 12th Gen Intel(R) Core(TM) i7-1260P, instruction set [SSE2|AVX|AVX2]
Thread count: 12 physical cores, 16 logical processors, using up to 16 threads

Optimize a model with 3494464 rows, 3719542 columns and 11609716 nonzeros
Coefficient statistics:
  Matrix range     [5e-03, 2e+01]
  Objective range  [3e+02, 1e+08]
  Bounds range     [7e-06, 2e+01]
  RHS range        [2e+00, 1e+03]
LP warm-start: use basis

Iteration    Objective       Primal Inf.    Dual Inf.      Time
       0    4.0682208e+10   3.757247e+02   0.000000e+00      1s
     235    4.0728352e+10   0.000000e+00   0.000000e+00      2s

Solved in 235 iterations and 2.48 seconds (1.42 work units)
Optimal objective  4.072835234e+10

User-callback calls 257, time in user-callback 0.00 sec
Gurobi Optimizer version 11.0.3 build v11.0.3rc0 (win64 - Windows 11+.0 (26200.2))

CPU model: 12th Gen Intel(R) Core(TM) i7-1260P, instruction set [SSE2|AVX|AVX2]
Thread count: 12 physical cores, 16 logical processors, using up to 16 threads

Optimize a model with 3494496 rows, 3719542 columns and 11653835 nonzeros
Coefficient statistics:
  Matrix range     [5e-03, 2e+01]
  Objective range  [3e+02, 1e+08]
  Bounds range     [7e-06, 2e+01]
  RHS range        [2e+00, 1e+03]
LP warm-start: use basis

Iteration    Objective       Primal Inf.    Dual Inf.      Time
       0    4.0728352e+10   2.394647e+02   0.000000e+00      1s
    2090    4.0821432e+10   8.427795e+03   0.000000e+00     12s
    3790    4.0834708e+10   5.981312e+03   0.000000e+00     19s
    5590    4.0834708e+10   5.448303e+03   0.000000e+00     25s
    6880    4.0834718e+10   4.791612e+03   0.000000e+00     33s
    8210    4.0834718e+10   4.735454e+03   0.000000e+00     40s
    8790    4.0834718e+10   4.708797e+03   0.000000e+00     48s
    9750    4.0834718e+10   2.885114e+03   0.000000e+00     56s
   10480    4.0834718e+10   2.677110e+03   0.000000e+00     64s
   11360    4.0834718e+10   2.446316e+03   0.000000e+00     72s
   12560    4.0834718e+10   2.271157e+03   0.000000e+00     79s
   13500    4.0834718e+10   2.015067e+03   0.000000e+00     87s
   14690    4.0834718e+10   1.151292e+03   0.000000e+00     95s
   15240    4.0834718e+10   4.842703e+02   0.000000e+00    102s
   15860    4.0834718e+10   6.451265e+02   0.000000e+00    111s
   16430    4.0834718e+10   5.690612e+02   0.000000e+00    119s
   17260    4.0834718e+10   2.907802e+02   0.000000e+00    127s
   17710    4.0834718e+10   4.825789e+02   0.000000e+00    135s
   18160    4.0834718e+10   1.013337e+02   0.000000e+00    142s
   18489    4.0834718e+10   0.000000e+00   0.000000e+00    150s

Solved in 18489 iterations and 151.14 seconds (89.44 work units)
Optimal objective  4.083471812e+10

User-callback calls 18529, time in user-callback 0.16 sec
Gurobi Optimizer version 11.0.3 build v11.0.3rc0 (win64 - Windows 11+.0 (26200.2))

CPU model: 12th Gen Intel(R) Core(TM) i7-1260P, instruction set [SSE2|AVX|AVX2]
Thread count: 12 physical cores, 16 logical processors, using up to 16 threads

Optimize a model with 3494528 rows, 3719542 columns and 11727304 nonzeros
Coefficient statistics:
  Matrix range     [5e-03, 2e+01]
  Objective range  [3e+02, 1e+08]
  Bounds range     [7e-06, 2e+01]
  RHS range        [2e+00, 1e+03]
LP warm-start: use basis

Iteration    Objective       Primal Inf.    Dual Inf.      Time
       0    4.0834718e+10   5.686383e+02   0.000000e+00      1s
    2200    4.0877052e+10   1.279813e+04   0.000000e+00     11s
    3600    4.0893082e+10   8.965654e+04   0.000000e+00     19s
    4530    4.0906688e+10   1.426462e+04   0.000000e+00     26s
    5720    4.0906880e+10   1.725017e+04   0.000000e+00     34s
    6810    4.0907060e+10   9.875349e+03   0.000000e+00     41s
    8020    4.0907060e+10   2.145795e+04   0.000000e+00     48s
    9310    4.0907060e+10   1.122442e+04   0.000000e+00     55s
   10570    4.0907062e+10   6.221376e+03   0.000000e+00     61s
   11860    4.1068170e+10   5.128794e+03   0.000000e+00     66s
   13130    4.1087693e+10   1.842926e+04   0.000000e+00     72s
   13660    4.1087693e+10   8.163269e+03   0.000000e+00     79s
   14240    4.1087693e+10   1.023977e+04   0.000000e+00     86s
   15240    4.1087693e+10   2.613152e+04   0.000000e+00     95s
   15720    4.1087693e+10   1.165455e+04   0.000000e+00    103s
   16110    4.1087693e+10   3.367500e+04   0.000000e+00    111s
   16520    4.1087695e+10   1.227952e+05   0.000000e+00    119s
   16990    4.1087695e+10   7.702528e+04   0.000000e+00    127s
   17810    4.1087695e+10   1.431707e+04   0.000000e+00    136s
   18290    4.1087695e+10   1.555429e+04   0.000000e+00    145s
   18750    4.1087695e+10   3.162944e+04   0.000000e+00    154s
   19370    4.1093889e+10   2.447224e+04   0.000000e+00    163s
   20120    4.1094187e+10   1.321106e+04   0.000000e+00    172s
   20710    4.1094895e+10   7.808207e+03   0.000000e+00    181s
   21290    4.1094895e+10   1.218174e+04   0.000000e+00    188s
   22180    4.1094895e+10   1.026926e+04   0.000000e+00    195s
   22780    4.1094895e+10   1.335012e+04   0.000000e+00    203s
   23840    4.1106884e+10   9.978840e+03   0.000000e+00    211s
   24190    4.1106884e+10   8.798047e+03   0.000000e+00    223s
   24630    4.1106884e+10   6.533017e+03   0.000000e+00    234s
   25160    4.1106884e+10   1.040439e+04   0.000000e+00    247s
   25890    4.1106884e+10   4.733431e+03   0.000000e+00    259s
   26770    4.1106884e+10   9.619131e+03   0.000000e+00    275s
   27190    4.1106884e+10   4.833050e+03   0.000000e+00    292s
   27820    4.1106884e+10   3.132593e+03   0.000000e+00    308s
   28320    4.1106884e+10   4.069106e+03   0.000000e+00    324s
   28890    4.1106902e+10   4.298058e+03   0.000000e+00    338s
   29480    4.1107844e+10   3.900744e+04   0.000000e+00    350s
   30070    4.1107844e+10   2.486732e+04   0.000000e+00    363s
   30760    4.1107844e+10   3.083740e+04   0.000000e+00    375s
   31550    4.1107844e+10   4.267695e+04   0.000000e+00    387s
   32170    4.1107844e+10   2.236729e+04   0.000000e+00    399s
   32900    4.1107844e+10   1.982631e+04   0.000000e+00    411s
   33600    4.1107844e+10   2.381599e+04   0.000000e+00    423s
   34260    4.1107844e+10   5.946594e+04   0.000000e+00    436s
   34890    4.1107844e+10   2.163702e+04   0.000000e+00    448s
   35480    4.1110247e+10   4.166813e+05   0.000000e+00    461s
   35930    4.1110247e+10   6.563009e+05   0.000000e+00    473s
   36290    4.1110247e+10   5.443248e+05   0.000000e+00    487s
   36760    4.1110247e+10   6.097952e+05   0.000000e+00    499s
   37220    4.1110247e+10   7.176041e+05   0.000000e+00    512s
   37830    4.1110247e+10   5.983983e+05   0.000000e+00    526s
   38590    4.1110247e+10   6.613274e+05   0.000000e+00    537s
   39130    4.1110247e+10   7.083401e+05   0.000000e+00    550s
   39690    4.1110247e+10   3.950867e+05   0.000000e+00    562s
   40860    4.1110247e+10   4.094574e+05   0.000000e+00    574s
   41460    4.1110247e+10   4.783497e+05   0.000000e+00    587s
   42120    4.1110247e+10   4.905411e+05   0.000000e+00    600s
   42750    4.1110247e+10   3.790801e+05   0.000000e+00    613s
   43870    4.1110247e+10   3.940002e+05   0.000000e+00    625s
   44620    4.1110247e+10   8.447035e+05   0.000000e+00    637s
   45150    4.1110247e+10   6.631794e+05   0.000000e+00    649s
   46420    4.1110247e+10   4.433970e+05   0.000000e+00    661s
   47010    4.1111930e+10   1.627726e+04   0.000000e+00    674s
   47970    4.1111930e+10   2.186294e+04   0.000000e+00    685s
   48670    4.1111930e+10   3.059716e+04   0.000000e+00    699s
   49240    4.1111930e+10   1.290064e+04   0.000000e+00    712s
   50070    4.1111930e+10   7.550210e+03   0.000000e+00    723s
   50800    4.1111930e+10   9.056921e+03   0.000000e+00    733s
   51540    4.1111930e+10   9.268775e+03   0.000000e+00    743s
   52140    4.1111930e+10   5.546406e+03   0.000000e+00    754s
   52780    4.1111930e+10   5.899608e+04   0.000000e+00    766s
   53500    4.1111930e+10   5.530201e+03   0.000000e+00    778s
   53880    4.1111930e+10   3.895832e+03   0.000000e+00    791s
   54440    4.1111930e+10   2.909892e+03   0.000000e+00    804s
   54980    4.1112021e+10   2.070264e+04   0.000000e+00    815s
   55490    4.1112021e+10   2.324932e+03   0.000000e+00    828s
   56090    4.1112021e+10   2.522367e+03   0.000000e+00    840s
   56710    4.1112021e+10   1.908849e+03   0.000000e+00    854s
   57350    4.1112021e+10   2.195338e+03   0.000000e+00    866s
   57740    4.1112021e+10   2.563216e+03   0.000000e+00    878s
   58230    4.1112021e+10   2.361842e+03   0.000000e+00    890s
   58590    4.1112021e+10   1.949477e+03   0.000000e+00    902s
   59020    4.1112021e+10   1.704103e+03   0.000000e+00    916s
   59390    4.1112021e+10   1.603614e+03   0.000000e+00    927s
   59810    4.1112021e+10   1.575867e+03   0.000000e+00    940s
   60180    4.1112021e+10   2.852440e+03   0.000000e+00    951s
   60710    4.1112037e+10   3.308300e+03   0.000000e+00    963s
   61080    4.1112037e+10   8.390965e+02   0.000000e+00    976s
   61450    4.1112037e+10   8.263700e+02   0.000000e+00    988s
   61840    4.1112037e+10   9.739959e+02   0.000000e+00   1002s
   62190    4.1112037e+10   7.093764e+02   0.000000e+00   1014s
   62460    4.1112037e+10   1.894114e+03   0.000000e+00   1027s
   62750    4.1112037e+10   1.160165e+03   0.000000e+00   1040s
   63020    4.1112037e+10   1.020284e+03   0.000000e+00   1052s
   63310    4.1112037e+10   9.645558e+02   0.000000e+00   1066s
   63550    4.1112037e+10   1.033764e+03   0.000000e+00   1079s
   63800    4.1112037e+10   6.557812e+03   0.000000e+00   1094s
   64050    4.1112037e+10   5.689632e+02   0.000000e+00   1107s
   64350    4.1112037e+10   4.156790e+03   0.000000e+00   1120s
   64570    4.1112037e+10   6.628865e+04   0.000000e+00   1135s
   64850    4.1112037e+10   1.620713e+03   0.000000e+00   1147s
   65100    4.1112037e+10   6.137644e+03   0.000000e+00   1160s
   65380    4.1112037e+10   1.150841e+04   0.000000e+00   1171s
   65610    4.1112037e+10   7.969088e+03   0.000000e+00   1183s
   65860    4.1112037e+10   2.559504e+03   0.000000e+00   1197s
   66130    4.1112037e+10   4.597789e+02   0.000000e+00   1210s
   66350    4.1112037e+10   1.788852e+04   0.000000e+00   1223s
   66610    4.1112037e+10   5.387491e+02   0.000000e+00   1235s
   66860    4.1112037e+10   1.721239e+03   0.000000e+00   1247s
   67120    4.1112037e+10   7.260338e+03   0.000000e+00   1259s
   67400    4.1112037e+10   5.573627e+02   0.000000e+00   1272s
   67700    4.1112037e+10   3.589771e+02   0.000000e+00   1285s
   67920    4.1112037e+10   6.492301e+03   0.000000e+00   1298s
   68140    4.1112037e+10   1.697332e+03   0.000000e+00   1311s
   68360    4.1112037e+10   3.658757e+03   0.000000e+00   1324s
   68550    4.1112037e+10   2.696426e+04   0.000000e+00   1337s
   68780    4.1112037e+10   1.705029e+04   0.000000e+00   1350s
   68990    4.1112037e+10   5.098946e+01   0.000000e+00   1364s
   69200    4.1112037e+10   1.391056e+02   0.000000e+00   1376s
   69390    4.1112037e+10   2.483805e-01   0.000000e+00   1388s
   69430    4.1112037e+10   0.000000e+00   0.000000e+00   1392s

Solved in 69430 iterations and 1392.45 seconds (565.33 work units)
Optimal objective  4.111203727e+10

User-callback calls 69572, time in user-callback 0.74 sec
Gurobi Optimizer version 11.0.3 build v11.0.3rc0 (win64 - Windows 11+.0 (26200.2))

CPU model: 12th Gen Intel(R) Core(TM) i7-1260P, instruction set [SSE2|AVX|AVX2]
Thread count: 12 physical cores, 16 logical processors, using up to 16 threads

Optimize a model with 3494560 rows, 3719542 columns and 11862400 nonzeros
Coefficient statistics:
  Matrix range     [5e-03, 2e+01]
  Objective range  [3e+02, 1e+08]
  Bounds range     [7e-06, 2e+01]
  RHS range        [2e+00, 1e+03]
LP warm-start: use basis

Iteration    Objective       Primal Inf.    Dual Inf.      Time
       0    4.1112037e+10   2.131573e+02   0.000000e+00      2s
    1260    4.1145730e+10   2.360250e+04   0.000000e+00     15s
    2540    4.1926979e+10   1.025661e+05   0.000000e+00     26s
    4010    4.2233053e+10   6.771951e+04   0.000000e+00     36s
    4960    4.2333014e+10   7.946755e+04   0.000000e+00     45s
    5710    4.2580361e+10   5.023955e+04   0.000000e+00     53s
    6410    4.2644704e+10   7.591542e+04   0.000000e+00     63s
    6990    4.2644704e+10   1.070754e+05   0.000000e+00     74s
    7750    4.2644704e+10   9.052330e+04   0.000000e+00     83s
    8370    4.2644704e+10   8.118211e+04   0.000000e+00     93s
    9090    4.2644704e+10   3.973736e+04   0.000000e+00    104s
    9690    4.2644704e+10   5.421275e+05   0.000000e+00    113s
   10400    4.2644704e+10   6.342280e+04   0.000000e+00    123s
   11160    4.2644704e+10   6.795433e+04   0.000000e+00    132s
   11830    4.2644704e+10   3.490107e+05   0.000000e+00    141s
   12210    4.2644704e+10   1.830986e+04   0.000000e+00    151s
   13590    4.2712671e+10   1.020207e+04   0.000000e+00    161s
   14780    4.2712709e+10   2.333659e+04   0.000000e+00    170s
   15590    4.2712807e+10   6.797456e+03   0.000000e+00    180s
   16210    4.2712807e+10   5.922473e+03   0.000000e+00    189s
   17070    4.2720192e+10   1.509261e+04   0.000000e+00    198s
   17640    4.2720538e+10   1.106671e+04   0.000000e+00    207s
   18190    4.2720538e+10   7.709283e+03   0.000000e+00    216s
   18660    4.2720538e+10   6.471505e+03   0.000000e+00    226s
   19040    4.2720594e+10   7.018934e+03   0.000000e+00    237s
   19730    4.2720594e+10   8.071852e+03   0.000000e+00    246s
   20510    4.2720727e+10   7.990036e+03   0.000000e+00    256s
   20830    4.2720727e+10   6.625362e+03   0.000000e+00    267s
   21090    4.2720727e+10   4.736812e+03   0.000000e+00    277s
   21360    4.2720727e+10   5.144075e+03   0.000000e+00    286s
   21900    4.2720727e+10   4.031003e+03   0.000000e+00    294s
   22220    4.2720727e+10   3.272696e+03   0.000000e+00    302s
   22560    4.2720727e+10   3.427853e+03   0.000000e+00    313s
   23150    4.2733161e+10   2.466433e+03   0.000000e+00    322s
   23590    4.2733310e+10   4.479764e+03   0.000000e+00    332s
   23990    4.2739699e+10   8.079717e+03   0.000000e+00    343s
   24430    4.2739713e+10   4.115626e+03   0.000000e+00    354s
   24840    4.2739713e+10   6.807638e+03   0.000000e+00    364s
   25500    4.2739716e+10   2.667716e+03   0.000000e+00    374s
   26250    4.2739716e+10   1.894457e+03   0.000000e+00    384s
   26750    4.2739716e+10   2.513205e+03   0.000000e+00    394s
   27450    4.2739717e+10   4.688044e+03   0.000000e+00    405s
   27810    4.2739717e+10   3.782209e+03   0.000000e+00    416s
   28030    4.2739717e+10   4.021206e+03   0.000000e+00    427s
   28230    4.2739717e+10   2.618594e+04   0.000000e+00    436s
   28540    4.2739717e+10   3.071879e+03   0.000000e+00    445s
   29100    4.2739717e+10   2.566428e+03   0.000000e+00    453s
   29460    4.2739717e+10   5.004852e+03   0.000000e+00    462s
   29740    4.2739717e+10   6.111118e+03   0.000000e+00    476s
   29980    4.2739717e+10   5.251646e+03   0.000000e+00    484s
   30340    4.2739717e+10   4.405746e+03   0.000000e+00    494s
   30670    4.2739717e+10   2.723970e+03   0.000000e+00    501s
