
Gurobi 11.0.3 (win64) logging started Wed Aug 19 23:32:13 2026

Set parameter LogFile to value "scenarios/C_fossil_dc/2040\gurobi_logfile.log"
Set parameter MIPGap to value 0.01
Set parameter TimeLimit to value 84600

Gurobi 11.0.3 (win64) logging started Wed Aug 19 23:32:13 2026

Set parameter LogFile to value "scenarios/C_fossil_dc/2040\gurobi_logfile.log"
Gurobi Optimizer version 11.0.3 build v11.0.3rc0 (win64 - Windows 11+.0 (26200.2))

CPU model: 12th Gen Intel(R) Core(TM) i7-1260P, instruction set [SSE2|AVX|AVX2]
Thread count: 12 physical cores, 16 logical processors, using up to 16 threads

Optimize a model with 201230 rows, 211558 columns and 645558 nonzeros
Model fingerprint: 0xb233174d
Coefficient statistics:
  Matrix range     [6e-01, 3e+00]
  Objective range  [3e+02, 2e+09]
  Bounds range     [4e-04, 1e+01]
  RHS range        [1e+00, 9e+02]
Warning: Model contains large objective coefficients
         Consider reformulating model or setting NumericFocus parameter
         to avoid numerical issues.
Presolve removed 153206 rows and 65166 columns
Presolve time: 0.23s
Presolved: 48024 rows, 146392 columns, 288392 nonzeros

Concurrent LP optimizer: primal simplex, dual simplex, and barrier
Showing barrier log only...

Ordering time: 0.00s

Barrier statistics:
 AA' NZ     : 4.700e+01
 Factor NZ  : 6.660e+02 (roughly 2 MB of memory)
 Factor Ops : 1.252e+04 (less than 1 second per iteration)
 Threads    : 1

Barrier performed 0 iterations in 0.29 seconds (0.29 work units)
Barrier solve interrupted - model solved by another algorithm


Solved with dual simplex
Iteration    Objective       Primal Inf.    Dual Inf.      Time
      55    5.9391956e+11   0.000000e+00   0.000000e+00      0s

Use crossover to convert LP symmetric solution to basic solution...
Crossover log...

       0 DPushes remaining with DInf 0.0000000e+00                 0s

   35990 PPushes remaining with PInf 0.0000000e+00                 0s
       0 PPushes remaining with PInf 0.0000000e+00                 1s

  Push phase complete: Pinf 0.0000000e+00, Dinf 4.8931688e-06      1s

Iteration    Objective       Primal Inf.    Dual Inf.      Time
   44059    5.9391956e+11   0.000000e+00   0.000000e+00      1s
   44059    5.9391956e+11   0.000000e+00   0.000000e+00      1s

Solved in 44059 iterations and 1.11 seconds (1.40 work units)
Optimal objective  5.939195616e+11

User-callback calls 44838, time in user-callback 0.01 sec
Gurobi Optimizer version 11.0.3 build v11.0.3rc0 (win64 - Windows 11+.0 (26200.2))

CPU model: 12th Gen Intel(R) Core(TM) i7-1260P, instruction set [SSE2|AVX|AVX2]
Thread count: 12 physical cores, 16 logical processors, using up to 16 threads

Optimize a model with 201262 rows, 211558 columns and 777831 nonzeros
Coefficient statistics:
  Matrix range     [5e-03, 5e+00]
  Objective range  [3e+02, 2e+09]
  Bounds range     [4e-04, 1e+01]
  RHS range        [1e+00, 9e+02]
Warning: Model contains large objective coefficients
         Consider reformulating model or setting NumericFocus parameter
         to avoid numerical issues.
LP warm-start: use basis

Iteration    Objective       Primal Inf.    Dual Inf.      Time
       0    5.9391956e+11   2.131270e+02   0.000000e+00      0s
    4593    5.9469557e+11   0.000000e+00   0.000000e+00      4s

Solved in 4593 iterations and 3.74 seconds (6.29 work units)
Optimal objective  5.946955700e+11

User-callback calls 4618, time in user-callback 0.00 sec
Gurobi Optimizer version 11.0.3 build v11.0.3rc0 (win64 - Windows 11+.0 (26200.2))

CPU model: 12th Gen Intel(R) Core(TM) i7-1260P, instruction set [SSE2|AVX|AVX2]
Thread count: 12 physical cores, 16 logical processors, using up to 16 threads

Optimize a model with 201294 rows, 211558 columns and 890696 nonzeros
Coefficient statistics:
  Matrix range     [5e-03, 2e+01]
  Objective range  [3e+02, 2e+09]
  Bounds range     [4e-04, 1e+01]
  RHS range        [2e-01, 9e+02]
Warning: Model contains large objective coefficients
         Consider reformulating model or setting NumericFocus parameter
         to avoid numerical issues.
LP warm-start: use basis

Iteration    Objective       Primal Inf.    Dual Inf.      Time
       0    5.9469557e+11   3.983424e+02   0.000000e+00      0s
    3261    5.9487833e+11   0.000000e+00   0.000000e+00      2s

Solved in 3261 iterations and 2.14 seconds (4.02 work units)
Optimal objective  5.948783290e+11

User-callback calls 3286, time in user-callback 0.01 sec
Gurobi Optimizer version 11.0.3 build v11.0.3rc0 (win64 - Windows 11+.0 (26200.2))

CPU model: 12th Gen Intel(R) Core(TM) i7-1260P, instruction set [SSE2|AVX|AVX2]
Thread count: 12 physical cores, 16 logical processors, using up to 16 threads

Optimize a model with 201326 rows, 211558 columns and 985982 nonzeros
Coefficient statistics:
  Matrix range     [5e-03, 2e+01]
  Objective range  [3e+02, 2e+09]
  Bounds range     [4e-04, 1e+01]
  RHS range        [2e-01, 9e+02]
Warning: Model contains large objective coefficients
         Consider reformulating model or setting NumericFocus parameter
         to avoid numerical issues.
LP warm-start: use basis

Iteration    Objective       Primal Inf.    Dual Inf.      Time
       0    5.9487833e+11   1.030852e+02   0.000000e+00      0s
    2656    5.9515823e+11   0.000000e+00   0.000000e+00      2s

Solved in 2656 iterations and 2.15 seconds (3.24 work units)
Optimal objective  5.951582336e+11

User-callback calls 2681, time in user-callback 0.00 sec
Gurobi Optimizer version 11.0.3 build v11.0.3rc0 (win64 - Windows 11+.0 (26200.2))

CPU model: 12th Gen Intel(R) Core(TM) i7-1260P, instruction set [SSE2|AVX|AVX2]
Thread count: 12 physical cores, 16 logical processors, using up to 16 threads

Optimize a model with 201358 rows, 211558 columns and 1098448 nonzeros
Coefficient statistics:
  Matrix range     [5e-03, 2e+01]
  Objective range  [3e+02, 2e+09]
  Bounds range     [4e-04, 1e+01]
  RHS range        [2e-01, 9e+02]
Warning: Model contains large objective coefficients
         Consider reformulating model or setting NumericFocus parameter
         to avoid numerical issues.
LP warm-start: use basis

Iteration    Objective       Primal Inf.    Dual Inf.      Time
       0    5.9515823e+11   1.200547e+02   0.000000e+00      0s
    4060    5.9524317e+11   1.918805e+04   0.000000e+00      5s
    6055    5.9524361e+11   0.000000e+00   0.000000e+00      7s

Solved in 6055 iterations and 6.98 seconds (11.22 work units)
Optimal objective  5.952436076e+11

User-callback calls 6081, time in user-callback 0.01 sec
Gurobi Optimizer version 11.0.3 build v11.0.3rc0 (win64 - Windows 11+.0 (26200.2))

CPU model: 12th Gen Intel(R) Core(TM) i7-1260P, instruction set [SSE2|AVX|AVX2]
Thread count: 12 physical cores, 16 logical processors, using up to 16 threads

Optimize a model with 201390 rows, 211558 columns and 1162774 nonzeros
Coefficient statistics:
  Matrix range     [5e-03, 2e+01]
  Objective range  [3e+02, 2e+09]
  Bounds range     [4e-04, 1e+01]
  RHS range        [2e-01, 9e+02]
Warning: Model contains large objective coefficients
         Consider reformulating model or setting NumericFocus parameter
         to avoid numerical issues.
LP warm-start: use basis

Iteration    Objective       Primal Inf.    Dual Inf.      Time
       0    5.9524361e+11   1.167171e+02   0.000000e+00      0s
    3619    5.9534345e+11   0.000000e+00   0.000000e+00      4s

Solved in 3619 iterations and 3.53 seconds (6.00 work units)
Optimal objective  5.953434469e+11

User-callback calls 3644, time in user-callback 0.01 sec
Gurobi Optimizer version 11.0.3 build v11.0.3rc0 (win64 - Windows 11+.0 (26200.2))

CPU model: 12th Gen Intel(R) Core(TM) i7-1260P, instruction set [SSE2|AVX|AVX2]
Thread count: 12 physical cores, 16 logical processors, using up to 16 threads

Optimize a model with 201422 rows, 211558 columns and 1237788 nonzeros
Coefficient statistics:
  Matrix range     [5e-03, 2e+01]
  Objective range  [3e+02, 2e+09]
  Bounds range     [4e-04, 1e+01]
  RHS range        [2e-01, 9e+02]
Warning: Model contains large objective coefficients
         Consider reformulating model or setting NumericFocus parameter
         to avoid numerical issues.
LP warm-start: use basis

Iteration    Objective       Primal Inf.    Dual Inf.      Time
       0    5.9534345e+11   4.560436e+01   0.000000e+00      0s
    3380    5.9540071e+11   1.167489e+04   0.000000e+00      5s
    4063    5.9540108e+11   0.000000e+00   0.000000e+00      7s

Solved in 4063 iterations and 7.39 seconds (11.84 work units)
Optimal objective  5.954010821e+11

User-callback calls 4089, time in user-callback 0.03 sec
Gurobi Optimizer version 11.0.3 build v11.0.3rc0 (win64 - Windows 11+.0 (26200.2))

CPU model: 12th Gen Intel(R) Core(TM) i7-1260P, instruction set [SSE2|AVX|AVX2]
Thread count: 12 physical cores, 16 logical processors, using up to 16 threads

Optimize a model with 201454 rows, 211558 columns and 1320729 nonzeros
Coefficient statistics:
  Matrix range     [5e-03, 2e+01]
  Objective range  [3e+02, 2e+09]
  Bounds range     [4e-04, 1e+01]
  RHS range        [2e-01, 9e+02]
Warning: Model contains large objective coefficients
         Consider reformulating model or setting NumericFocus parameter
         to avoid numerical issues.
LP warm-start: use basis

Iteration    Objective       Primal Inf.    Dual Inf.      Time
       0    5.9540108e+11   7.504796e+01   0.000000e+00      0s
    2750    5.9542859e+11   4.618889e+03   0.000000e+00      5s
    4152    5.9543011e+11   0.000000e+00   0.000000e+00      9s

Solved in 4152 iterations and 9.43 seconds (16.11 work units)
Optimal objective  5.954301137e+11

User-callback calls 4178, time in user-callback 0.02 sec
Gurobi Optimizer version 11.0.3 build v11.0.3rc0 (win64 - Windows 11+.0 (26200.2))

CPU model: 12th Gen Intel(R) Core(TM) i7-1260P, instruction set [SSE2|AVX|AVX2]
Thread count: 12 physical cores, 16 logical processors, using up to 16 threads

Optimize a model with 201486 rows, 211558 columns and 1370922 nonzeros
Coefficient statistics:
  Matrix range     [5e-03, 2e+01]
  Objective range  [3e+02, 2e+09]
  Bounds range     [4e-04, 1e+01]
  RHS range        [8e-02, 9e+02]
Warning: Model contains large objective coefficients
         Consider reformulating model or setting NumericFocus parameter
         to avoid numerical issues.
LP warm-start: use basis

Iteration    Objective       Primal Inf.    Dual Inf.      Time
       0    5.9543011e+11   1.255478e+02   0.000000e+00      0s
    1374    5.9544510e+11   0.000000e+00   0.000000e+00      3s

Solved in 1374 iterations and 2.85 seconds (5.18 work units)
Optimal objective  5.954450975e+11

User-callback calls 1399, time in user-callback 0.00 sec
Gurobi Optimizer version 11.0.3 build v11.0.3rc0 (win64 - Windows 11+.0 (26200.2))

CPU model: 12th Gen Intel(R) Core(TM) i7-1260P, instruction set [SSE2|AVX|AVX2]
Thread count: 12 physical cores, 16 logical processors, using up to 16 threads

Optimize a model with 201518 rows, 211558 columns and 1453466 nonzeros
Coefficient statistics:
  Matrix range     [5e-03, 2e+01]
  Objective range  [3e+02, 2e+09]
  Bounds range     [4e-04, 1e+01]
  RHS range        [8e-02, 9e+02]
Warning: Model contains large objective coefficients
         Consider reformulating model or setting NumericFocus parameter
         to avoid numerical issues.
LP warm-start: use basis

Iteration    Objective       Primal Inf.    Dual Inf.      Time
       0    5.9544510e+11   6.975913e+01   0.000000e+00      0s
    1730    5.9546003e+11   1.766709e+05   0.000000e+00      5s
    3060    5.9546003e+11   1.946995e+04   0.000000e+00     10s
    4260    5.9546003e+11   5.716913e+03   0.000000e+00     16s
    5370    5.9546043e+11   6.149747e+01   0.000000e+00     20s
    6185    5.9546043e+11   0.000000e+00   0.000000e+00     24s

Solved in 6185 iterations and 23.58 seconds (42.28 work units)
Optimal objective  5.954604278e+11

User-callback calls 6215, time in user-callback 0.03 sec
Gurobi Optimizer version 11.0.3 build v11.0.3rc0 (win64 - Windows 11+.0 (26200.2))

CPU model: 12th Gen Intel(R) Core(TM) i7-1260P, instruction set [SSE2|AVX|AVX2]
Thread count: 12 physical cores, 16 logical processors, using up to 16 threads

Optimize a model with 201550 rows, 211558 columns and 1548665 nonzeros
Coefficient statistics:
  Matrix range     [5e-03, 2e+01]
  Objective range  [3e+02, 2e+09]
  Bounds range     [4e-04, 1e+01]
  RHS range        [8e-02, 9e+02]
Warning: Model contains large objective coefficients
         Consider reformulating model or setting NumericFocus parameter
         to avoid numerical issues.
LP warm-start: use basis

Iteration    Objective       Primal Inf.    Dual Inf.      Time
       0    5.9546043e+11   6.432672e+01   0.000000e+00      0s
    1780    5.9552297e+11   8.186636e+04   0.000000e+00      5s
    4500    5.9552579e+11   2.443608e+04   0.000000e+00     10s
    5760    5.9552744e+11   1.359050e+05   0.000000e+00     15s
    6960    5.9553155e+11   5.595356e+02   0.000000e+00     20s
    7618    5.9553228e+11   0.000000e+00   0.000000e+00     23s

Solved in 7618 iterations and 23.25 seconds (41.70 work units)
Optimal objective  5.955322836e+11

User-callback calls 7647, time in user-callback 0.06 sec
Gurobi Optimizer version 11.0.3 build v11.0.3rc0 (win64 - Windows 11+.0 (26200.2))

CPU model: 12th Gen Intel(R) Core(TM) i7-1260P, instruction set [SSE2|AVX|AVX2]
Thread count: 12 physical cores, 16 logical processors, using up to 16 threads

Optimize a model with 201582 rows, 211558 columns and 1598091 nonzeros
Coefficient statistics:
  Matrix range     [5e-03, 2e+01]
  Objective range  [3e+02, 2e+09]
  Bounds range     [4e-04, 1e+01]
  RHS range        [8e-02, 9e+02]
Warning: Model contains large objective coefficients
         Consider reformulating model or setting NumericFocus parameter
         to avoid numerical issues.
LP warm-start: use basis

Iteration    Objective       Primal Inf.    Dual Inf.      Time
       0    5.9553228e+11   1.481171e+02   0.000000e+00      0s
    1740    5.9555978e+11   2.432710e+03   0.000000e+00      5s
    3010    5.9556002e+11   6.158121e+02   0.000000e+00     10s
    3677    5.9557897e+11   0.000000e+00   0.000000e+00     12s

Solved in 3677 iterations and 12.43 seconds (21.28 work units)
Optimal objective  5.955789709e+11

User-callback calls 3704, time in user-callback 0.00 sec
Gurobi Optimizer version 11.0.3 build v11.0.3rc0 (win64 - Windows 11+.0 (26200.2))

CPU model: 12th Gen Intel(R) Core(TM) i7-1260P, instruction set [SSE2|AVX|AVX2]
Thread count: 12 physical cores, 16 logical processors, using up to 16 threads

Optimize a model with 201614 rows, 211558 columns and 1689212 nonzeros
Coefficient statistics:
  Matrix range     [5e-03, 2e+01]
  Objective range  [3e+02, 2e+09]
  Bounds range     [4e-04, 1e+01]
  RHS range        [8e-02, 9e+02]
Warning: Model contains large objective coefficients
         Consider reformulating model or setting NumericFocus parameter
         to avoid numerical issues.
LP warm-start: use basis

Iteration    Objective       Primal Inf.    Dual Inf.      Time
       0    5.9557897e+11   9.163432e+01   0.000000e+00      0s
    1510    5.9558661e+11   3.272588e+04   0.000000e+00      5s
    2640    5.9558818e+11   6.201595e+01   0.000000e+00     10s
    2822    5.9558820e+11   0.000000e+00   0.000000e+00     11s

Solved in 2822 iterations and 11.19 seconds (18.42 work units)
Optimal objective  5.955882015e+11

User-callback calls 2849, time in user-callback 0.01 sec
Gurobi Optimizer version 11.0.3 build v11.0.3rc0 (win64 - Windows 11+.0 (26200.2))

CPU model: 12th Gen Intel(R) Core(TM) i7-1260P, instruction set [SSE2|AVX|AVX2]
Thread count: 12 physical cores, 16 logical processors, using up to 16 threads

Optimize a model with 201646 rows, 211558 columns and 1750449 nonzeros
Coefficient statistics:
  Matrix range     [5e-03, 2e+01]
  Objective range  [3e+02, 2e+09]
  Bounds range     [4e-04, 1e+01]
  RHS range        [8e-02, 9e+02]
Warning: Model contains large objective coefficients
         Consider reformulating model or setting NumericFocus parameter
         to avoid numerical issues.
LP warm-start: use basis

Iteration    Objective       Primal Inf.    Dual Inf.      Time
       0    5.9558820e+11   7.709328e+01   0.000000e+00      0s
    1400    5.9560959e+11   2.406539e+01   0.000000e+00      5s
    1517    5.9560959e+11   0.000000e+00   0.000000e+00      6s

Solved in 1517 iterations and 5.82 seconds (10.01 work units)
Optimal objective  5.956095918e+11
Warning: unscaled dual violation = 3.89512e-06 and residual = 3.89559e-06

User-callback calls 1546, time in user-callback 0.01 sec
Gurobi Optimizer version 11.0.3 build v11.0.3rc0 (win64 - Windows 11+.0 (26200.2))

CPU model: 12th Gen Intel(R) Core(TM) i7-1260P, instruction set [SSE2|AVX|AVX2]
Thread count: 12 physical cores, 16 logical processors, using up to 16 threads

Optimize a model with 201678 rows, 211558 columns and 1813007 nonzeros
Coefficient statistics:
  Matrix range     [5e-03, 2e+01]
  Objective range  [3e+02, 2e+09]
  Bounds range     [4e-04, 1e+01]
  RHS range        [8e-02, 9e+02]
Warning: Model contains large objective coefficients
         Consider reformulating model or setting NumericFocus parameter
         to avoid numerical issues.
LP warm-start: use basis

Iteration    Objective       Primal Inf.    Dual Inf.      Time
       0   -6.3099683e+24   7.838957e+32   9.268988e-06      0s
    1420    5.9561689e+11   4.826457e+04   0.000000e+00      5s
    2470    5.9561707e+11   3.259811e+03   0.000000e+00     10s
    3810    5.9562010e+11   1.898532e+02   0.000000e+00     15s
    4272    5.9562041e+11   0.000000e+00   0.000000e+00     17s

Solved in 4272 iterations and 17.35 seconds (29.66 work units)
Optimal objective  5.956204140e+11

User-callback calls 4300, time in user-callback 0.05 sec
Gurobi Optimizer version 11.0.3 build v11.0.3rc0 (win64 - Windows 11+.0 (26200.2))

CPU model: 12th Gen Intel(R) Core(TM) i7-1260P, instruction set [SSE2|AVX|AVX2]
Thread count: 12 physical cores, 16 logical processors, using up to 16 threads

Optimize a model with 201710 rows, 211558 columns and 1874546 nonzeros
Coefficient statistics:
  Matrix range     [5e-03, 2e+01]
  Objective range  [3e+02, 2e+09]
  Bounds range     [4e-04, 1e+01]
  RHS range        [8e-02, 9e+02]
Warning: Model contains large objective coefficients
         Consider reformulating model or setting NumericFocus parameter
         to avoid numerical issues.
LP warm-start: use basis

Iteration    Objective       Primal Inf.    Dual Inf.      Time
       0    5.9562041e+11   5.527734e+01   0.000000e+00      0s
    1041    5.9564344e+11   0.000000e+00   0.000000e+00      4s

Solved in 1041 iterations and 3.94 seconds (6.86 work units)
Optimal objective  5.956434403e+11

User-callback calls 1066, time in user-callback 0.00 sec
Gurobi Optimizer version 11.0.3 build v11.0.3rc0 (win64 - Windows 11+.0 (26200.2))

CPU model: 12th Gen Intel(R) Core(TM) i7-1260P, instruction set [SSE2|AVX|AVX2]
Thread count: 12 physical cores, 16 logical processors, using up to 16 threads

Optimize a model with 201742 rows, 211558 columns and 1979447 nonzeros
Coefficient statistics:
  Matrix range     [5e-03, 2e+01]
  Objective range  [3e+02, 2e+09]
  Bounds range     [4e-04, 1e+01]
  RHS range        [8e-02, 9e+02]
Warning: Model contains large objective coefficients
         Consider reformulating model or setting NumericFocus parameter
         to avoid numerical issues.
LP warm-start: use basis

Iteration    Objective       Primal Inf.    Dual Inf.      Time
       0    5.9564344e+11   4.088679e+01   0.000000e+00      0s
    2110    5.9568603e+11   6.666096e+02   0.000000e+00      5s
    2473    5.9568635e+11   0.000000e+00   0.000000e+00      7s

Solved in 2473 iterations and 6.65 seconds (11.94 work units)
Optimal objective  5.956863461e+11

User-callback calls 2499, time in user-callback 0.03 sec
Gurobi Optimizer version 11.0.3 build v11.0.3rc0 (win64 - Windows 11+.0 (26200.2))

CPU model: 12th Gen Intel(R) Core(TM) i7-1260P, instruction set [SSE2|AVX|AVX2]
Thread count: 12 physical cores, 16 logical processors, using up to 16 threads

Optimize a model with 201774 rows, 211558 columns and 2050452 nonzeros
Coefficient statistics:
  Matrix range     [5e-03, 2e+01]
  Objective range  [3e+02, 2e+09]
  Bounds range     [4e-04, 1e+01]
  RHS range        [8e-02, 9e+02]
Warning: Model contains large objective coefficients
         Consider reformulating model or setting NumericFocus parameter
         to avoid numerical issues.
LP warm-start: use basis

Iteration    Objective       Primal Inf.    Dual Inf.      Time
       0    5.9568635e+11   5.369615e+01   0.000000e+00      0s
    1440    5.9569552e+11   5.315894e+04   0.000000e+00      5s
    2530    5.9569553e+11   4.001490e+04   0.000000e+00     10s
    2902    5.9569554e+11   0.000000e+00   0.000000e+00     12s

Solved in 2902 iterations and 11.86 seconds (21.55 work units)
Optimal objective  5.956955418e+11

User-callback calls 2929, time in user-callback 0.02 sec
Gurobi Optimizer version 11.0.3 build v11.0.3rc0 (win64 - Windows 11+.0 (26200.2))

CPU model: 12th Gen Intel(R) Core(TM) i7-1260P, instruction set [SSE2|AVX|AVX2]
Thread count: 12 physical cores, 16 logical processors, using up to 16 threads

Optimize a model with 201806 rows, 211558 columns and 2116010 nonzeros
Coefficient statistics:
  Matrix range     [5e-03, 2e+01]
  Objective range  [3e+02, 2e+09]
  Bounds range     [4e-04, 1e+01]
  RHS range        [8e-02, 9e+02]
Warning: Model contains large objective coefficients
         Consider reformulating model or setting NumericFocus parameter
         to avoid numerical issues.
LP warm-start: use basis

Iteration    Objective       Primal Inf.    Dual Inf.      Time
       0    5.9569554e+11   4.624688e+01   0.000000e+00      0s
    1390    5.9572323e+11   4.308911e+03   0.000000e+00      5s
    2500    5.9572324e+11   5.777626e+03   0.000000e+00     10s
    3590    5.9572345e+11   1.910195e+04   0.000000e+00     15s
    4710    5.9572359e+11   6.122732e+04   0.000000e+00     20s
    5920    5.9572386e+11   7.503211e+04   0.000000e+00     26s
    6900    5.9572388e+11   1.418453e+02   0.000000e+00     30s
    7397    5.9572388e+11   0.000000e+00   0.000000e+00     33s

Solved in 7397 iterations and 32.58 seconds (57.63 work units)
Optimal objective  5.957238777e+11

User-callback calls 7428, time in user-callback 0.07 sec
Gurobi Optimizer version 11.0.3 build v11.0.3rc0 (win64 - Windows 11+.0 (26200.2))

CPU model: 12th Gen Intel(R) Core(TM) i7-1260P, instruction set [SSE2|AVX|AVX2]
Thread count: 12 physical cores, 16 logical processors, using up to 16 threads

Optimize a model with 201838 rows, 211558 columns and 2194751 nonzeros
Coefficient statistics:
  Matrix range     [5e-03, 2e+01]
  Objective range  [3e+02, 2e+09]
  Bounds range     [4e-04, 1e+01]
  RHS range        [8e-02, 9e+02]
Warning: Model contains large objective coefficients
         Consider reformulating model or setting NumericFocus parameter
         to avoid numerical issues.
LP warm-start: use basis

Iteration    Objective       Primal Inf.    Dual Inf.      Time
       0    5.9572388e+11   3.169078e+01   0.000000e+00      0s
    1340    5.9574819e+11   1.520947e+05   0.000000e+00      5s
    2360    5.9574830e+11   3.473560e+02   0.000000e+00     10s
    3640    5.9574994e+11   4.170452e+03   0.000000e+00     15s
    4750    5.9575000e+11   1.043374e+03   0.000000e+00     20s
    5720    5.9575000e+11   1.341798e+03   0.000000e+00     25s
    6680    5.9575000e+11   8.450286e+02   0.000000e+00     30s
    8210    5.9575001e+11   1.225368e+03   0.000000e+00     35s
    8458    5.9575001e+11   0.000000e+00   0.000000e+00     36s

Solved in 8458 iterations and 35.76 seconds (62.72 work units)
Optimal objective  5.957500105e+11

User-callback calls 8491, time in user-callback 0.02 sec
Gurobi Optimizer version 11.0.3 build v11.0.3rc0 (win64 - Windows 11+.0 (26200.2))

CPU model: 12th Gen Intel(R) Core(TM) i7-1260P, instruction set [SSE2|AVX|AVX2]
Thread count: 12 physical cores, 16 logical processors, using up to 16 threads

Optimize a model with 201870 rows, 211558 columns and 2284249 nonzeros
Coefficient statistics:
  Matrix range     [5e-03, 2e+01]
  Objective range  [3e+02, 2e+09]
  Bounds range     [4e-04, 1e+01]
  RHS range        [8e-02, 9e+02]
Warning: Model contains large objective coefficients
         Consider reformulating model or setting NumericFocus parameter
         to avoid numerical issues.
LP warm-start: use basis

Iteration    Objective       Primal Inf.    Dual Inf.      Time
       0   -3.5253596e+23   1.183250e+31   1.199078e-06      0s
    1941    5.9577836e+11   1.992321e+04   0.000000e+00      5s
    3151    5.9577937e+11   1.420366e+04   0.000000e+00     10s
    4201    5.9578015e+11   1.197929e+05   0.000000e+00     15s
    4485    5.9578027e+11   0.000000e+00   0.000000e+00     16s

Solved in 4485 iterations and 16.30 seconds (30.13 work units)
Optimal objective  5.957802692e+11

User-callback calls 4517, time in user-callback 0.03 sec
Gurobi Optimizer version 11.0.3 build v11.0.3rc0 (win64 - Windows 11+.0 (26200.2))

CPU model: 12th Gen Intel(R) Core(TM) i7-1260P, instruction set [SSE2|AVX|AVX2]
Thread count: 12 physical cores, 16 logical processors, using up to 16 threads

Optimize a model with 201902 rows, 211558 columns and 2366219 nonzeros
Coefficient statistics:
  Matrix range     [5e-03, 2e+01]
  Objective range  [3e+02, 2e+09]
  Bounds range     [4e-04, 1e+01]
  RHS range        [8e-02, 9e+02]
Warning: Model contains large objective coefficients
         Consider reformulating model or setting NumericFocus parameter
         to avoid numerical issues.
LP warm-start: use basis

Iteration    Objective       Primal Inf.    Dual Inf.      Time
       0    5.9578027e+11   3.839829e+01   0.000000e+00      0s
    1260    5.9580328e+11   1.179011e+03   0.000000e+00      5s
    2143    5.9580412e+11   0.000000e+00   0.000000e+00     10s

Solved in 2143 iterations and 9.84 seconds (15.21 work units)
Optimal objective  5.958041193e+11

User-callback calls 2169, time in user-callback 0.00 sec
Gurobi Optimizer version 11.0.3 build v11.0.3rc0 (win64 - Windows 11+.0 (26200.2))

CPU model: 12th Gen Intel(R) Core(TM) i7-1260P, instruction set [SSE2|AVX|AVX2]
Thread count: 12 physical cores, 16 logical processors, using up to 16 threads

Optimize a model with 201934 rows, 211558 columns and 2419735 nonzeros
Coefficient statistics:
  Matrix range     [5e-03, 2e+01]
  Objective range  [3e+02, 2e+09]
  Bounds range     [4e-04, 1e+01]
  RHS range        [8e-02, 9e+02]
Warning: Model contains large objective coefficients
         Consider reformulating model or setting NumericFocus parameter
         to avoid numerical issues.
LP warm-start: use basis

Iteration    Objective       Primal Inf.    Dual Inf.      Time
       0   -3.1153234e+24   9.054848e+31   1.044944e-06      0s
    3809    5.9562629e+11   4.686626e+01   1.190514e+10      5s
    6605    5.9592998e+11   0.000000e+00   7.546768e+09     10s
    9834    5.9583209e+11   0.000000e+00   6.461946e+09     15s
   14580    5.9582431e+11   0.000000e+00   5.549576e+08     20s
   19299    5.9582409e+11   0.000000e+00   0.000000e+00     23s

Solved in 19299 iterations and 22.95 seconds (58.92 work units)
Optimal objective  5.958240937e+11

User-callback calls 19365, time in user-callback 0.03 sec
Gurobi Optimizer version 11.0.3 build v11.0.3rc0 (win64 - Windows 11+.0 (26200.2))

CPU model: 12th Gen Intel(R) Core(TM) i7-1260P, instruction set [SSE2|AVX|AVX2]
Thread count: 12 physical cores, 16 logical processors, using up to 16 threads

Optimize a model with 201966 rows, 211558 columns and 2526968 nonzeros
Coefficient statistics:
  Matrix range     [5e-03, 2e+01]
  Objective range  [3e+02, 2e+09]
  Bounds range     [4e-04, 1e+01]
  RHS range        [8e-02, 9e+02]
Warning: Model contains large objective coefficients
         Consider reformulating model or setting NumericFocus parameter
         to avoid numerical issues.
LP warm-start: use basis

Iteration    Objective       Primal Inf.    Dual Inf.      Time
       0    4.7660822e+25   2.548658e+31   8.215473e-05      0s
    1220    5.9583650e+11   3.556875e+06   0.000000e+00      5s
    2300    5.9583716e+11   2.748416e+06   0.000000e+00     10s
    3270    5.9583746e+11   2.114472e+04   0.000000e+00     16s
    4130    5.9583775e+11   5.008087e+03   0.000000e+00     20s
    4860    5.9583781e+11   4.357508e+04   0.000000e+00     25s
    5730    5.9583785e+11   1.933259e+04   0.000000e+00     30s
    6680    5.9583788e+11   8.232130e+04   0.000000e+00     35s
    7540    5.9583793e+11   1.880866e+03   0.000000e+00     40s
    8273    5.9583798e+11   0.000000e+00   0.000000e+00     44s

Solved in 8273 iterations and 44.01 seconds (71.59 work units)
Optimal objective  5.958379771e+11

User-callback calls 8306, time in user-callback 0.08 sec
Gurobi Optimizer version 11.0.3 build v11.0.3rc0 (win64 - Windows 11+.0 (26200.2))

CPU model: 12th Gen Intel(R) Core(TM) i7-1260P, instruction set [SSE2|AVX|AVX2]
Thread count: 12 physical cores, 16 logical processors, using up to 16 threads

Optimize a model with 201998 rows, 211558 columns and 2609048 nonzeros
Coefficient statistics:
  Matrix range     [5e-03, 2e+01]
  Objective range  [3e+02, 2e+09]
  Bounds range     [4e-04, 1e+01]
  RHS range        [8e-02, 9e+02]
Warning: Model contains large objective coefficients
         Consider reformulating model or setting NumericFocus parameter
         to avoid numerical issues.
LP warm-start: use basis

Iteration    Objective       Primal Inf.    Dual Inf.      Time
       0    5.9583798e+11   3.711314e+01   0.000000e+00      0s
    1140    5.9585077e+11   2.919440e+04   0.000000e+00      6s
    2080    5.9585522e+11   7.667931e+04   0.000000e+00     10s
    3000    5.9585531e+11   9.405858e+05   0.000000e+00     15s
    4050    5.9585662e+11   1.692141e+05   0.000000e+00     20s
    5110    5.9586137e+11   2.319210e+04   0.000000e+00     26s
    6000    5.9586139e+11   3.650425e+04   0.000000e+00     30s
    6980    5.9586139e+11   5.374802e+04   0.000000e+00     35s
    8100    5.9586300e+11   1.009646e+03   0.000000e+00     40s
    9090    5.9586300e+11   1.323190e+03   0.000000e+00     45s
   10200    5.9586378e+11   1.503640e+02   0.000000e+00     50s
   10526    5.9586379e+11   0.000000e+00   0.000000e+00     52s

Solved in 10526 iterations and 52.08 seconds (89.21 work units)
Optimal objective  5.958637877e+11
Warning: unscaled dual violation = 1.38422e-06 and residual = 6.63179e-05

User-callback calls 10563, time in user-callback 0.10 sec
Gurobi Optimizer version 11.0.3 build v11.0.3rc0 (win64 - Windows 11+.0 (26200.2))

CPU model: 12th Gen Intel(R) Core(TM) i7-1260P, instruction set [SSE2|AVX|AVX2]
Thread count: 12 physical cores, 16 logical processors, using up to 16 threads

Optimize a model with 202030 rows, 211558 columns and 2686507 nonzeros
Coefficient statistics:
  Matrix range     [5e-03, 2e+01]
  Objective range  [3e+02, 2e+09]
  Bounds range     [4e-04, 1e+01]
  RHS range        [8e-02, 9e+02]
Warning: Model contains large objective coefficients
         Consider reformulating model or setting NumericFocus parameter
         to avoid numerical issues.
LP warm-start: use basis

Iteration    Objective       Primal Inf.    Dual Inf.      Time
       0   -1.4406565e+27   2.028785e+32   1.210287e-03      0s
    1170    5.9586842e+11   7.513518e+03   0.000000e+00      6s
    2070    5.9586857e+11   4.049932e+02   0.000000e+00     10s
    2506    5.9586858e+11   0.000000e+00   0.000000e+00     13s

Solved in 2506 iterations and 12.85 seconds (21.96 work units)
Optimal objective  5.958685777e+11

User-callback calls 2533, time in user-callback 0.02 sec
Gurobi Optimizer version 11.0.3 build v11.0.3rc0 (win64 - Windows 11+.0 (26200.2))

CPU model: 12th Gen Intel(R) Core(TM) i7-1260P, instruction set [SSE2|AVX|AVX2]
Thread count: 12 physical cores, 16 logical processors, using up to 16 threads

Optimize a model with 202062 rows, 211558 columns and 2731952 nonzeros
Coefficient statistics:
  Matrix range     [5e-03, 2e+01]
  Objective range  [3e+02, 2e+09]
  Bounds range     [4e-04, 1e+01]
  RHS range        [8e-02, 9e+02]
Warning: Model contains large objective coefficients
         Consider reformulating model or setting NumericFocus parameter
         to avoid numerical issues.
LP warm-start: use basis

Iteration    Objective       Primal Inf.    Dual Inf.      Time
       0    2.1740143e+24   4.222317e+31   4.033602e-06      0s
    1120    5.9587589e+11   1.319293e+04   0.000000e+00      5s
    2100    5.9587633e+11   3.744067e+04   0.000000e+00     11s
    2990    5.9587639e+11   3.796415e+04   0.000000e+00     15s
    3910    5.9587674e+11   5.850123e+06   0.000000e+00     20s
Warning: Markowitz tolerance tightened to 0.03125
    4880    5.9587772e+11   1.645885e+07   0.000000e+00     25s
    5860    5.9587847e+11   3.824873e+04   0.000000e+00     30s
    6780    5.9587851e+11   1.638686e+05   0.000000e+00     35s
    7710    5.9587854e+11   5.194206e+00   0.000000e+00     40s
    8390    5.9587855e+11   0.000000e+00   0.000000e+00     44s

Solved in 8390 iterations and 44.38 seconds (75.18 work units)
Optimal objective  5.958785458e+11

User-callback calls 8424, time in user-callback 0.09 sec
Gurobi Optimizer version 11.0.3 build v11.0.3rc0 (win64 - Windows 11+.0 (26200.2))

CPU model: 12th Gen Intel(R) Core(TM) i7-1260P, instruction set [SSE2|AVX|AVX2]
Thread count: 12 physical cores, 16 logical processors, using up to 16 threads

Optimize a model with 202094 rows, 211558 columns and 2806292 nonzeros
Coefficient statistics:
  Matrix range     [5e-03, 2e+01]
  Objective range  [3e+02, 2e+09]
  Bounds range     [4e-04, 1e+01]
  RHS range        [8e-02, 9e+02]
Warning: Model contains large objective coefficients
         Consider reformulating model or setting NumericFocus parameter
         to avoid numerical issues.
LP warm-start: use basis

Iteration    Objective       Primal Inf.    Dual Inf.      Time
       0   -4.7832665e+25   3.118987e+31   6.027190e-05      0s
    1110    5.9588437e+11   7.386739e+03   0.000000e+00      5s
    2240    5.9588527e+11   1.410377e+05   0.000000e+00     10s
    3140    5.9588533e+11   4.431216e+05   0.000000e+00     15s
    4240    5.9588540e+11   2.912458e+05   0.000000e+00     21s
    5200    5.9588563e+11   2.079685e+02   0.000000e+00     25s
    6090    5.9588568e+11   1.363045e+01   0.000000e+00     30s
    6157    5.9588568e+11   0.000000e+00   0.000000e+00     31s

Solved in 6157 iterations and 30.63 seconds (54.80 work units)
Optimal objective  5.958856778e+11

User-callback calls 6189, time in user-callback 0.05 sec
Gurobi Optimizer version 11.0.3 build v11.0.3rc0 (win64 - Windows 11+.0 (26200.2))

CPU model: 12th Gen Intel(R) Core(TM) i7-1260P, instruction set [SSE2|AVX|AVX2]
Thread count: 12 physical cores, 16 logical processors, using up to 16 threads

Optimize a model with 202126 rows, 211558 columns and 2888590 nonzeros
Coefficient statistics:
  Matrix range     [5e-03, 2e+01]
  Objective range  [3e+02, 2e+09]
  Bounds range     [4e-04, 1e+01]
  RHS range        [8e-02, 9e+02]
Warning: Model contains large objective coefficients
         Consider reformulating model or setting NumericFocus parameter
         to avoid numerical issues.
LP warm-start: use basis

Iteration    Objective       Primal Inf.    Dual Inf.      Time
       0    5.9588568e+11   9.033929e+00   0.000000e+00      0s
     870    5.9588721e+11   3.903417e+02   0.000000e+00      5s
    1800    5.9588721e+11   7.176510e+02   0.000000e+00     11s
    2580    5.9588724e+11   1.706937e+04   0.000000e+00     15s
    3570    5.9588979e+11   2.704061e+03   0.000000e+00     20s
    4440    5.9588994e+11   1.483826e+04   0.000000e+00     26s
    5180    5.9589026e+11   7.329166e+02   0.000000e+00     30s
    5910    5.9589033e+11   1.983207e+04   0.000000e+00     35s
    6650    5.9589033e+11   1.546233e+02   0.000000e+00     40s
    7420    5.9589034e+11   5.040385e+03   0.000000e+00     45s
    8201    5.9589034e+11   0.000000e+00   0.000000e+00     50s

Solved in 8201 iterations and 50.44 seconds (77.56 work units)
Optimal objective  5.958903435e+11

User-callback calls 8236, time in user-callback 0.10 sec
Gurobi Optimizer version 11.0.3 build v11.0.3rc0 (win64 - Windows 11+.0 (26200.2))

CPU model: 12th Gen Intel(R) Core(TM) i7-1260P, instruction set [SSE2|AVX|AVX2]
Thread count: 12 physical cores, 16 logical processors, using up to 16 threads

Optimize a model with 202158 rows, 211558 columns and 2914421 nonzeros
Coefficient statistics:
  Matrix range     [5e-03, 2e+01]
  Objective range  [3e+02, 2e+09]
  Bounds range     [4e-04, 1e+01]
  RHS range        [8e-02, 9e+02]
Warning: Model contains large objective coefficients
         Consider reformulating model or setting NumericFocus parameter
         to avoid numerical issues.
LP warm-start: use basis

Iteration    Objective       Primal Inf.    Dual Inf.      Time
       0    5.9589034e+11   1.417300e+01   0.000000e+00      0s
     830    5.9589310e+11   2.380415e+02   0.000000e+00      5s
    1680    5.9589311e+11   6.079982e+04   0.000000e+00     11s
    2600    5.9589311e+11   6.125092e+03   0.000000e+00     15s
    3450    5.9589311e+11   1.149199e+03   0.000000e+00     21s
    4190    5.9589312e+11   7.669858e+02   0.000000e+00     25s
    4920    5.9589312e+11   5.413598e+02   0.000000e+00     30s
    4948    5.9589312e+11   0.000000e+00   0.000000e+00     30s

Solved in 4948 iterations and 30.45 seconds (46.01 work units)
Optimal objective  5.958931234e+11

User-callback calls 4979, time in user-callback 0.02 sec
Gurobi Optimizer version 11.0.3 build v11.0.3rc0 (win64 - Windows 11+.0 (26200.2))

CPU model: 12th Gen Intel(R) Core(TM) i7-1260P, instruction set [SSE2|AVX|AVX2]
Thread count: 12 physical cores, 16 logical processors, using up to 16 threads

Optimize a model with 202190 rows, 211558 columns and 2996118 nonzeros
Coefficient statistics:
  Matrix range     [5e-03, 2e+01]
  Objective range  [3e+02, 2e+09]
  Bounds range     [4e-04, 1e+01]
  RHS range        [8e-02, 9e+02]
Warning: Model contains large objective coefficients
         Consider reformulating model or setting NumericFocus parameter
         to avoid numerical issues.
LP warm-start: use basis

Iteration    Objective       Primal Inf.    Dual Inf.      Time
       0   -2.4308179e+24   6.428532e+31   2.536106e-06      0s
     850    5.9589462e+11   4.488310e+02   0.000000e+00      5s
    1640    5.9589462e+11   1.092551e+05   0.000000e+00     10s
    2600    5.9589505e+11   5.648324e+03   0.000000e+00     16s
    3470    5.9589506e+11   3.848234e+02   0.000000e+00     21s
    4350    5.9589509e+11   5.220824e+03   0.000000e+00     26s
    5200    5.9589509e+11   8.471289e+03   0.000000e+00     31s
    6060    5.9589509e+11   3.826388e+02   0.000000e+00     35s
    6592    5.9589510e+11   0.000000e+00   0.000000e+00     39s

Solved in 6592 iterations and 38.61 seconds (63.48 work units)
Optimal objective  5.958951039e+11
Warning: unscaled dual violation = 2.40399e-05 and residual = 2.40399e-05

User-callback calls 6625, time in user-callback 0.06 sec
Gurobi Optimizer version 11.0.3 build v11.0.3rc0 (win64 - Windows 11+.0 (26200.2))

CPU model: 12th Gen Intel(R) Core(TM) i7-1260P, instruction set [SSE2|AVX|AVX2]
Thread count: 12 physical cores, 16 logical processors, using up to 16 threads

Optimize a model with 202210 rows, 211558 columns and 3029183 nonzeros
Coefficient statistics:
  Matrix range     [5e-03, 2e+01]
  Objective range  [3e+02, 2e+09]
  Bounds range     [4e-04, 1e+01]
  RHS range        [8e-02, 9e+02]
Warning: Model contains large objective coefficients
         Consider reformulating model or setting NumericFocus parameter
         to avoid numerical issues.
LP warm-start: use basis

Iteration    Objective       Primal Inf.    Dual Inf.      Time
       0    5.9589510e+11   6.983027e+00   0.000000e+00      0s
    1070    5.9589521e+11   1.570570e+03   0.000000e+00      6s
    1950    5.9589521e+11   5.587121e+03   0.000000e+00     10s
    2930    5.9589521e+11   1.111789e+04   0.000000e+00     16s
    3770    5.9589521e+11   3.025782e+02   0.000000e+00     20s
    4099    5.9589521e+11   0.000000e+00   0.000000e+00     22s

Solved in 4099 iterations and 22.13 seconds (40.67 work units)
Optimal objective  5.958952118e+11
Warning: unscaled dual violation = 1.35636e-06 and residual = 7.41533e-06

User-callback calls 4130, time in user-callback 0.03 sec
Gurobi Optimizer version 11.0.3 build v11.0.3rc0 (win64 - Windows 11+.0 (26200.2))

CPU model: 12th Gen Intel(R) Core(TM) i7-1260P, instruction set [SSE2|AVX|AVX2]
Thread count: 12 physical cores, 16 logical processors, using up to 16 threads

Optimize a model with 202214 rows, 211558 columns and 3041482 nonzeros
Coefficient statistics:
  Matrix range     [5e-03, 2e+01]
  Objective range  [3e+02, 2e+09]
  Bounds range     [4e-04, 1e+01]
  RHS range        [8e-02, 9e+02]
Warning: Model contains large objective coefficients
         Consider reformulating model or setting NumericFocus parameter
         to avoid numerical issues.
LP warm-start: use basis

Iteration    Objective       Primal Inf.    Dual Inf.      Time
       0   -1.5573748e+25   1.119338e+32   3.679778e-05      0s
     563    5.9589539e+11   0.000000e+00   0.000000e+00      3s

Solved in 563 iterations and 2.91 seconds (5.03 work units)
Optimal objective  5.958953859e+11

User-callback calls 588, time in user-callback 0.01 sec
Gurobi Optimizer version 11.0.3 build v11.0.3rc0 (win64 - Windows 11+.0 (26200.2))

CPU model: 12th Gen Intel(R) Core(TM) i7-1260P, instruction set [SSE2|AVX|AVX2]
Thread count: 12 physical cores, 16 logical processors, using up to 16 threads

Optimize a model with 202216 rows, 211558 columns and 3041561 nonzeros
Coefficient statistics:
  Matrix range     [5e-03, 2e+01]
  Objective range  [3e+02, 2e+09]
  Bounds range     [4e-04, 1e+01]
  RHS range        [8e-02, 9e+02]
Warning: Model contains large objective coefficients
         Consider reformulating model or setting NumericFocus parameter
         to avoid numerical issues.
LP warm-start: use basis

Iteration    Objective       Primal Inf.    Dual Inf.      Time
       0    5.9589539e+11   1.391349e+00   0.000000e+00      0s
      11    5.9589539e+11   0.000000e+00   0.000000e+00      0s

Solved in 11 iterations and 0.34 seconds (0.48 work units)
Optimal objective  5.958953943e+11
Warning: unscaled dual violation = 7.21077e-06 and residual = 8.72881e-05

User-callback calls 40, time in user-callback 0.00 sec
