
Gurobi 11.0.3 (win64) logging started Wed Aug 19 23:47:53 2026

Set parameter LogFile to value "scenarios/C_fossil_dc/2045\gurobi_logfile.log"
Set parameter MIPGap to value 0.01
Set parameter TimeLimit to value 84600

Gurobi 11.0.3 (win64) logging started Wed Aug 19 23:47:53 2026

Set parameter LogFile to value "scenarios/C_fossil_dc/2045\gurobi_logfile.log"
Gurobi Optimizer version 11.0.3 build v11.0.3rc0 (win64 - Windows 11+.0 (26200.2))

CPU model: 12th Gen Intel(R) Core(TM) i7-1260P, instruction set [SSE2|AVX|AVX2]
Thread count: 12 physical cores, 16 logical processors, using up to 16 threads

Optimize a model with 201230 rows, 211558 columns and 645558 nonzeros
Model fingerprint: 0x51abd625
Coefficient statistics:
  Matrix range     [6e-01, 3e+00]
  Objective range  [3e+02, 2e+09]
  Bounds range     [4e-04, 2e+01]
  RHS range        [1e+00, 1e+03]
Warning: Model contains large objective coefficients
         Consider reformulating model or setting NumericFocus parameter
         to avoid numerical issues.
Presolve removed 153206 rows and 65166 columns
Presolve time: 0.24s
Presolved: 48024 rows, 146392 columns, 288392 nonzeros

Concurrent LP optimizer: primal simplex, dual simplex, and barrier
Showing barrier log only...

Ordering time: 0.00s

Barrier statistics:
 AA' NZ     : 4.700e+01
 Factor NZ  : 6.660e+02 (roughly 2 MB of memory)
 Factor Ops : 1.252e+04 (less than 1 second per iteration)
 Threads    : 1

Barrier performed 0 iterations in 0.29 seconds (0.29 work units)
Barrier solve interrupted - model solved by another algorithm


Solved with dual simplex
Iteration    Objective       Primal Inf.    Dual Inf.      Time
      63    5.9772772e+11   0.000000e+00   0.000000e+00      0s

Use crossover to convert LP symmetric solution to basic solution...
Crossover log...

       0 DPushes remaining with DInf 0.0000000e+00                 0s

   41985 PPushes remaining with PInf 0.0000000e+00                 0s
       0 PPushes remaining with PInf 0.0000000e+00                 1s

  Push phase complete: Pinf 0.0000000e+00, Dinf 7.1469694e-06      1s

Iteration    Objective       Primal Inf.    Dual Inf.      Time
   50065    5.9772772e+11   0.000000e+00   0.000000e+00      1s
   50065    5.9772772e+11   0.000000e+00   0.000000e+00      2s

Solved in 50065 iterations and 1.54 seconds (1.52 work units)
Optimal objective  5.977277245e+11

User-callback calls 50618, time in user-callback 0.00 sec
Gurobi Optimizer version 11.0.3 build v11.0.3rc0 (win64 - Windows 11+.0 (26200.2))

CPU model: 12th Gen Intel(R) Core(TM) i7-1260P, instruction set [SSE2|AVX|AVX2]
Thread count: 12 physical cores, 16 logical processors, using up to 16 threads

Optimize a model with 201262 rows, 211558 columns and 777680 nonzeros
Coefficient statistics:
  Matrix range     [5e-03, 8e+00]
  Objective range  [3e+02, 2e+09]
  Bounds range     [4e-04, 2e+01]
  RHS range        [1e+00, 1e+03]
Warning: Model contains large objective coefficients
         Consider reformulating model or setting NumericFocus parameter
         to avoid numerical issues.
LP warm-start: use basis

Iteration    Objective       Primal Inf.    Dual Inf.      Time
       0    5.9772772e+11   2.331567e+02   0.000000e+00      0s
    3354    5.9886017e+11   0.000000e+00   0.000000e+00      2s

Solved in 3354 iterations and 2.37 seconds (2.82 work units)
Optimal objective  5.988601675e+11

User-callback calls 3379, time in user-callback 0.03 sec
Gurobi Optimizer version 11.0.3 build v11.0.3rc0 (win64 - Windows 11+.0 (26200.2))

CPU model: 12th Gen Intel(R) Core(TM) i7-1260P, instruction set [SSE2|AVX|AVX2]
Thread count: 12 physical cores, 16 logical processors, using up to 16 threads

Optimize a model with 201294 rows, 211558 columns and 920578 nonzeros
Coefficient statistics:
  Matrix range     [5e-03, 2e+01]
  Objective range  [3e+02, 2e+09]
  Bounds range     [4e-04, 2e+01]
  RHS range        [1e-01, 1e+03]
Warning: Model contains large objective coefficients
         Consider reformulating model or setting NumericFocus parameter
         to avoid numerical issues.
LP warm-start: use basis

Iteration    Objective       Primal Inf.    Dual Inf.      Time
       0    5.9886017e+11   4.563889e+02   0.000000e+00      0s
    3174    5.9891845e+11   0.000000e+00   0.000000e+00      3s

Solved in 3174 iterations and 2.78 seconds (4.77 work units)
Optimal objective  5.989184451e+11

User-callback calls 3199, time in user-callback 0.02 sec
Gurobi Optimizer version 11.0.3 build v11.0.3rc0 (win64 - Windows 11+.0 (26200.2))

CPU model: 12th Gen Intel(R) Core(TM) i7-1260P, instruction set [SSE2|AVX|AVX2]
Thread count: 12 physical cores, 16 logical processors, using up to 16 threads

Optimize a model with 201326 rows, 211558 columns and 1044385 nonzeros
Coefficient statistics:
  Matrix range     [5e-03, 2e+01]
  Objective range  [3e+02, 2e+09]
  Bounds range     [4e-04, 2e+01]
  RHS range        [1e-01, 1e+03]
Warning: Model contains large objective coefficients
         Consider reformulating model or setting NumericFocus parameter
         to avoid numerical issues.
LP warm-start: use basis

Iteration    Objective       Primal Inf.    Dual Inf.      Time
       0    5.9891845e+11   2.826475e+02   0.000000e+00      0s
    3316    5.9916845e+11   0.000000e+00   0.000000e+00      2s

Solved in 3316 iterations and 2.27 seconds (3.88 work units)
Optimal objective  5.991684547e+11

User-callback calls 3341, time in user-callback 0.01 sec
Gurobi Optimizer version 11.0.3 build v11.0.3rc0 (win64 - Windows 11+.0 (26200.2))

CPU model: 12th Gen Intel(R) Core(TM) i7-1260P, instruction set [SSE2|AVX|AVX2]
Thread count: 12 physical cores, 16 logical processors, using up to 16 threads

Optimize a model with 201358 rows, 211558 columns and 1128394 nonzeros
Coefficient statistics:
  Matrix range     [5e-03, 2e+01]
  Objective range  [3e+02, 2e+09]
  Bounds range     [4e-04, 2e+01]
  RHS range        [1e-01, 1e+03]
Warning: Model contains large objective coefficients
         Consider reformulating model or setting NumericFocus parameter
         to avoid numerical issues.
LP warm-start: use basis

Iteration    Objective       Primal Inf.    Dual Inf.      Time
       0    5.9916845e+11   1.605459e+02   0.000000e+00      0s
    1951    5.9948961e+11   0.000000e+00   0.000000e+00      2s

Solved in 1951 iterations and 1.50 seconds (2.14 work units)
Optimal objective  5.994896097e+11

User-callback calls 1976, time in user-callback 0.00 sec
Gurobi Optimizer version 11.0.3 build v11.0.3rc0 (win64 - Windows 11+.0 (26200.2))

CPU model: 12th Gen Intel(R) Core(TM) i7-1260P, instruction set [SSE2|AVX|AVX2]
Thread count: 12 physical cores, 16 logical processors, using up to 16 threads

Optimize a model with 201390 rows, 211558 columns and 1229092 nonzeros
Coefficient statistics:
  Matrix range     [5e-03, 2e+01]
  Objective range  [3e+02, 2e+09]
  Bounds range     [4e-04, 2e+01]
  RHS range        [1e-01, 1e+03]
Warning: Model contains large objective coefficients
         Consider reformulating model or setting NumericFocus parameter
         to avoid numerical issues.
LP warm-start: use basis

Iteration    Objective       Primal Inf.    Dual Inf.      Time
       0    5.9948961e+11   1.619340e+02   0.000000e+00      0s
    6190    5.9966012e+11   2.283998e+03   0.000000e+00      5s
    8461    5.9966141e+11   0.000000e+00   0.000000e+00     10s

Solved in 8461 iterations and 9.98 seconds (14.30 work units)
Optimal objective  5.996614141e+11

User-callback calls 8487, time in user-callback 0.01 sec
Gurobi Optimizer version 11.0.3 build v11.0.3rc0 (win64 - Windows 11+.0 (26200.2))

CPU model: 12th Gen Intel(R) Core(TM) i7-1260P, instruction set [SSE2|AVX|AVX2]
Thread count: 12 physical cores, 16 logical processors, using up to 16 threads

Optimize a model with 201422 rows, 211558 columns and 1382099 nonzeros
Coefficient statistics:
  Matrix range     [5e-03, 2e+01]
  Objective range  [3e+02, 2e+09]
  Bounds range     [4e-04, 2e+01]
  RHS range        [1e-01, 1e+03]
Warning: Model contains large objective coefficients
         Consider reformulating model or setting NumericFocus parameter
         to avoid numerical issues.
LP warm-start: use basis

Iteration    Objective       Primal Inf.    Dual Inf.      Time
       0    5.9966141e+11   1.338590e+02   0.000000e+00      0s
    4600    5.9976017e+11   1.477062e+03   0.000000e+00      5s
    4645    5.9976017e+11   0.000000e+00   0.000000e+00      5s

Solved in 4645 iterations and 5.26 seconds (8.48 work units)
Optimal objective  5.997601700e+11

User-callback calls 4671, time in user-callback 0.01 sec
Gurobi Optimizer version 11.0.3 build v11.0.3rc0 (win64 - Windows 11+.0 (26200.2))

CPU model: 12th Gen Intel(R) Core(TM) i7-1260P, instruction set [SSE2|AVX|AVX2]
Thread count: 12 physical cores, 16 logical processors, using up to 16 threads

Optimize a model with 201454 rows, 211558 columns and 1539620 nonzeros
Coefficient statistics:
  Matrix range     [5e-03, 2e+01]
  Objective range  [3e+02, 2e+09]
  Bounds range     [4e-04, 2e+01]
  RHS range        [1e-01, 1e+03]
Warning: Model contains large objective coefficients
         Consider reformulating model or setting NumericFocus parameter
         to avoid numerical issues.
LP warm-start: use basis

Iteration    Objective       Primal Inf.    Dual Inf.      Time
       0    5.9976017e+11   9.425690e+01   0.000000e+00      0s
    1485    5.9979957e+11   0.000000e+00   0.000000e+00      3s

Solved in 1485 iterations and 2.57 seconds (4.17 work units)
Optimal objective  5.997995726e+11

User-callback calls 1510, time in user-callback 0.00 sec
Gurobi Optimizer version 11.0.3 build v11.0.3rc0 (win64 - Windows 11+.0 (26200.2))

CPU model: 12th Gen Intel(R) Core(TM) i7-1260P, instruction set [SSE2|AVX|AVX2]
Thread count: 12 physical cores, 16 logical processors, using up to 16 threads

Optimize a model with 201486 rows, 211558 columns and 1592159 nonzeros
Coefficient statistics:
  Matrix range     [5e-03, 2e+01]
  Objective range  [3e+02, 2e+09]
  Bounds range     [4e-04, 2e+01]
  RHS range        [1e-01, 1e+03]
Warning: Model contains large objective coefficients
         Consider reformulating model or setting NumericFocus parameter
         to avoid numerical issues.
LP warm-start: use basis

Iteration    Objective       Primal Inf.    Dual Inf.      Time
       0    5.9979957e+11   1.455349e+02   0.000000e+00      0s
    3460    5.9980853e+11   4.348103e+01   0.000000e+00      6s
    3603    5.9980853e+11   0.000000e+00   0.000000e+00      6s

Solved in 3603 iterations and 5.93 seconds (9.73 work units)
Optimal objective  5.998085264e+11

User-callback calls 3629, time in user-callback 0.03 sec
Gurobi Optimizer version 11.0.3 build v11.0.3rc0 (win64 - Windows 11+.0 (26200.2))

CPU model: 12th Gen Intel(R) Core(TM) i7-1260P, instruction set [SSE2|AVX|AVX2]
Thread count: 12 physical cores, 16 logical processors, using up to 16 threads

Optimize a model with 201518 rows, 211558 columns and 1695733 nonzeros
Coefficient statistics:
  Matrix range     [5e-03, 2e+01]
  Objective range  [3e+02, 2e+09]
  Bounds range     [4e-04, 2e+01]
  RHS range        [1e-01, 1e+03]
Warning: Model contains large objective coefficients
         Consider reformulating model or setting NumericFocus parameter
         to avoid numerical issues.
LP warm-start: use basis

Iteration    Objective       Primal Inf.    Dual Inf.      Time
       0    5.9980853e+11   8.240339e+01   0.000000e+00      0s
    3010    5.9982537e+11   9.709729e+04   0.000000e+00      5s
    4790    5.9982542e+11   6.115563e+06   0.000000e+00     10s
Warning: Markowitz tolerance tightened to 0.0625
Warning: Markowitz tolerance tightened to 0.25
    6660    5.9982638e+11   1.650582e+11   0.000000e+00     15s
    8730    5.9982680e+11   4.678653e+06   0.000000e+00     20s
   10620    5.9982681e+11   3.145241e+05   0.000000e+00     25s
   13080    5.9982681e+11   1.383186e+04   0.000000e+00     31s
   14240    5.9982681e+11   7.072807e+03   0.000000e+00     35s
   15650    5.9982683e+11   1.928565e+03   0.000000e+00     40s
   17050    5.9982684e+11   7.764335e+02   0.000000e+00     45s
   18170    5.9982684e+11   5.413826e+02   0.000000e+00     50s
   19220    5.9982684e+11   8.971726e+01   0.000000e+00     55s
   19833    5.9982684e+11   0.000000e+00   0.000000e+00     58s

Solved in 19833 iterations and 58.30 seconds (86.44 work units)
Optimal objective  5.998268400e+11

User-callback calls 19871, time in user-callback 0.20 sec
Gurobi Optimizer version 11.0.3 build v11.0.3rc0 (win64 - Windows 11+.0 (26200.2))

CPU model: 12th Gen Intel(R) Core(TM) i7-1260P, instruction set [SSE2|AVX|AVX2]
Thread count: 12 physical cores, 16 logical processors, using up to 16 threads

Optimize a model with 201550 rows, 211558 columns and 1848903 nonzeros
Coefficient statistics:
  Matrix range     [5e-03, 2e+01]
  Objective range  [3e+02, 2e+09]
  Bounds range     [4e-04, 2e+01]
  RHS range        [1e-01, 1e+03]
Warning: Model contains large objective coefficients
         Consider reformulating model or setting NumericFocus parameter
         to avoid numerical issues.
LP warm-start: use basis

Iteration    Objective       Primal Inf.    Dual Inf.      Time
       0    5.9982684e+11   1.067122e+02   0.000000e+00      0s
    2200    5.9986096e+11   9.551440e+04   0.000000e+00      6s
    3250    5.9986106e+11   4.814994e+04   0.000000e+00     10s
    4620    5.9986445e+11   2.160419e+05   0.000000e+00     15s
    6290    5.9986563e+11   1.966026e+05   0.000000e+00     20s
    8220    5.9986707e+11   1.471924e+04   0.000000e+00     26s
    9380    5.9986802e+11   7.483969e+05   0.000000e+00     30s
   10023    5.9986985e+11   0.000000e+00   0.000000e+00     33s

Solved in 10023 iterations and 32.97 seconds (49.40 work units)
Optimal objective  5.998698492e+11

User-callback calls 10054, time in user-callback 0.11 sec
Gurobi Optimizer version 11.0.3 build v11.0.3rc0 (win64 - Windows 11+.0 (26200.2))

CPU model: 12th Gen Intel(R) Core(TM) i7-1260P, instruction set [SSE2|AVX|AVX2]
Thread count: 12 physical cores, 16 logical processors, using up to 16 threads

Optimize a model with 201582 rows, 211558 columns and 1948981 nonzeros
Coefficient statistics:
  Matrix range     [5e-03, 2e+01]
  Objective range  [3e+02, 2e+09]
  Bounds range     [4e-04, 2e+01]
  RHS range        [1e-01, 1e+03]
Warning: Model contains large objective coefficients
         Consider reformulating model or setting NumericFocus parameter
         to avoid numerical issues.
LP warm-start: use basis

Iteration    Objective       Primal Inf.    Dual Inf.      Time
       0    5.9986985e+11   1.473615e+02   0.000000e+00      0s
    1420    5.9989055e+11   3.018100e+04   0.000000e+00      5s
    2750    5.9989111e+11   7.121943e+03   0.000000e+00     11s
    3800    5.9989119e+11   1.219139e+01   0.000000e+00     16s
    4139    5.9989119e+11   0.000000e+00   0.000000e+00     17s

Solved in 4139 iterations and 17.28 seconds (26.89 work units)
Optimal objective  5.998911922e+11

User-callback calls 4167, time in user-callback 0.00 sec
Gurobi Optimizer version 11.0.3 build v11.0.3rc0 (win64 - Windows 11+.0 (26200.2))

CPU model: 12th Gen Intel(R) Core(TM) i7-1260P, instruction set [SSE2|AVX|AVX2]
Thread count: 12 physical cores, 16 logical processors, using up to 16 threads

Optimize a model with 201614 rows, 211558 columns and 2054420 nonzeros
Coefficient statistics:
  Matrix range     [5e-03, 2e+01]
  Objective range  [3e+02, 2e+09]
  Bounds range     [4e-04, 2e+01]
  RHS range        [1e-01, 1e+03]
Warning: Model contains large objective coefficients
         Consider reformulating model or setting NumericFocus parameter
         to avoid numerical issues.
LP warm-start: use basis

Iteration    Objective       Primal Inf.    Dual Inf.      Time
       0    5.9989119e+11   1.581491e+02   0.000000e+00      0s
    1390    5.9989268e+11   3.560592e+05   0.000000e+00      6s
    3040    5.9989524e+11   2.087646e+05   0.000000e+00     11s
    4230    5.9989764e+11   2.283298e+05   0.000000e+00     16s
    5510    5.9989764e+11   4.526132e+05   0.000000e+00     20s
    6570    5.9989765e+11   2.584561e+05   0.000000e+00     25s
    7620    5.9989765e+11   4.691140e+05   0.000000e+00     30s
    8730    5.9989785e+11   1.442156e+05   0.000000e+00     35s
    9770    5.9989788e+11   1.376880e+06   0.000000e+00     40s
   10770    5.9989789e+11   4.137997e+06   0.000000e+00     45s
   11790    5.9989789e+11   3.400937e+04   0.000000e+00     50s
   12850    5.9989853e+11   9.907878e+03   0.000000e+00     55s
   13870    5.9989855e+11   1.557092e+05   0.000000e+00     60s
   14880    5.9989858e+11   1.981146e+04   0.000000e+00     66s
   15820    5.9989885e+11   7.503734e+03   0.000000e+00     70s
   16740    5.9989894e+11   2.340894e+03   0.000000e+00     75s
   17820    5.9989942e+11   8.944695e+02   0.000000e+00     80s
   18890    5.9989953e+11   1.272778e+05   0.000000e+00     85s
   19562    5.9989960e+11   0.000000e+00   0.000000e+00     89s

Solved in 19562 iterations and 88.58 seconds (138.38 work units)
Optimal objective  5.998995997e+11

User-callback calls 19605, time in user-callback 0.09 sec
Gurobi Optimizer version 11.0.3 build v11.0.3rc0 (win64 - Windows 11+.0 (26200.2))

CPU model: 12th Gen Intel(R) Core(TM) i7-1260P, instruction set [SSE2|AVX|AVX2]
Thread count: 12 physical cores, 16 logical processors, using up to 16 threads

Optimize a model with 201646 rows, 211558 columns and 2091705 nonzeros
Coefficient statistics:
  Matrix range     [5e-03, 2e+01]
  Objective range  [3e+02, 2e+09]
  Bounds range     [4e-04, 2e+01]
  RHS range        [1e-01, 1e+03]
Warning: Model contains large objective coefficients
         Consider reformulating model or setting NumericFocus parameter
         to avoid numerical issues.
LP warm-start: use basis

Iteration    Objective       Primal Inf.    Dual Inf.      Time
       0   -5.7144419e+24   5.412137e+31   4.729256e-06      0s
    2075    5.9991008e+11   1.616047e+04   0.000000e+00      6s
    3165    5.9991033e+11   1.298031e+02   0.000000e+00     10s
    4123    5.9991033e+11   0.000000e+00   0.000000e+00     15s

Solved in 4123 iterations and 14.73 seconds (23.59 work units)
Optimal objective  5.999103304e+11

User-callback calls 4154, time in user-callback 0.03 sec
Gurobi Optimizer version 11.0.3 build v11.0.3rc0 (win64 - Windows 11+.0 (26200.2))

CPU model: 12th Gen Intel(R) Core(TM) i7-1260P, instruction set [SSE2|AVX|AVX2]
Thread count: 12 physical cores, 16 logical processors, using up to 16 threads

Optimize a model with 201678 rows, 211558 columns and 2150271 nonzeros
Coefficient statistics:
  Matrix range     [5e-03, 2e+01]
  Objective range  [3e+02, 2e+09]
  Bounds range     [4e-04, 2e+01]
  RHS range        [1e-01, 1e+03]
Warning: Model contains large objective coefficients
         Consider reformulating model or setting NumericFocus parameter
         to avoid numerical issues.
LP warm-start: use basis

Iteration    Objective       Primal Inf.    Dual Inf.      Time
       0    5.9991033e+11   1.157101e+02   0.000000e+00      0s
    1743    5.9991521e+11   5.840068e+02   0.000000e+00      5s
    2405    5.9991524e+11   0.000000e+00   0.000000e+00      8s

Solved in 2405 iterations and 8.03 seconds (13.05 work units)
Optimal objective  5.999152380e+11

User-callback calls 2431, time in user-callback 0.02 sec
Gurobi Optimizer version 11.0.3 build v11.0.3rc0 (win64 - Windows 11+.0 (26200.2))

CPU model: 12th Gen Intel(R) Core(TM) i7-1260P, instruction set [SSE2|AVX|AVX2]
Thread count: 12 physical cores, 16 logical processors, using up to 16 threads

Optimize a model with 201710 rows, 211558 columns and 2211559 nonzeros
Coefficient statistics:
  Matrix range     [5e-03, 2e+01]
  Objective range  [3e+02, 2e+09]
  Bounds range     [4e-04, 2e+01]
  RHS range        [1e-01, 1e+03]
Warning: Model contains large objective coefficients
         Consider reformulating model or setting NumericFocus parameter
         to avoid numerical issues.
LP warm-start: use basis

Iteration    Objective       Primal Inf.    Dual Inf.      Time
       0    5.9991524e+11   5.971800e+01   0.000000e+00      0s
    1590    5.9991863e+11   1.468678e+05   0.000000e+00      5s
    2570    5.9991863e+11   3.739211e+05   0.000000e+00     10s
    4180    5.9991865e+11   1.167022e+05   0.000000e+00     16s
    5300    5.9991866e+11   2.680150e+04   0.000000e+00     21s
    6280    5.9991868e+11   7.047584e+02   0.000000e+00     25s
    6797    5.9991878e+11   0.000000e+00   0.000000e+00     28s

Solved in 6797 iterations and 27.61 seconds (45.89 work units)
Optimal objective  5.999187802e+11

User-callback calls 6827, time in user-callback 0.02 sec
Gurobi Optimizer version 11.0.3 build v11.0.3rc0 (win64 - Windows 11+.0 (26200.2))

CPU model: 12th Gen Intel(R) Core(TM) i7-1260P, instruction set [SSE2|AVX|AVX2]
Thread count: 12 physical cores, 16 logical processors, using up to 16 threads

Optimize a model with 201742 rows, 211558 columns and 2270092 nonzeros
Coefficient statistics:
  Matrix range     [5e-03, 2e+01]
  Objective range  [3e+02, 2e+09]
  Bounds range     [4e-04, 2e+01]
  RHS range        [1e-01, 1e+03]
Warning: Model contains large objective coefficients
         Consider reformulating model or setting NumericFocus parameter
         to avoid numerical issues.
LP warm-start: use basis

Iteration    Objective       Primal Inf.    Dual Inf.      Time
       0    5.9991878e+11   6.907783e+01   0.000000e+00      0s
    2020    5.9993059e+11   4.855987e+04   0.000000e+00      5s
    3240    5.9993125e+11   2.405504e+03   0.000000e+00     10s
    3375    5.9993126e+11   0.000000e+00   0.000000e+00     11s

Solved in 3375 iterations and 11.04 seconds (18.99 work units)
Optimal objective  5.999312554e+11

User-callback calls 3402, time in user-callback 0.01 sec
Gurobi Optimizer version 11.0.3 build v11.0.3rc0 (win64 - Windows 11+.0 (26200.2))

CPU model: 12th Gen Intel(R) Core(TM) i7-1260P, instruction set [SSE2|AVX|AVX2]
Thread count: 12 physical cores, 16 logical processors, using up to 16 threads

Optimize a model with 201774 rows, 211558 columns and 2348771 nonzeros
Coefficient statistics:
  Matrix range     [5e-03, 2e+01]
  Objective range  [3e+02, 2e+09]
  Bounds range     [4e-04, 2e+01]
  RHS range        [1e-01, 1e+03]
Warning: Model contains large objective coefficients
         Consider reformulating model or setting NumericFocus parameter
         to avoid numerical issues.
LP warm-start: use basis

Iteration    Objective       Primal Inf.    Dual Inf.      Time
       0    5.9993126e+11   7.590649e+01   0.000000e+00      0s
    1580    6.0002941e+11   1.886854e+04   0.000000e+00      6s
    2870    6.0003115e+11   1.131315e+05   0.000000e+00     10s
    4050    6.0003189e+11   1.084674e+04   0.000000e+00     15s
    4894    6.0003224e+11   0.000000e+00   0.000000e+00     19s

Solved in 4894 iterations and 18.85 seconds (32.86 work units)
Optimal objective  6.000322412e+11

User-callback calls 4923, time in user-callback 0.05 sec
Gurobi Optimizer version 11.0.3 build v11.0.3rc0 (win64 - Windows 11+.0 (26200.2))

CPU model: 12th Gen Intel(R) Core(TM) i7-1260P, instruction set [SSE2|AVX|AVX2]
Thread count: 12 physical cores, 16 logical processors, using up to 16 threads

Optimize a model with 201806 rows, 211558 columns and 2400758 nonzeros
Coefficient statistics:
  Matrix range     [5e-03, 2e+01]
  Objective range  [3e+02, 2e+09]
  Bounds range     [4e-04, 2e+01]
  RHS range        [1e-01, 1e+03]
Warning: Model contains large objective coefficients
         Consider reformulating model or setting NumericFocus parameter
         to avoid numerical issues.
LP warm-start: use basis

Iteration    Objective       Primal Inf.    Dual Inf.      Time
       0    8.6385647e+23   2.362378e+31   1.748558e-06      0s
    1989    5.9990585e+11   4.571596e+01   1.621328e+09      5s
    5368    7.3892855e+11   0.000000e+00   4.995645e+15     10s
   11382    6.0051099e+11   0.000000e+00   5.675675e+11     15s
   16198    6.0011967e+11   0.000000e+00   4.559112e+10     20s
   19486    6.0007904e+11   0.000000e+00   9.079374e+09     25s
   24764    6.0007462e+11   0.000000e+00   9.513235e+05     30s
   25201    6.0007464e+11   0.000000e+00   0.000000e+00     31s

Solved in 25201 iterations and 30.63 seconds (83.49 work units)
Optimal objective  6.000746354e+11

User-callback calls 25306, time in user-callback 0.07 sec
Gurobi Optimizer version 11.0.3 build v11.0.3rc0 (win64 - Windows 11+.0 (26200.2))

CPU model: 12th Gen Intel(R) Core(TM) i7-1260P, instruction set [SSE2|AVX|AVX2]
Thread count: 12 physical cores, 16 logical processors, using up to 16 threads

Optimize a model with 201838 rows, 211558 columns and 2474141 nonzeros
Coefficient statistics:
  Matrix range     [5e-03, 2e+01]
  Objective range  [3e+02, 2e+09]
  Bounds range     [4e-04, 2e+01]
  RHS range        [1e-01, 1e+03]
Warning: Model contains large objective coefficients
         Consider reformulating model or setting NumericFocus parameter
         to avoid numerical issues.
LP warm-start: use basis

Iteration    Objective       Primal Inf.    Dual Inf.      Time
       0   -4.7934985e+25   1.032047e+32   2.060952e-05      0s
    1490    6.0011176e+11   1.249900e+04   0.000000e+00      6s
    2810    6.0012179e+11   3.469620e+04   0.000000e+00     11s
    4090    6.0012507e+11   1.986426e+04   0.000000e+00     15s
    5270    6.0012582e+11   6.477959e+01   0.000000e+00     21s
    5784    6.0012584e+11   0.000000e+00   0.000000e+00     23s

Solved in 5784 iterations and 23.35 seconds (40.57 work units)
Optimal objective  6.001258403e+11

User-callback calls 5813, time in user-callback 0.04 sec
Gurobi Optimizer version 11.0.3 build v11.0.3rc0 (win64 - Windows 11+.0 (26200.2))

CPU model: 12th Gen Intel(R) Core(TM) i7-1260P, instruction set [SSE2|AVX|AVX2]
Thread count: 12 physical cores, 16 logical processors, using up to 16 threads

Optimize a model with 201870 rows, 211558 columns and 2565762 nonzeros
Coefficient statistics:
  Matrix range     [5e-03, 2e+01]
  Objective range  [3e+02, 2e+09]
  Bounds range     [4e-04, 2e+01]
  RHS range        [1e-01, 1e+03]
Warning: Model contains large objective coefficients
         Consider reformulating model or setting NumericFocus parameter
         to avoid numerical issues.
LP warm-start: use basis

Iteration    Objective       Primal Inf.    Dual Inf.      Time
       0    6.0012584e+11   5.556356e+01   0.000000e+00      0s
    1480    6.0014143e+11   3.030370e+04   0.000000e+00      6s
    2620    6.0014276e+11   2.947433e+05   0.000000e+00     11s
    3630    6.0014585e+11   1.325052e+05   0.000000e+00     15s
    4610    6.0014617e+11   9.401837e+06   0.000000e+00     20s
    5640    6.0014711e+11   5.264546e+05   0.000000e+00     25s
    6870    6.0014850e+11   3.452669e+04   0.000000e+00     30s
    8020    6.0014909e+11   2.511442e+05   0.000000e+00     35s
    9390    6.0014979e+11   2.728532e+07   0.000000e+00     41s
   10470    6.0015025e+11   1.734482e+05   0.000000e+00     46s
   11390    6.0015025e+11   9.346628e+03   0.000000e+00     50s
   12380    6.0015038e+11   2.375168e+04   0.000000e+00     55s
   13540    6.0015072e+11   5.155463e+03   0.000000e+00     60s
   14540    6.0015103e+11   1.374774e+03   0.000000e+00     65s
   15159    6.0015105e+11   0.000000e+00   0.000000e+00     69s

Solved in 15159 iterations and 68.64 seconds (116.40 work units)
Optimal objective  6.001510459e+11
Warning: unscaled dual violation = 0.000163948 and residual = 0.00815015

User-callback calls 15200, time in user-callback 0.13 sec
Gurobi Optimizer version 11.0.3 build v11.0.3rc0 (win64 - Windows 11+.0 (26200.2))

CPU model: 12th Gen Intel(R) Core(TM) i7-1260P, instruction set [SSE2|AVX|AVX2]
Thread count: 12 physical cores, 16 logical processors, using up to 16 threads

Optimize a model with 201902 rows, 211558 columns and 2673222 nonzeros
Coefficient statistics:
  Matrix range     [5e-03, 2e+01]
  Objective range  [3e+02, 2e+09]
  Bounds range     [4e-04, 2e+01]
  RHS range        [1e-01, 1e+03]
Warning: Model contains large objective coefficients
         Consider reformulating model or setting NumericFocus parameter
         to avoid numerical issues.
LP warm-start: use basis

Iteration    Objective       Primal Inf.    Dual Inf.      Time
       0   -2.3752199e+24   1.789474e+31   3.286557e-06      0s
    1462    6.0015376e+11   3.579528e+04   0.000000e+00      5s
    2682    6.0015419e+11   1.780117e+06   0.000000e+00     10s
    3732    6.0015426e+11   9.823604e+04   0.000000e+00     15s
    4912    6.0015667e+11   9.125965e+04   0.000000e+00     21s
    6192    6.0016170e+11   6.721969e+04   0.000000e+00     25s
    7182    6.0016193e+11   4.540769e+02   0.000000e+00     30s
    8172    6.0016252e+11   9.848604e+03   0.000000e+00     35s
    9292    6.0016265e+11   2.811327e+04   0.000000e+00     41s
   10272    6.0016278e+11   1.425271e+03   0.000000e+00     45s
   11252    6.0016295e+11   1.877374e+02   0.000000e+00     50s
   11685    6.0016295e+11   0.000000e+00   0.000000e+00     53s

Solved in 11685 iterations and 52.77 seconds (91.80 work units)
Optimal objective  6.001629482e+11

User-callback calls 11724, time in user-callback 0.10 sec
Gurobi Optimizer version 11.0.3 build v11.0.3rc0 (win64 - Windows 11+.0 (26200.2))

CPU model: 12th Gen Intel(R) Core(TM) i7-1260P, instruction set [SSE2|AVX|AVX2]
Thread count: 12 physical cores, 16 logical processors, using up to 16 threads

Optimize a model with 201934 rows, 211558 columns and 2780478 nonzeros
Coefficient statistics:
  Matrix range     [5e-03, 3e+01]
  Objective range  [3e+02, 2e+09]
  Bounds range     [4e-04, 2e+01]
  RHS range        [1e-01, 1e+03]
Warning: Model contains large objective coefficients
         Consider reformulating model or setting NumericFocus parameter
         to avoid numerical issues.
LP warm-start: use basis

Iteration    Objective       Primal Inf.    Dual Inf.      Time
       0    1.5126460e+24   1.600287e+32   8.402498e-06      0s
    1390    6.0018936e+11   1.043311e+03   0.000000e+00      6s
    2430    6.0019138e+11   9.068604e+02   0.000000e+00     11s
    3340    6.0019144e+11   4.518317e+04   0.000000e+00     15s
    4190    6.0019147e+11   5.963631e+03   0.000000e+00     20s
    5190    6.0019154e+11   5.481534e+03   0.000000e+00     25s
    6030    6.0019158e+11   2.605688e+04   0.000000e+00     30s
    7040    6.0019176e+11   2.120528e+05   0.000000e+00     35s
    8040    6.0019183e+11   8.142348e+02   0.000000e+00     41s
    8890    6.0019189e+11   4.253034e+04   0.000000e+00     46s
    9770    6.0019192e+11   1.083977e+04   0.000000e+00     51s
   10391    6.0019193e+11   0.000000e+00   0.000000e+00     55s

Solved in 10391 iterations and 54.50 seconds (83.04 work units)
Optimal objective  6.001919297e+11

User-callback calls 10427, time in user-callback 0.09 sec
Gurobi Optimizer version 11.0.3 build v11.0.3rc0 (win64 - Windows 11+.0 (26200.2))

CPU model: 12th Gen Intel(R) Core(TM) i7-1260P, instruction set [SSE2|AVX|AVX2]
Thread count: 12 physical cores, 16 logical processors, using up to 16 threads

Optimize a model with 201966 rows, 211558 columns and 2835772 nonzeros
Coefficient statistics:
  Matrix range     [5e-03, 3e+01]
  Objective range  [3e+02, 2e+09]
  Bounds range     [4e-04, 2e+01]
  RHS range        [1e-01, 1e+03]
Warning: Model contains large objective coefficients
         Consider reformulating model or setting NumericFocus parameter
         to avoid numerical issues.
LP warm-start: use basis

Iteration    Objective       Primal Inf.    Dual Inf.      Time
       0    6.0019193e+11   6.576489e+01   0.000000e+00      0s
    1140    6.0019592e+11   3.021969e+06   0.000000e+00      6s
    2050    6.0019714e+11   1.445066e+05   0.000000e+00     10s
    3080    6.0019732e+11   4.431776e+05   0.000000e+00     16s
    3930    6.0019741e+11   1.331798e+05   0.000000e+00     20s
    4970    6.0019757e+11   6.972227e+05   0.000000e+00     25s
    5960    6.0019763e+11   2.832385e+04   0.000000e+00     31s
    6800    6.0019771e+11   2.470747e+06   0.000000e+00     35s
    7850    6.0019814e+11   2.542660e+04   0.000000e+00     41s
    8560    6.0019818e+11   3.305288e+04   0.000000e+00     45s
    9540    6.0019824e+11   1.066485e+04   0.000000e+00     51s
   10380    6.0019832e+11   6.725769e+04   0.000000e+00     55s
   11360    6.0019834e+11   4.209435e+04   0.000000e+00     61s
   12200    6.0019836e+11   2.148816e+04   0.000000e+00     65s
   13210    6.0019840e+11   2.357837e+02   0.000000e+00     70s
   14040    6.0019840e+11   4.552022e+00   0.000000e+00     75s
   14046    6.0019840e+11   0.000000e+00   0.000000e+00     75s

Solved in 14046 iterations and 75.44 seconds (119.43 work units)
Optimal objective  6.001983980e+11
Warning: unscaled dual violation = 3.3416e-06 and residual = 1.2325e-05

User-callback calls 14088, time in user-callback 0.10 sec
Gurobi Optimizer version 11.0.3 build v11.0.3rc0 (win64 - Windows 11+.0 (26200.2))

CPU model: 12th Gen Intel(R) Core(TM) i7-1260P, instruction set [SSE2|AVX|AVX2]
Thread count: 12 physical cores, 16 logical processors, using up to 16 threads

Optimize a model with 201998 rows, 211558 columns and 2904095 nonzeros
Coefficient statistics:
  Matrix range     [5e-03, 3e+01]
  Objective range  [3e+02, 2e+09]
  Bounds range     [4e-04, 2e+01]
  RHS range        [1e-01, 1e+03]
Warning: Model contains large objective coefficients
         Consider reformulating model or setting NumericFocus parameter
         to avoid numerical issues.
LP warm-start: use basis

Iteration    Objective       Primal Inf.    Dual Inf.      Time
       0   -6.7784468e+24   7.740634e+31   8.691342e-06      0s
    1691    6.0016559e+11   1.412363e+01   1.366440e+09      5s
    6332    7.4437529e+11   2.225085e+00   5.369636e+09     10s
    9090    6.0161492e+11   0.000000e+00   1.354308e+12     15s
   12370    6.0045545e+11   0.000000e+00   1.847844e+11     20s
   16123    6.0023437e+11   0.000000e+00   4.778949e+10     25s
   20365    6.0021805e+11   0.000000e+00   2.962989e+09     30s
   24196    6.0021535e+11   0.000000e+00   2.211990e+07     35s
   31239    6.0021508e+11   0.000000e+00   0.000000e+00     40s

Solved in 31239 iterations and 39.73 seconds (109.66 work units)
Optimal objective  6.002150772e+11

User-callback calls 31381, time in user-callback 0.07 sec
Gurobi Optimizer version 11.0.3 build v11.0.3rc0 (win64 - Windows 11+.0 (26200.2))

CPU model: 12th Gen Intel(R) Core(TM) i7-1260P, instruction set [SSE2|AVX|AVX2]
Thread count: 12 physical cores, 16 logical processors, using up to 16 threads

Optimize a model with 202030 rows, 211558 columns and 3016069 nonzeros
Coefficient statistics:
  Matrix range     [5e-03, 3e+01]
  Objective range  [3e+02, 2e+09]
  Bounds range     [4e-04, 2e+01]
  RHS range        [1e-01, 1e+03]
Warning: Model contains large objective coefficients
         Consider reformulating model or setting NumericFocus parameter
         to avoid numerical issues.
LP warm-start: use basis

Iteration    Objective       Primal Inf.    Dual Inf.      Time
       0    2.1915912e+24   1.869285e+32   1.069980e-06      0s
    1320    6.0023265e+11   3.818265e+04   0.000000e+00      6s
    2260    6.0023321e+11   4.296951e+05   0.000000e+00     10s
    3290    6.0023375e+11   4.950562e+04   0.000000e+00     15s
    4170    6.0023416e+11   2.273712e+06   0.000000e+00     21s
    5000    6.0023793e+11   4.729793e+05   0.000000e+00     25s
    5860    6.0023814e+11   1.087427e+04   0.000000e+00     31s
    6610    6.0023856e+11   4.904703e+03   0.000000e+00     35s
    7340    6.0023859e+11   4.921987e+03   0.000000e+00     40s
    8180    6.0023860e+11   9.197956e+03   0.000000e+00     46s
Warning: Markowitz tolerance tightened to 0.0625
    8880    6.0023861e+11   1.033549e+05   0.000000e+00     51s
    9580    6.0023863e+11   2.903447e+06   0.000000e+00     55s
   10400    6.0023864e+11   0.000000e+00   0.000000e+00     61s

Solved in 10400 iterations and 60.88 seconds (86.25 work units)
Optimal objective  6.002386407e+11

User-callback calls 10437, time in user-callback 0.04 sec
Gurobi Optimizer version 11.0.3 build v11.0.3rc0 (win64 - Windows 11+.0 (26200.2))

CPU model: 12th Gen Intel(R) Core(TM) i7-1260P, instruction set [SSE2|AVX|AVX2]
Thread count: 12 physical cores, 16 logical processors, using up to 16 threads

Optimize a model with 202062 rows, 211558 columns and 3082417 nonzeros
Coefficient statistics:
  Matrix range     [5e-03, 3e+01]
  Objective range  [3e+02, 2e+09]
  Bounds range     [4e-04, 2e+01]
  RHS range        [1e-01, 1e+03]
Warning: Model contains large objective coefficients
         Consider reformulating model or setting NumericFocus parameter
         to avoid numerical issues.
LP warm-start: use basis

Iteration    Objective       Primal Inf.    Dual Inf.      Time
       0   -3.2692635e+25   1.744622e+32   1.895223e-05      0s
    1190    6.0025588e+11   5.573082e+04   0.000000e+00      5s
    1940    6.0025596e+11   3.257950e+04   0.000000e+00     10s
    2890    6.0026070e+11   3.105279e+03   0.000000e+00     15s
    3780    6.0026095e+11   1.088418e+05   0.000000e+00     20s
    4700    6.0026174e+11   1.615044e+05   0.000000e+00     25s
    5590    6.0026462e+11   1.348624e+05   0.000000e+00     30s
    6550    6.0026512e+11   4.601903e+04   0.000000e+00     35s
    7460    6.0026526e+11   1.127919e+06   0.000000e+00     40s
    8430    6.0026546e+11   2.572525e+05   0.000000e+00     46s
    9220    6.0026555e+11   2.830198e+04   0.000000e+00     50s
   10140    6.0026675e+11   1.192925e+05   0.000000e+00     56s
   10870    6.0026698e+11   9.392186e+03   0.000000e+00     60s
   11750    6.0026701e+11   1.524828e+03   0.000000e+00     66s
   12460    6.0026701e+11   2.614998e+05   0.000000e+00     70s
   13180    6.0026702e+11   1.350918e+04   0.000000e+00     75s
   14061    6.0026704e+11   3.655162e+03   0.000000e+00     80s
   14981    6.0026705e+11   1.698753e+03   0.000000e+00     86s
   15691    6.0026706e+11   3.273236e+02   0.000000e+00     90s
   16020    6.0026706e+11   0.000000e+00   0.000000e+00     93s

Solved in 16020 iterations and 92.87 seconds (129.82 work units)
Optimal objective  6.002670619e+11

User-callback calls 16063, time in user-callback 0.11 sec
Gurobi Optimizer version 11.0.3 build v11.0.3rc0 (win64 - Windows 11+.0 (26200.2))

CPU model: 12th Gen Intel(R) Core(TM) i7-1260P, instruction set [SSE2|AVX|AVX2]
Thread count: 12 physical cores, 16 logical processors, using up to 16 threads

Optimize a model with 202094 rows, 211558 columns and 3117960 nonzeros
Coefficient statistics:
  Matrix range     [5e-03, 3e+01]
  Objective range  [3e+02, 2e+09]
  Bounds range     [4e-04, 2e+01]
  RHS range        [1e-01, 1e+03]
Warning: Model contains large objective coefficients
         Consider reformulating model or setting NumericFocus parameter
         to avoid numerical issues.
LP warm-start: use basis

Iteration    Objective       Primal Inf.    Dual Inf.      Time
       0    1.3776151e+25   2.632396e+32   1.298661e-05      0s
     910    6.0032674e+11   7.943800e+04   0.000000e+00      5s
Warning: 1 variables dropped from basis
Warning: switch to quad precision
    1570    6.0032675e+11   5.100775e+03   0.000000e+00     10s
    2210    6.0032675e+11   8.133185e+03   0.000000e+00     15s
    2810    6.0032678e+11   8.729392e+03   0.000000e+00     20s
    3410    6.0032678e+11   6.515317e+02   0.000000e+00     26s
    3890    6.0032679e+11   2.890030e+03   0.000000e+00     30s
    4520    6.0032689e+11   7.638732e+02   0.000000e+00     36s
    5130    6.0032690e+11   2.218386e+04   0.000000e+00     41s
    5600    6.0032691e+11   6.268069e+03   0.000000e+00     45s
    6180    6.0032691e+11   2.995345e+03   0.000000e+00     51s
    6750    6.0032691e+11   1.141560e+02   0.000000e+00     56s
    6840    6.0032691e+11   0.000000e+00   0.000000e+00     57s

Solved in 6840 iterations and 56.72 seconds (108.03 work units)
Optimal objective  6.003269111e+11

User-callback calls 6878, time in user-callback 0.08 sec
Gurobi Optimizer version 11.0.3 build v11.0.3rc0 (win64 - Windows 11+.0 (26200.2))

CPU model: 12th Gen Intel(R) Core(TM) i7-1260P, instruction set [SSE2|AVX|AVX2]
Thread count: 12 physical cores, 16 logical processors, using up to 16 threads

Optimize a model with 202126 rows, 211558 columns and 3165959 nonzeros
Coefficient statistics:
  Matrix range     [5e-03, 3e+01]
  Objective range  [3e+02, 2e+09]
  Bounds range     [4e-04, 2e+01]
  RHS range        [1e-01, 1e+03]
Warning: Model contains large objective coefficients
         Consider reformulating model or setting NumericFocus parameter
         to avoid numerical issues.
LP warm-start: use basis

Iteration    Objective       Primal Inf.    Dual Inf.      Time
       0    7.2702365e+25   1.613152e+32   8.088845e-05      0s
    1100    6.0034187e+11   0.000000e+00   0.000000e+00      5s

Solved in 1100 iterations and 4.94 seconds (8.73 work units)
Optimal objective  6.003418747e+11

User-callback calls 1132, time in user-callback 0.03 sec
Gurobi Optimizer version 11.0.3 build v11.0.3rc0 (win64 - Windows 11+.0 (26200.2))

CPU model: 12th Gen Intel(R) Core(TM) i7-1260P, instruction set [SSE2|AVX|AVX2]
Thread count: 12 physical cores, 16 logical processors, using up to 16 threads

Optimize a model with 202158 rows, 211558 columns and 3217717 nonzeros
Coefficient statistics:
  Matrix range     [5e-03, 3e+01]
  Objective range  [3e+02, 2e+09]
  Bounds range     [4e-04, 2e+01]
  RHS range        [6e-02, 1e+03]
Warning: Model contains large objective coefficients
         Consider reformulating model or setting NumericFocus parameter
         to avoid numerical issues.
LP warm-start: use basis

Iteration    Objective       Primal Inf.    Dual Inf.      Time
       0   -2.9181060e+26   2.281250e+34   1.216680e-04      0s
    1200    6.0037070e+11   1.196451e+05   0.000000e+00      5s
    2350    6.0037161e+11   1.803002e+03   0.000000e+00     11s
    3200    6.0037161e+11   4.702655e+03   0.000000e+00     16s
    4040    6.0037161e+11   6.237371e+03   0.000000e+00     21s
Warning: Markowitz tolerance tightened to 0.03125
    4900    6.0037162e+11   8.620031e+02   0.000000e+00     26s
    5760    6.0037163e+11   9.735857e+02   0.000000e+00     31s
    6500    6.0037163e+11   1.316323e+04   0.000000e+00     35s
    7332    6.0037163e+11   0.000000e+00   0.000000e+00     40s

Solved in 7332 iterations and 40.62 seconds (63.32 work units)
Optimal objective  6.003716308e+11

User-callback calls 7366, time in user-callback 0.03 sec
Gurobi Optimizer version 11.0.3 build v11.0.3rc0 (win64 - Windows 11+.0 (26200.2))

CPU model: 12th Gen Intel(R) Core(TM) i7-1260P, instruction set [SSE2|AVX|AVX2]
Thread count: 12 physical cores, 16 logical processors, using up to 16 threads

Optimize a model with 202190 rows, 211558 columns and 3266805 nonzeros
Coefficient statistics:
  Matrix range     [5e-03, 3e+01]
  Objective range  [3e+02, 2e+09]
  Bounds range     [4e-04, 2e+01]
  RHS range        [6e-02, 1e+03]
Warning: Model contains large objective coefficients
         Consider reformulating model or setting NumericFocus parameter
         to avoid numerical issues.
LP warm-start: use basis

Iteration    Objective       Primal Inf.    Dual Inf.      Time
       0    6.0037163e+11   4.705434e+01   0.000000e+00      0s
    1010    6.0038551e+11   3.462567e+04   0.000000e+00      5s
    2020    6.0038553e+11   3.178611e+03   0.000000e+00     11s
    2860    6.0038554e+11   3.200658e+04   0.000000e+00     16s
    3620    6.0038562e+11   9.834063e+03   0.000000e+00     20s
    4550    6.0038573e+11   3.070949e+04   0.000000e+00     25s
    5300    6.0038576e+11   9.865548e+03   0.000000e+00     30s
    6170    6.0038578e+11   1.892131e+03   0.000000e+00     35s
    6519    6.0038581e+11   0.000000e+00   0.000000e+00     37s

Solved in 6519 iterations and 37.49 seconds (56.09 work units)
Optimal objective  6.003858054e+11

User-callback calls 6551, time in user-callback 0.06 sec
Gurobi Optimizer version 11.0.3 build v11.0.3rc0 (win64 - Windows 11+.0 (26200.2))

CPU model: 12th Gen Intel(R) Core(TM) i7-1260P, instruction set [SSE2|AVX|AVX2]
Thread count: 12 physical cores, 16 logical processors, using up to 16 threads

Optimize a model with 202222 rows, 211558 columns and 3339658 nonzeros
Coefficient statistics:
  Matrix range     [5e-03, 3e+01]
  Objective range  [3e+02, 2e+09]
  Bounds range     [4e-04, 2e+01]
  RHS range        [6e-02, 1e+03]
Warning: Model contains large objective coefficients
         Consider reformulating model or setting NumericFocus parameter
         to avoid numerical issues.
LP warm-start: use basis

Iteration    Objective       Primal Inf.    Dual Inf.      Time
       0    6.0038581e+11   4.782268e+01   0.000000e+00      0s
    1150    6.0042074e+11   1.040063e+05   0.000000e+00      6s
    2050    6.0042092e+11   1.503352e+05   0.000000e+00     11s
    2950    6.0042102e+11   3.352663e+05   0.000000e+00     15s
    3830    6.0042108e+11   2.026169e+05   0.000000e+00     20s
    4890    6.0042118e+11   2.879386e+04   0.000000e+00     25s
    5790    6.0042123e+11   6.957970e+04   0.000000e+00     30s
    6710    6.0042127e+11   3.599100e+04   0.000000e+00     35s
    7580    6.0042129e+11   1.313395e+04   0.000000e+00     41s
    8350    6.0042134e+11   7.837749e+04   0.000000e+00     46s
    9130    6.0042142e+11   2.330269e+04   0.000000e+00     50s
   10000    6.0042167e+11   1.967345e+04   0.000000e+00     55s
   10850    6.0042168e+11   2.341584e+06   0.000000e+00     61s
   11570    6.0042170e+11   1.830263e+04   0.000000e+00     65s
   12460    6.0042172e+11   1.424711e+03   0.000000e+00     71s
   13170    6.0042172e+11   3.281318e+03   0.000000e+00     75s
   14010    6.0042173e+11   1.209904e+04   0.000000e+00     81s
   14720    6.0042173e+11   3.821709e+01   0.000000e+00     85s
   14810    6.0042173e+11   0.000000e+00   0.000000e+00     86s

Solved in 14810 iterations and 85.88 seconds (131.97 work units)
Optimal objective  6.004217265e+11

User-callback calls 14853, time in user-callback 0.10 sec
Gurobi Optimizer version 11.0.3 build v11.0.3rc0 (win64 - Windows 11+.0 (26200.2))

CPU model: 12th Gen Intel(R) Core(TM) i7-1260P, instruction set [SSE2|AVX|AVX2]
Thread count: 12 physical cores, 16 logical processors, using up to 16 threads

Optimize a model with 202254 rows, 211558 columns and 3382682 nonzeros
Coefficient statistics:
  Matrix range     [5e-03, 3e+01]
  Objective range  [3e+02, 2e+09]
  Bounds range     [4e-04, 2e+01]
  RHS range        [6e-02, 1e+03]
Warning: Model contains large objective coefficients
         Consider reformulating model or setting NumericFocus parameter
         to avoid numerical issues.
LP warm-start: use basis

Iteration    Objective       Primal Inf.    Dual Inf.      Time
       0    2.8118966e+24   1.019737e+31   3.971583e-06      0s
     960    6.0044465e+11   4.306574e+04   0.000000e+00      5s
    1940    6.0044578e+11   4.616644e+05   0.000000e+00     10s
    2790    6.0044580e+11   8.183508e+05   0.000000e+00     15s
    3670    6.0044583e+11   4.266180e+03   0.000000e+00     20s
    4670    6.0044586e+11   5.046249e+04   0.000000e+00     26s
    5640    6.0044598e+11   2.544339e+04   0.000000e+00     30s
    6700    6.0044611e+11   6.923324e+03   0.000000e+00     36s
    7740    6.0044625e+11   6.970344e+05   0.000000e+00     41s
    8660    6.0044630e+11   1.019409e+03   0.000000e+00     45s
    9720    6.0044638e+11   8.950401e+03   0.000000e+00     51s
   10506    6.0044639e+11   0.000000e+00   0.000000e+00     55s

Solved in 10506 iterations and 55.23 seconds (90.18 work units)
Optimal objective  6.004463868e+11

User-callback calls 10542, time in user-callback 0.10 sec
Gurobi Optimizer version 11.0.3 build v11.0.3rc0 (win64 - Windows 11+.0 (26200.2))

CPU model: 12th Gen Intel(R) Core(TM) i7-1260P, instruction set [SSE2|AVX|AVX2]
Thread count: 12 physical cores, 16 logical processors, using up to 16 threads

Optimize a model with 202286 rows, 211558 columns and 3414443 nonzeros
Coefficient statistics:
  Matrix range     [5e-03, 3e+01]
  Objective range  [3e+02, 2e+09]
  Bounds range     [4e-04, 2e+01]
  RHS range        [6e-02, 1e+03]
Warning: Model contains large objective coefficients
         Consider reformulating model or setting NumericFocus parameter
         to avoid numerical issues.
LP warm-start: use basis

Iteration    Objective       Primal Inf.    Dual Inf.      Time
       0    5.7869797e+24   7.473738e+31   4.707708e-05      0s
     980    6.0045251e+11   7.767055e+03   0.000000e+00      5s
    1980    6.0045252e+11   7.034220e+05   0.000000e+00     11s
    2830    6.0045253e+11   4.487223e+02   0.000000e+00     15s
    3825    6.0045254e+11   0.000000e+00   0.000000e+00     21s

Solved in 3825 iterations and 20.93 seconds (35.11 work units)
Optimal objective  6.004525395e+11
Warning: unscaled dual violation = 8.34465e-06 and residual = 8.34605e-06

User-callback calls 3855, time in user-callback 0.05 sec
Gurobi Optimizer version 11.0.3 build v11.0.3rc0 (win64 - Windows 11+.0 (26200.2))

CPU model: 12th Gen Intel(R) Core(TM) i7-1260P, instruction set [SSE2|AVX|AVX2]
Thread count: 12 physical cores, 16 logical processors, using up to 16 threads

Optimize a model with 202318 rows, 211558 columns and 3506010 nonzeros
Coefficient statistics:
  Matrix range     [5e-03, 3e+01]
  Objective range  [3e+02, 2e+09]
  Bounds range     [4e-04, 2e+01]
  RHS range        [5e-02, 1e+03]
Warning: Model contains large objective coefficients
         Consider reformulating model or setting NumericFocus parameter
         to avoid numerical issues.
LP warm-start: use basis

Iteration    Objective       Primal Inf.    Dual Inf.      Time
       0   -9.5757428e+24   4.116138e+32   1.110748e-05      0s
     990    6.0046399e+11   1.672110e+05   0.000000e+00      5s
    2140    6.0046425e+11   4.118030e+04   0.000000e+00     11s
    3080    6.0046440e+11   2.154860e+05   0.000000e+00     15s
    4050    6.0046506e+11   1.717794e+04   0.000000e+00     20s
    4970    6.0046532e+11   7.034067e+04   0.000000e+00     25s
    5970    6.0046539e+11   7.526583e+04   0.000000e+00     30s
    6960    6.0046551e+11   6.407034e+03   0.000000e+00     35s
    7920    6.0046560e+11   3.357311e+06   0.000000e+00     41s
    8850    6.0046563e+11   1.168868e+03   0.000000e+00     46s
    9738    6.0046564e+11   0.000000e+00   0.000000e+00     50s

Solved in 9738 iterations and 50.60 seconds (84.14 work units)
Optimal objective  6.004656443e+11

User-callback calls 9773, time in user-callback 0.04 sec
Gurobi Optimizer version 11.0.3 build v11.0.3rc0 (win64 - Windows 11+.0 (26200.2))

CPU model: 12th Gen Intel(R) Core(TM) i7-1260P, instruction set [SSE2|AVX|AVX2]
Thread count: 12 physical cores, 16 logical processors, using up to 16 threads

Optimize a model with 202350 rows, 211558 columns and 3587280 nonzeros
Coefficient statistics:
  Matrix range     [5e-03, 3e+01]
  Objective range  [3e+02, 2e+09]
  Bounds range     [4e-04, 2e+01]
  RHS range        [5e-02, 1e+03]
Warning: Model contains large objective coefficients
         Consider reformulating model or setting NumericFocus parameter
         to avoid numerical issues.
LP warm-start: use basis

Iteration    Objective       Primal Inf.    Dual Inf.      Time
       0   -2.3871330e+25   1.172969e+33   1.655676e-05      0s
    1090    6.0046663e+11   2.033354e+05   0.000000e+00      5s
    2090    6.0046703e+11   5.319057e+03   0.000000e+00     10s
    3180    6.0046711e+11   5.271038e+05   0.000000e+00     16s
    3950    6.0046716e+11   5.398722e+04   0.000000e+00     20s
    4860    6.0046723e+11   2.394324e+06   0.000000e+00     25s
    5780    6.0046754e+11   1.607257e+03   0.000000e+00     30s
    6680    6.0046759e+11   2.164898e+02   0.000000e+00     35s
    6759    6.0046759e+11   0.000000e+00   0.000000e+00     36s

Solved in 6759 iterations and 35.96 seconds (60.23 work units)
Optimal objective  6.004675885e+11
Warning: unscaled dual violation = 9.55733e-05 and residual = 2.02982e-06

User-callback calls 6794, time in user-callback 0.08 sec
Gurobi Optimizer version 11.0.3 build v11.0.3rc0 (win64 - Windows 11+.0 (26200.2))

CPU model: 12th Gen Intel(R) Core(TM) i7-1260P, instruction set [SSE2|AVX|AVX2]
Thread count: 12 physical cores, 16 logical processors, using up to 16 threads

Optimize a model with 202382 rows, 211558 columns and 3648705 nonzeros
Coefficient statistics:
  Matrix range     [5e-03, 3e+01]
  Objective range  [3e+02, 2e+09]
  Bounds range     [4e-04, 2e+01]
  RHS range        [5e-02, 1e+03]
Warning: Model contains large objective coefficients
         Consider reformulating model or setting NumericFocus parameter
         to avoid numerical issues.
LP warm-start: use basis

Iteration    Objective       Primal Inf.    Dual Inf.      Time
       0   -6.1524242e+26   3.219353e+33   7.338630e-04      0s
    1275    6.0047199e+11   1.631261e+05   0.000000e+00      5s
    2265    6.0047216e+11   8.415582e+04   0.000000e+00     10s
    3215    6.0047239e+11   2.935988e+03   0.000000e+00     16s
    4175    6.0047270e+11   5.799636e+04   0.000000e+00     21s
    4955    6.0047311e+11   7.475262e+03   0.000000e+00     25s
    5965    6.0047325e+11   3.221161e+03   0.000000e+00     31s
    6785    6.0047371e+11   1.403410e+05   0.000000e+00     35s
    7695    6.0047396e+11   1.780174e+05   0.000000e+00     41s
    8495    6.0047422e+11   6.001287e+04   0.000000e+00     45s
    9285    6.0047476e+11   2.760087e+05   0.000000e+00     50s
   10195    6.0047484e+11   7.134780e+04   0.000000e+00     56s
Warning: 1 variables dropped from basis
Warning: switch to quad precision
   10914    6.0047487e+11   3.268927e+04   0.000000e+00     61s
   11414    6.0047493e+11   1.595051e+03   0.000000e+00     66s
   11894    6.0047496e+11   1.649624e+03   0.000000e+00     70s
   12424    6.0047531e+11   5.662839e+04   0.000000e+00     75s
   13094    6.0047554e+11   1.375356e+03   0.000000e+00     81s
   13624    6.0047561e+11   1.028815e+02   0.000000e+00     85s
   14114    6.0047562e+11   0.000000e+00   0.000000e+00     90s

Solved in 14114 iterations and 90.06 seconds (152.61 work units)
Optimal objective  6.004756201e+11

User-callback calls 14160, time in user-callback 0.04 sec
Gurobi Optimizer version 11.0.3 build v11.0.3rc0 (win64 - Windows 11+.0 (26200.2))

CPU model: 12th Gen Intel(R) Core(TM) i7-1260P, instruction set [SSE2|AVX|AVX2]
Thread count: 12 physical cores, 16 logical processors, using up to 16 threads

Optimize a model with 202414 rows, 211558 columns and 3713540 nonzeros
Coefficient statistics:
  Matrix range     [5e-03, 3e+01]
  Objective range  [3e+02, 2e+09]
  Bounds range     [4e-04, 2e+01]
  RHS range        [5e-02, 1e+03]
Warning: Model contains large objective coefficients
         Consider reformulating model or setting NumericFocus parameter
         to avoid numerical issues.
LP warm-start: use basis

Iteration    Objective       Primal Inf.    Dual Inf.      Time
       0   -1.0517501e+25   5.069567e+32   2.483027e-05      0s
    1220    6.0047880e+11   2.995544e+05   0.000000e+00      6s
    2170    6.0047894e+11   5.431758e+05   0.000000e+00     11s
    2930    6.0047898e+11   4.250874e+04   0.000000e+00     15s
    3870    6.0047949e+11   7.023101e+03   0.000000e+00     20s
    4750    6.0047961e+11   1.829312e+04   0.000000e+00     25s
    5850    6.0047975e+11   3.448756e+03   0.000000e+00     31s
    6499    6.0047978e+11   0.000000e+00   0.000000e+00     35s

Solved in 6499 iterations and 34.55 seconds (58.96 work units)
Optimal objective  6.004797840e+11

User-callback calls 6530, time in user-callback 0.06 sec
Gurobi Optimizer version 11.0.3 build v11.0.3rc0 (win64 - Windows 11+.0 (26200.2))

CPU model: 12th Gen Intel(R) Core(TM) i7-1260P, instruction set [SSE2|AVX|AVX2]
Thread count: 12 physical cores, 16 logical processors, using up to 16 threads

Optimize a model with 202446 rows, 211558 columns and 3815120 nonzeros
Coefficient statistics:
  Matrix range     [5e-03, 3e+01]
  Objective range  [3e+02, 2e+09]
  Bounds range     [4e-04, 2e+01]
  RHS range        [5e-02, 1e+03]
Warning: Model contains large objective coefficients
         Consider reformulating model or setting NumericFocus parameter
         to avoid numerical issues.
LP warm-start: use basis

Iteration    Objective       Primal Inf.    Dual Inf.      Time
       0   -2.9678877e+25   2.427842e+32   1.256338e-04      0s
     980    6.0048418e+11   1.863078e+04   0.000000e+00      5s
    1950    6.0048428e+11   1.387842e+04   0.000000e+00     11s
    2890    6.0048438e+11   2.872268e+04   0.000000e+00     15s
    3820    6.0048447e+11   6.155548e+04   0.000000e+00     20s
Warning: Markowitz tolerance tightened to 0.0625
    4750    6.0048504e+11   1.435453e+05   0.000000e+00     25s
    5700    6.0048521e+11   5.470551e+03   0.000000e+00     31s
    6630    6.0048542e+11   5.183719e+03   0.000000e+00     36s
    7420    6.0048545e+11   2.873492e+03   0.000000e+00     40s
    8340    6.0048553e+11   2.724897e+04   0.000000e+00     46s
    9110    6.0048555e+11   5.395372e+02   0.000000e+00     50s
    9920    6.0048556e+11   0.000000e+00   0.000000e+00     56s

Solved in 9920 iterations and 55.72 seconds (94.23 work units)
Optimal objective  6.004855569e+11

User-callback calls 9956, time in user-callback 0.04 sec
Gurobi Optimizer version 11.0.3 build v11.0.3rc0 (win64 - Windows 11+.0 (26200.2))

CPU model: 12th Gen Intel(R) Core(TM) i7-1260P, instruction set [SSE2|AVX|AVX2]
Thread count: 12 physical cores, 16 logical processors, using up to 16 threads

Optimize a model with 202478 rows, 211558 columns and 3904148 nonzeros
Coefficient statistics:
  Matrix range     [5e-03, 3e+01]
  Objective range  [3e+02, 2e+09]
  Bounds range     [4e-04, 2e+01]
  RHS range        [5e-02, 1e+03]
Warning: Model contains large objective coefficients
         Consider reformulating model or setting NumericFocus parameter
         to avoid numerical issues.
LP warm-start: use basis

Iteration    Objective       Primal Inf.    Dual Inf.      Time
       0    1.0065297e+26   6.082857e+32   1.831587e-04      0s
     890    6.0048676e+11   1.410915e+04   0.000000e+00      5s
    1830    6.0048686e+11   2.063787e+04   0.000000e+00     11s
    2770    6.0048697e+11   1.063192e+04   0.000000e+00     16s
    3550    6.0048708e+11   2.623710e+04   0.000000e+00     21s
    4190    6.0048718e+11   1.502639e+04   0.000000e+00     25s
    4970    6.0048733e+11   3.280831e+03   0.000000e+00     31s
    5710    6.0048736e+11   8.874276e+03   0.000000e+00     35s
    6560    6.0048743e+11   8.408151e+03   0.000000e+00     40s
    7480    6.0048762e+11   1.668387e+03   0.000000e+00     46s
    8280    6.0048775e+11   2.199035e+03   0.000000e+00     50s
    9210    6.0048821e+11   8.217075e+03   0.000000e+00     55s
   10100    6.0048825e+11   1.391506e+04   0.000000e+00     61s
   10850    6.0048828e+11   2.167701e+03   0.000000e+00     66s
   11560    6.0048830e+11   2.133004e+02   0.000000e+00     70s
   12222    6.0048830e+11   0.000000e+00   0.000000e+00     75s

Solved in 12222 iterations and 74.73 seconds (119.01 work units)
Optimal objective  6.004883047e+11

User-callback calls 12261, time in user-callback 0.08 sec
Gurobi Optimizer version 11.0.3 build v11.0.3rc0 (win64 - Windows 11+.0 (26200.2))

CPU model: 12th Gen Intel(R) Core(TM) i7-1260P, instruction set [SSE2|AVX|AVX2]
Thread count: 12 physical cores, 16 logical processors, using up to 16 threads

Optimize a model with 202510 rows, 211558 columns and 3952837 nonzeros
Coefficient statistics:
  Matrix range     [5e-03, 3e+01]
  Objective range  [3e+02, 2e+09]
  Bounds range     [4e-04, 2e+01]
  RHS range        [5e-02, 1e+03]
Warning: Model contains large objective coefficients
         Consider reformulating model or setting NumericFocus parameter
         to avoid numerical issues.
LP warm-start: use basis

Iteration    Objective       Primal Inf.    Dual Inf.      Time
       0   -1.0761125e+27   1.773260e+32   2.123511e-03      0s
     940    6.0048838e+11   3.637818e+04   0.000000e+00      5s
    1890    6.0049288e+11   1.084114e+05   0.000000e+00     11s
    2690    6.0049365e+11   6.425747e+03   0.000000e+00     15s
    3470    6.0049366e+11   2.866794e+03   0.000000e+00     20s
    4240    6.0049367e+11   2.675695e+02   0.000000e+00     25s
    4750    6.0049367e+11   0.000000e+00   0.000000e+00     28s

Solved in 4750 iterations and 28.50 seconds (46.38 work units)
Optimal objective  6.004936729e+11

User-callback calls 4780, time in user-callback 0.06 sec
Gurobi Optimizer version 11.0.3 build v11.0.3rc0 (win64 - Windows 11+.0 (26200.2))

CPU model: 12th Gen Intel(R) Core(TM) i7-1260P, instruction set [SSE2|AVX|AVX2]
Thread count: 12 physical cores, 16 logical processors, using up to 16 threads

Optimize a model with 202542 rows, 211558 columns and 3983670 nonzeros
Coefficient statistics:
  Matrix range     [5e-03, 3e+01]
  Objective range  [3e+02, 2e+09]
  Bounds range     [4e-04, 2e+01]
  RHS range        [5e-02, 1e+03]
Warning: Model contains large objective coefficients
         Consider reformulating model or setting NumericFocus parameter
         to avoid numerical issues.
LP warm-start: use basis

Iteration    Objective       Primal Inf.    Dual Inf.      Time
       0   -6.3044688e+25   2.270323e+32   9.045236e-05      0s
     526    6.0049368e+11   0.000000e+00   0.000000e+00      3s

Solved in 526 iterations and 3.48 seconds (5.77 work units)
Optimal objective  6.004936756e+11

User-callback calls 556, time in user-callback 0.00 sec
Gurobi Optimizer version 11.0.3 build v11.0.3rc0 (win64 - Windows 11+.0 (26200.2))

CPU model: 12th Gen Intel(R) Core(TM) i7-1260P, instruction set [SSE2|AVX|AVX2]
Thread count: 12 physical cores, 16 logical processors, using up to 16 threads

Optimize a model with 202574 rows, 211558 columns and 4032488 nonzeros
Coefficient statistics:
  Matrix range     [5e-03, 3e+01]
  Objective range  [3e+02, 2e+09]
  Bounds range     [4e-04, 2e+01]
  RHS range        [5e-02, 1e+03]
Warning: Model contains large objective coefficients
         Consider reformulating model or setting NumericFocus parameter
         to avoid numerical issues.
LP warm-start: use basis

Iteration    Objective       Primal Inf.    Dual Inf.      Time
       0   -1.9766582e+25   3.340882e+31   9.182215e-05      0s
     830    6.0051399e+11   8.878280e+04   0.000000e+00      5s
    1620    6.0051402e+11   9.076866e+05   0.000000e+00     10s
    2500    6.0051413e+11   8.546007e+04   0.000000e+00     16s
    3210    6.0051421e+11   1.097568e+05   0.000000e+00     20s
    3940    6.0051435e+11   9.680582e+05   0.000000e+00     25s
    4800    6.0051455e+11   2.599849e+05   0.000000e+00     31s
    5560    6.0051477e+11   4.684436e+04   0.000000e+00     35s
    6490    6.0051517e+11   1.421521e+06   0.000000e+00     41s
    7270    6.0051546e+11   5.928361e+05   0.000000e+00     45s
    8070    6.0051589e+11   2.687230e+04   0.000000e+00     50s
    8990    6.0051606e+11   3.969445e+03   0.000000e+00     56s
    9790    6.0051625e+11   8.355066e+03   0.000000e+00     60s
   10720    6.0051626e+11   1.181825e+03   0.000000e+00     65s
   10880    6.0051626e+11   0.000000e+00   0.000000e+00     66s

Solved in 10880 iterations and 66.37 seconds (108.59 work units)
Optimal objective  6.005162638e+11

User-callback calls 10918, time in user-callback 0.08 sec
Gurobi Optimizer version 11.0.3 build v11.0.3rc0 (win64 - Windows 11+.0 (26200.2))

CPU model: 12th Gen Intel(R) Core(TM) i7-1260P, instruction set [SSE2|AVX|AVX2]
Thread count: 12 physical cores, 16 logical processors, using up to 16 threads

Optimize a model with 202606 rows, 211558 columns and 4120357 nonzeros
Coefficient statistics:
  Matrix range     [5e-03, 3e+01]
  Objective range  [3e+02, 2e+09]
  Bounds range     [4e-04, 2e+01]
  RHS range        [5e-02, 1e+03]
Warning: Model contains large objective coefficients
         Consider reformulating model or setting NumericFocus parameter
         to avoid numerical issues.
LP warm-start: use basis

Iteration    Objective       Primal Inf.    Dual Inf.      Time
       0   -7.3264085e+24   1.365061e+32   1.228903e-05      0s
     920    6.0052499e+11   1.187399e+04   0.000000e+00      5s
    1820    6.0052501e+11   4.288465e+05   0.000000e+00     11s
    2610    6.0052506e+11   3.417407e+04   0.000000e+00     15s
    3560    6.0052510e+11   3.361570e+04   0.000000e+00     21s
    4380    6.0052523e+11   5.203100e+04   0.000000e+00     25s
    5290    6.0052534e+11   7.257578e+04   0.000000e+00     31s
    6070    6.0052540e+11   7.952070e+04   0.000000e+00     35s
    6990    6.0052542e+11   3.157084e+04   0.000000e+00     41s
    7890    6.0052545e+11   1.755630e+04   0.000000e+00     46s
    8545    6.0052546e+11   0.000000e+00   0.000000e+00     50s

Solved in 8545 iterations and 50.08 seconds (85.81 work units)
Optimal objective  6.005254583e+11

User-callback calls 8579, time in user-callback 0.08 sec
Gurobi Optimizer version 11.0.3 build v11.0.3rc0 (win64 - Windows 11+.0 (26200.2))

CPU model: 12th Gen Intel(R) Core(TM) i7-1260P, instruction set [SSE2|AVX|AVX2]
Thread count: 12 physical cores, 16 logical processors, using up to 16 threads

Optimize a model with 202638 rows, 211558 columns and 4210242 nonzeros
Coefficient statistics:
  Matrix range     [5e-03, 3e+01]
  Objective range  [3e+02, 2e+09]
  Bounds range     [4e-04, 2e+01]
  RHS range        [5e-02, 1e+03]
Warning: Model contains large objective coefficients
         Consider reformulating model or setting NumericFocus parameter
         to avoid numerical issues.
LP warm-start: use basis

Iteration    Objective       Primal Inf.    Dual Inf.      Time
       0   -3.7868953e+25   4.347849e+32   9.307851e-05      0s
    1040    6.0052967e+11   5.739075e+04   0.000000e+00      6s
    1670    6.0052970e+11   6.754786e+04   0.000000e+00     10s
    2470    6.0052975e+11   1.104000e+07   0.000000e+00     16s
    3120    6.0052976e+11   1.899727e+04   0.000000e+00     20s
    3940    6.0053007e+11   6.346349e+04   0.000000e+00     26s
    4600    6.0053016e+11   6.835869e+04   0.000000e+00     31s
    5230    6.0053021e+11   1.267440e+04   0.000000e+00     35s
    5880    6.0053028e+11   6.674817e+04   0.000000e+00     40s
    6710    6.0053034e+11   6.017990e+04   0.000000e+00     46s
    7350    6.0053036e+11   7.381433e+05   0.000000e+00     51s
    7990    6.0053036e+11   5.858425e+04   0.000000e+00     56s
    8600    6.0053039e+11   1.450847e+05   0.000000e+00     60s
    9400    6.0053043e+11   5.181069e+04   0.000000e+00     66s
   10040    6.0053045e+11   3.595160e+04   0.000000e+00     70s
   10790    6.0053046e+11   4.212689e+04   0.000000e+00     76s
   11420    6.0053048e+11   1.092785e+04   0.000000e+00     80s
   12060    6.0053050e+11   6.030641e+06   0.000000e+00     85s
   12800    6.0053051e+11   1.675960e+04   0.000000e+00     91s
   13430    6.0053055e+11   1.494865e+04   0.000000e+00     96s
   14000    6.0053055e+11   1.551873e+04   0.000000e+00    100s
   14760    6.0053059e+11   5.376025e+04   0.000000e+00    106s
   15380    6.0053059e+11   4.409510e+04   0.000000e+00    110s
   16150    6.0053061e+11   8.732611e+03   0.000000e+00    115s
   16910    6.0053062e+11   2.650597e+03   0.000000e+00    121s
   17520    6.0053062e+11   1.313575e+04   0.000000e+00    126s
   18250    6.0053064e+11   1.133635e+03   0.000000e+00    131s
   18860    6.0053064e+11   4.743659e+02   0.000000e+00    135s
   19580    6.0053065e+11   3.805891e+03   0.000000e+00    141s
   20180    6.0053065e+11   1.127428e+03   0.000000e+00    146s
   20780    6.0053066e+11   1.799561e+06   0.000000e+00    150s
   21410    6.0053066e+11   6.187314e+01   0.000000e+00    156s
   21808    6.0053066e+11   0.000000e+00   0.000000e+00    159s

Solved in 21808 iterations and 158.98 seconds (223.10 work units)
Optimal objective  6.005306581e+11

User-callback calls 21864, time in user-callback 0.22 sec
Gurobi Optimizer version 11.0.3 build v11.0.3rc0 (win64 - Windows 11+.0 (26200.2))

CPU model: 12th Gen Intel(R) Core(TM) i7-1260P, instruction set [SSE2|AVX|AVX2]
Thread count: 12 physical cores, 16 logical processors, using up to 16 threads

Optimize a model with 202670 rows, 211558 columns and 4306158 nonzeros
Coefficient statistics:
  Matrix range     [5e-03, 3e+01]
  Objective range  [3e+02, 2e+09]
  Bounds range     [4e-04, 2e+01]
  RHS range        [5e-02, 1e+03]
Warning: Model contains large objective coefficients
         Consider reformulating model or setting NumericFocus parameter
         to avoid numerical issues.
LP warm-start: use basis

Iteration    Objective       Primal Inf.    Dual Inf.      Time
       0   -1.0027056e+27   5.840244e+32   1.123318e-03      0s
     960    6.0053089e+11   2.323360e+06   0.000000e+00      6s
Warning: Markowitz tolerance tightened to 0.0625
    1590    6.0053158e+11   1.682136e+06   0.000000e+00     10s
    2440    6.0053179e+11   5.551786e+05   0.000000e+00     16s
    3160    6.0053210e+11   2.570561e+07   0.000000e+00     21s
    3750    6.0053323e+11   1.048495e+05   0.000000e+00     25s
    4500    6.0053336e+11   6.551327e+04   0.000000e+00     31s
    5210    6.0053514e+11   8.155430e+05   0.000000e+00     35s
    5990    6.0053574e+11   3.437379e+06   0.000000e+00     41s
    6700    6.0053608e+11   1.932036e+05   0.000000e+00     45s
    7470    6.0053611e+11   2.330679e+03   0.000000e+00     50s
    7533    6.0053611e+11   0.000000e+00   0.000000e+00     51s

Solved in 7533 iterations and 50.97 seconds (82.75 work units)
Optimal objective  6.005361106e+11

User-callback calls 7569, time in user-callback 0.08 sec
Gurobi Optimizer version 11.0.3 build v11.0.3rc0 (win64 - Windows 11+.0 (26200.2))

CPU model: 12th Gen Intel(R) Core(TM) i7-1260P, instruction set [SSE2|AVX|AVX2]
Thread count: 12 physical cores, 16 logical processors, using up to 16 threads

Optimize a model with 202702 rows, 211558 columns and 4386244 nonzeros
Coefficient statistics:
  Matrix range     [5e-03, 3e+01]
  Objective range  [3e+02, 2e+09]
  Bounds range     [4e-04, 2e+01]
  RHS range        [4e-02, 1e+03]
Warning: Model contains large objective coefficients
         Consider reformulating model or setting NumericFocus parameter
         to avoid numerical issues.
LP warm-start: use basis

Iteration    Objective       Primal Inf.    Dual Inf.      Time
       0   -1.4548851e+28   7.640000e+31   6.781011e-03      0s
Warning: Markowitz tolerance tightened to 0.0625
     940    6.0053684e+11   5.823437e+03   0.000000e+00      6s
    1700    6.0053687e+11   1.694522e+04   0.000000e+00     11s
    1843    6.0053687e+11   0.000000e+00   0.000000e+00     12s

Solved in 1843 iterations and 11.63 seconds (20.20 work units)
Optimal objective  6.005368741e+11

User-callback calls 1871, time in user-callback 0.00 sec
Gurobi Optimizer version 11.0.3 build v11.0.3rc0 (win64 - Windows 11+.0 (26200.2))

CPU model: 12th Gen Intel(R) Core(TM) i7-1260P, instruction set [SSE2|AVX|AVX2]
Thread count: 12 physical cores, 16 logical processors, using up to 16 threads

Optimize a model with 202734 rows, 211558 columns and 4425695 nonzeros
Coefficient statistics:
  Matrix range     [5e-03, 3e+01]
  Objective range  [3e+02, 2e+09]
  Bounds range     [4e-04, 2e+01]
  RHS range        [4e-02, 1e+03]
Warning: Model contains large objective coefficients
         Consider reformulating model or setting NumericFocus parameter
         to avoid numerical issues.
LP warm-start: use basis

Iteration    Objective       Primal Inf.    Dual Inf.      Time
       0   -1.5257092e+25   2.479036e+32   4.451176e-05      0s
     900    6.0053704e+11   3.271393e+05   0.000000e+00      6s
    1690    6.0053724e+11   2.500573e+07   0.000000e+00     11s
Warning: Markowitz tolerance tightened to 0.25
    2500    6.0053785e+11   1.344497e+05   0.000000e+00     16s
    3280    6.0053814e+11   3.777740e+04   0.000000e+00     21s
    4080    6.0053896e+11   2.714714e+02   0.000000e+00     26s
    4338    6.0053897e+11   0.000000e+00   0.000000e+00     28s

Solved in 4338 iterations and 27.52 seconds (48.16 work units)
Optimal objective  6.005389659e+11

User-callback calls 4369, time in user-callback 0.03 sec
Gurobi Optimizer version 11.0.3 build v11.0.3rc0 (win64 - Windows 11+.0 (26200.2))

CPU model: 12th Gen Intel(R) Core(TM) i7-1260P, instruction set [SSE2|AVX|AVX2]
Thread count: 12 physical cores, 16 logical processors, using up to 16 threads

Optimize a model with 202766 rows, 211558 columns and 4462186 nonzeros
Coefficient statistics:
  Matrix range     [5e-03, 3e+01]
  Objective range  [3e+02, 2e+09]
  Bounds range     [4e-04, 2e+01]
  RHS range        [4e-02, 1e+03]
Warning: Model contains large objective coefficients
         Consider reformulating model or setting NumericFocus parameter
         to avoid numerical issues.
LP warm-start: use basis

Iteration    Objective       Primal Inf.    Dual Inf.      Time
       0   -4.6156924e+25   1.002916e+32   2.549933e-04      0s
    1005    6.0054035e+11   6.739551e+04   0.000000e+00      5s
    1612    6.0054038e+11   0.000000e+00   0.000000e+00      9s

Solved in 1612 iterations and 9.02 seconds (15.21 work units)
Optimal objective  6.005403777e+11
Warning: unscaled dual violation = 1.97643e-06 and residual = 2.30516e-05

User-callback calls 1640, time in user-callback 0.02 sec
Gurobi Optimizer version 11.0.3 build v11.0.3rc0 (win64 - Windows 11+.0 (26200.2))

CPU model: 12th Gen Intel(R) Core(TM) i7-1260P, instruction set [SSE2|AVX|AVX2]
Thread count: 12 physical cores, 16 logical processors, using up to 16 threads

Optimize a model with 202784 rows, 211558 columns and 4485668 nonzeros
Coefficient statistics:
  Matrix range     [5e-03, 3e+01]
  Objective range  [3e+02, 2e+09]
  Bounds range     [4e-04, 2e+01]
  RHS range        [4e-02, 1e+03]
Warning: Model contains large objective coefficients
         Consider reformulating model or setting NumericFocus parameter
         to avoid numerical issues.
LP warm-start: use basis

Iteration    Objective       Primal Inf.    Dual Inf.      Time
       0   -2.8599959e+24   1.178982e+32   7.963861e-05      0s
     660    6.0054040e+11   4.210618e+03   0.000000e+00      5s
     901    6.0054040e+11   0.000000e+00   0.000000e+00      7s

Solved in 901 iterations and 6.99 seconds (10.46 work units)
Optimal objective  6.005403979e+11

User-callback calls 934, time in user-callback 0.00 sec
Gurobi Optimizer version 11.0.3 build v11.0.3rc0 (win64 - Windows 11+.0 (26200.2))

CPU model: 12th Gen Intel(R) Core(TM) i7-1260P, instruction set [SSE2|AVX|AVX2]
Thread count: 12 physical cores, 16 logical processors, using up to 16 threads

Optimize a model with 202788 rows, 211558 columns and 4498156 nonzeros
Coefficient statistics:
  Matrix range     [5e-03, 3e+01]
  Objective range  [3e+02, 2e+09]
  Bounds range     [4e-04, 2e+01]
  RHS range        [4e-02, 1e+03]
Warning: Model contains large objective coefficients
         Consider reformulating model or setting NumericFocus parameter
         to avoid numerical issues.
LP warm-start: use basis

Iteration    Objective       Primal Inf.    Dual Inf.      Time
       0   -4.0277832e+25   2.396342e+32   1.154117e-04      0s
     421    6.0054040e+11   0.000000e+00   0.000000e+00      3s

Solved in 421 iterations and 3.38 seconds (6.01 work units)
Optimal objective  6.005403979e+11
Warning: unscaled dual violation = 4.13453e-06 and residual = 1.83757e-05

User-callback calls 478, time in user-callback 0.02 sec
Gurobi Optimizer version 11.0.3 build v11.0.3rc0 (win64 - Windows 11+.0 (26200.2))

CPU model: 12th Gen Intel(R) Core(TM) i7-1260P, instruction set [SSE2|AVX|AVX2]
Thread count: 12 physical cores, 16 logical processors, using up to 16 threads

Optimize a model with 202789 rows, 211558 columns and 4498522 nonzeros
Coefficient statistics:
  Matrix range     [5e-03, 3e+01]
  Objective range  [3e+02, 2e+09]
  Bounds range     [4e-04, 2e+01]
  RHS range        [4e-02, 1e+03]
Warning: Model contains large objective coefficients
         Consider reformulating model or setting NumericFocus parameter
         to avoid numerical issues.
LP warm-start: use basis

Iteration    Objective       Primal Inf.    Dual Inf.      Time
       0   -1.3399092e+24   6.587212e+31   6.197373e-05      0s
     412    6.0054040e+11   0.000000e+00   0.000000e+00      3s

Solved in 412 iterations and 2.99 seconds (4.86 work units)
Optimal objective  6.005403979e+11

User-callback calls 437, time in user-callback 0.00 sec
Gurobi Optimizer version 11.0.3 build v11.0.3rc0 (win64 - Windows 11+.0 (26200.2))

CPU model: 12th Gen Intel(R) Core(TM) i7-1260P, instruction set [SSE2|AVX|AVX2]
Thread count: 12 physical cores, 16 logical processors, using up to 16 threads

Optimize a model with 202790 rows, 211558 columns and 4498527 nonzeros
Coefficient statistics:
  Matrix range     [5e-03, 3e+01]
  Objective range  [3e+02, 2e+09]
  Bounds range     [4e-04, 2e+01]
  RHS range        [4e-02, 1e+03]
Warning: Model contains large objective coefficients
         Consider reformulating model or setting NumericFocus parameter
         to avoid numerical issues.
LP warm-start: use basis

Iteration    Objective       Primal Inf.    Dual Inf.      Time
       0   -1.8789195e+25   8.555402e+31   8.562580e-06      0s
     344    6.0054040e+11   0.000000e+00   0.000000e+00      2s

Solved in 344 iterations and 2.31 seconds (3.78 work units)
Optimal objective  6.005403979e+11

User-callback calls 369, time in user-callback 0.00 sec
Gurobi Optimizer version 11.0.3 build v11.0.3rc0 (win64 - Windows 11+.0 (26200.2))

CPU model: 12th Gen Intel(R) Core(TM) i7-1260P, instruction set [SSE2|AVX|AVX2]
Thread count: 12 physical cores, 16 logical processors, using up to 16 threads

Optimize a model with 202791 rows, 211558 columns and 4498532 nonzeros
Coefficient statistics:
  Matrix range     [5e-03, 3e+01]
  Objective range  [3e+02, 2e+09]
  Bounds range     [4e-04, 2e+01]
  RHS range        [4e-02, 1e+03]
Warning: Model contains large objective coefficients
         Consider reformulating model or setting NumericFocus parameter
         to avoid numerical issues.
LP warm-start: use basis

Iteration    Objective       Primal Inf.    Dual Inf.      Time
       0   -1.6295407e+25   1.148462e+32   2.156432e-05      0s
Warning: Markowitz tolerance tightened to 0.0625
     430    6.0054040e+11   0.000000e+00   0.000000e+00      3s

Solved in 430 iterations and 3.00 seconds (5.07 work units)
Optimal objective  6.005403979e+11

User-callback calls 458, time in user-callback 0.00 sec
