
Gurobi 11.0.3 (win64) logging started Wed Aug 19 20:21:52 2026

Set parameter LogFile to value "scenarios/B_med/2040\gurobi_logfile.log"
Set parameter MIPGap to value 0.01
Set parameter TimeLimit to value 84600

Gurobi 11.0.3 (win64) logging started Wed Aug 19 20:21:52 2026

Set parameter LogFile to value "scenarios/B_med/2040\gurobi_logfile.log"
Gurobi Optimizer version 11.0.3 build v11.0.3rc0 (win64 - Windows 11+.0 (26200.2))

CPU model: 12th Gen Intel(R) Core(TM) i7-1260P, instruction set [SSE2|AVX|AVX2]
Thread count: 12 physical cores, 16 logical processors, using up to 16 threads

Optimize a model with 201230 rows, 211558 columns and 645558 nonzeros
Model fingerprint: 0xb233174d
Coefficient statistics:
  Matrix range     [6e-01, 3e+00]
  Objective range  [3e+02, 2e+09]
  Bounds range     [4e-04, 1e+01]
  RHS range        [1e+00, 9e+02]
Warning: Model contains large objective coefficients
         Consider reformulating model or setting NumericFocus parameter
         to avoid numerical issues.
Presolve removed 153206 rows and 65166 columns
Presolve time: 0.24s
Presolved: 48024 rows, 146392 columns, 288392 nonzeros

Concurrent LP optimizer: primal simplex, dual simplex, and barrier
Showing barrier log only...

Ordering time: 0.00s

Barrier statistics:
 AA' NZ     : 4.700e+01
 Factor NZ  : 6.660e+02 (roughly 2 MB of memory)
 Factor Ops : 1.252e+04 (less than 1 second per iteration)
 Threads    : 1

Barrier performed 0 iterations in 0.30 seconds (0.29 work units)
Barrier solve interrupted - model solved by another algorithm


Solved with dual simplex
Iteration    Objective       Primal Inf.    Dual Inf.      Time
      55    5.9391956e+11   0.000000e+00   0.000000e+00      0s

Use crossover to convert LP symmetric solution to basic solution...
Crossover log...

       0 DPushes remaining with DInf 0.0000000e+00                 0s

   35990 PPushes remaining with PInf 0.0000000e+00                 0s
       0 PPushes remaining with PInf 0.0000000e+00                 1s

  Push phase complete: Pinf 0.0000000e+00, Dinf 4.8931688e-06      1s

Iteration    Objective       Primal Inf.    Dual Inf.      Time
   44059    5.9391956e+11   0.000000e+00   0.000000e+00      1s
   44059    5.9391956e+11   0.000000e+00   0.000000e+00      1s

Solved in 44059 iterations and 1.23 seconds (1.40 work units)
Optimal objective  5.939195616e+11

User-callback calls 44838, time in user-callback 0.01 sec
Gurobi Optimizer version 11.0.3 build v11.0.3rc0 (win64 - Windows 11+.0 (26200.2))

CPU model: 12th Gen Intel(R) Core(TM) i7-1260P, instruction set [SSE2|AVX|AVX2]
Thread count: 12 physical cores, 16 logical processors, using up to 16 threads

Optimize a model with 201262 rows, 211558 columns and 777831 nonzeros
Coefficient statistics:
  Matrix range     [5e-03, 5e+00]
  Objective range  [3e+02, 2e+09]
  Bounds range     [4e-04, 1e+01]
  RHS range        [1e+00, 9e+02]
Warning: Model contains large objective coefficients
         Consider reformulating model or setting NumericFocus parameter
         to avoid numerical issues.
LP warm-start: use basis

Iteration    Objective       Primal Inf.    Dual Inf.      Time
       0    5.9391956e+11   2.131270e+02   0.000000e+00      0s
    4593    5.9469557e+11   0.000000e+00   0.000000e+00      4s

Solved in 4593 iterations and 3.69 seconds (6.29 work units)
Optimal objective  5.946955700e+11

User-callback calls 4618, time in user-callback 0.00 sec
Gurobi Optimizer version 11.0.3 build v11.0.3rc0 (win64 - Windows 11+.0 (26200.2))

CPU model: 12th Gen Intel(R) Core(TM) i7-1260P, instruction set [SSE2|AVX|AVX2]
Thread count: 12 physical cores, 16 logical processors, using up to 16 threads

Optimize a model with 201294 rows, 211558 columns and 890696 nonzeros
Coefficient statistics:
  Matrix range     [5e-03, 2e+01]
  Objective range  [3e+02, 2e+09]
  Bounds range     [4e-04, 1e+01]
  RHS range        [2e-01, 9e+02]
Warning: Model contains large objective coefficients
         Consider reformulating model or setting NumericFocus parameter
         to avoid numerical issues.
LP warm-start: use basis

Iteration    Objective       Primal Inf.    Dual Inf.      Time
       0    5.9469557e+11   3.983424e+02   0.000000e+00      0s
    3261    5.9487833e+11   0.000000e+00   0.000000e+00      2s

Solved in 3261 iterations and 2.04 seconds (4.02 work units)
Optimal objective  5.948783290e+11

User-callback calls 3286, time in user-callback 0.00 sec
Gurobi Optimizer version 11.0.3 build v11.0.3rc0 (win64 - Windows 11+.0 (26200.2))

CPU model: 12th Gen Intel(R) Core(TM) i7-1260P, instruction set [SSE2|AVX|AVX2]
Thread count: 12 physical cores, 16 logical processors, using up to 16 threads

Optimize a model with 201326 rows, 211558 columns and 985982 nonzeros
Coefficient statistics:
  Matrix range     [5e-03, 2e+01]
  Objective range  [3e+02, 2e+09]
  Bounds range     [4e-04, 1e+01]
  RHS range        [2e-01, 9e+02]
Warning: Model contains large objective coefficients
         Consider reformulating model or setting NumericFocus parameter
         to avoid numerical issues.
LP warm-start: use basis

Iteration    Objective       Primal Inf.    Dual Inf.      Time
       0    5.9487833e+11   1.030852e+02   0.000000e+00      0s
    2656    5.9515823e+11   0.000000e+00   0.000000e+00      2s

Solved in 2656 iterations and 1.81 seconds (3.24 work units)
Optimal objective  5.951582336e+11

User-callback calls 2681, time in user-callback 0.00 sec
Gurobi Optimizer version 11.0.3 build v11.0.3rc0 (win64 - Windows 11+.0 (26200.2))

CPU model: 12th Gen Intel(R) Core(TM) i7-1260P, instruction set [SSE2|AVX|AVX2]
Thread count: 12 physical cores, 16 logical processors, using up to 16 threads

Optimize a model with 201358 rows, 211558 columns and 1098448 nonzeros
Coefficient statistics:
  Matrix range     [5e-03, 2e+01]
  Objective range  [3e+02, 2e+09]
  Bounds range     [4e-04, 1e+01]
  RHS range        [2e-01, 9e+02]
Warning: Model contains large objective coefficients
         Consider reformulating model or setting NumericFocus parameter
         to avoid numerical issues.
LP warm-start: use basis

Iteration    Objective       Primal Inf.    Dual Inf.      Time
       0    5.9515823e+11   1.200547e+02   0.000000e+00      0s
    4810    5.9524339e+11   8.526457e+01   0.000000e+00      5s
    6055    5.9524361e+11   0.000000e+00   0.000000e+00      6s

Solved in 6055 iterations and 6.00 seconds (11.22 work units)
Optimal objective  5.952436076e+11

User-callback calls 6081, time in user-callback 0.01 sec
Gurobi Optimizer version 11.0.3 build v11.0.3rc0 (win64 - Windows 11+.0 (26200.2))

CPU model: 12th Gen Intel(R) Core(TM) i7-1260P, instruction set [SSE2|AVX|AVX2]
Thread count: 12 physical cores, 16 logical processors, using up to 16 threads

Optimize a model with 201390 rows, 211558 columns and 1162774 nonzeros
Coefficient statistics:
  Matrix range     [5e-03, 2e+01]
  Objective range  [3e+02, 2e+09]
  Bounds range     [4e-04, 1e+01]
  RHS range        [2e-01, 9e+02]
Warning: Model contains large objective coefficients
         Consider reformulating model or setting NumericFocus parameter
         to avoid numerical issues.
LP warm-start: use basis

Iteration    Objective       Primal Inf.    Dual Inf.      Time
       0    5.9524361e+11   1.167171e+02   0.000000e+00      0s
    3619    5.9534345e+11   0.000000e+00   0.000000e+00      3s

Solved in 3619 iterations and 2.91 seconds (6.00 work units)
Optimal objective  5.953434469e+11

User-callback calls 3644, time in user-callback 0.01 sec
Gurobi Optimizer version 11.0.3 build v11.0.3rc0 (win64 - Windows 11+.0 (26200.2))

CPU model: 12th Gen Intel(R) Core(TM) i7-1260P, instruction set [SSE2|AVX|AVX2]
Thread count: 12 physical cores, 16 logical processors, using up to 16 threads

Optimize a model with 201422 rows, 211558 columns and 1237788 nonzeros
Coefficient statistics:
  Matrix range     [5e-03, 2e+01]
  Objective range  [3e+02, 2e+09]
  Bounds range     [4e-04, 1e+01]
  RHS range        [2e-01, 9e+02]
Warning: Model contains large objective coefficients
         Consider reformulating model or setting NumericFocus parameter
         to avoid numerical issues.
LP warm-start: use basis

Iteration    Objective       Primal Inf.    Dual Inf.      Time
       0    5.9534345e+11   4.560436e+01   0.000000e+00      0s
    3380    5.9540071e+11   1.167489e+04   0.000000e+00      5s
    4063    5.9540108e+11   0.000000e+00   0.000000e+00      7s

Solved in 4063 iterations and 7.35 seconds (11.84 work units)
Optimal objective  5.954010821e+11

User-callback calls 4089, time in user-callback 0.02 sec
Gurobi Optimizer version 11.0.3 build v11.0.3rc0 (win64 - Windows 11+.0 (26200.2))

CPU model: 12th Gen Intel(R) Core(TM) i7-1260P, instruction set [SSE2|AVX|AVX2]
Thread count: 12 physical cores, 16 logical processors, using up to 16 threads

Optimize a model with 201454 rows, 211558 columns and 1320729 nonzeros
Coefficient statistics:
  Matrix range     [5e-03, 2e+01]
  Objective range  [3e+02, 2e+09]
  Bounds range     [4e-04, 1e+01]
  RHS range        [2e-01, 9e+02]
Warning: Model contains large objective coefficients
         Consider reformulating model or setting NumericFocus parameter
         to avoid numerical issues.
LP warm-start: use basis

Iteration    Objective       Primal Inf.    Dual Inf.      Time
       0    5.9540108e+11   7.504796e+01   0.000000e+00      0s
    2650    5.9542859e+11   3.634477e+03   0.000000e+00      5s
    4152    5.9543011e+11   0.000000e+00   0.000000e+00     10s

Solved in 4152 iterations and 9.69 seconds (16.11 work units)
Optimal objective  5.954301137e+11

User-callback calls 4178, time in user-callback 0.01 sec
Gurobi Optimizer version 11.0.3 build v11.0.3rc0 (win64 - Windows 11+.0 (26200.2))

CPU model: 12th Gen Intel(R) Core(TM) i7-1260P, instruction set [SSE2|AVX|AVX2]
Thread count: 12 physical cores, 16 logical processors, using up to 16 threads

Optimize a model with 201486 rows, 211558 columns and 1370922 nonzeros
Coefficient statistics:
  Matrix range     [5e-03, 2e+01]
  Objective range  [3e+02, 2e+09]
  Bounds range     [4e-04, 1e+01]
  RHS range        [8e-02, 9e+02]
Warning: Model contains large objective coefficients
         Consider reformulating model or setting NumericFocus parameter
         to avoid numerical issues.
LP warm-start: use basis

Iteration    Objective       Primal Inf.    Dual Inf.      Time
       0    5.9543011e+11   1.255478e+02   0.000000e+00      0s
    1374    5.9544510e+11   0.000000e+00   0.000000e+00      3s

Solved in 1374 iterations and 2.91 seconds (5.18 work units)
Optimal objective  5.954450975e+11

User-callback calls 1399, time in user-callback 0.00 sec
Gurobi Optimizer version 11.0.3 build v11.0.3rc0 (win64 - Windows 11+.0 (26200.2))

CPU model: 12th Gen Intel(R) Core(TM) i7-1260P, instruction set [SSE2|AVX|AVX2]
Thread count: 12 physical cores, 16 logical processors, using up to 16 threads

Optimize a model with 201518 rows, 211558 columns and 1453466 nonzeros
Coefficient statistics:
  Matrix range     [5e-03, 2e+01]
  Objective range  [3e+02, 2e+09]
  Bounds range     [4e-04, 1e+01]
  RHS range        [8e-02, 9e+02]
Warning: Model contains large objective coefficients
         Consider reformulating model or setting NumericFocus parameter
         to avoid numerical issues.
LP warm-start: use basis

Iteration    Objective       Primal Inf.    Dual Inf.      Time
       0    5.9544510e+11   6.975913e+01   0.000000e+00      0s
    1730    5.9546003e+11   1.766709e+05   0.000000e+00      5s
    2940    5.9546003e+11   1.965755e+04   0.000000e+00     10s
    4020    5.9546003e+11   5.692298e+03   0.000000e+00     15s
    5370    5.9546043e+11   6.149747e+01   0.000000e+00     20s
    6185    5.9546043e+11   0.000000e+00   0.000000e+00     24s

Solved in 6185 iterations and 23.90 seconds (42.28 work units)
Optimal objective  5.954604278e+11

User-callback calls 6215, time in user-callback 0.02 sec
Gurobi Optimizer version 11.0.3 build v11.0.3rc0 (win64 - Windows 11+.0 (26200.2))

CPU model: 12th Gen Intel(R) Core(TM) i7-1260P, instruction set [SSE2|AVX|AVX2]
Thread count: 12 physical cores, 16 logical processors, using up to 16 threads

Optimize a model with 201550 rows, 211558 columns and 1548665 nonzeros
Coefficient statistics:
  Matrix range     [5e-03, 2e+01]
  Objective range  [3e+02, 2e+09]
  Bounds range     [4e-04, 1e+01]
  RHS range        [8e-02, 9e+02]
Warning: Model contains large objective coefficients
         Consider reformulating model or setting NumericFocus parameter
         to avoid numerical issues.
LP warm-start: use basis

Iteration    Objective       Primal Inf.    Dual Inf.      Time
       0    5.9546043e+11   6.432672e+01   0.000000e+00      0s
    1780    5.9552297e+11   8.186636e+04   0.000000e+00      5s
    4360    5.9552575e+11   2.648985e+04   0.000000e+00     10s
    5510    5.9552737e+11   7.766200e+04   0.000000e+00     15s
    6720    5.9553155e+11   3.014627e+02   0.000000e+00     20s
    7618    5.9553228e+11   0.000000e+00   0.000000e+00     24s

Solved in 7618 iterations and 24.31 seconds (41.70 work units)
Optimal objective  5.955322836e+11

User-callback calls 7647, time in user-callback 0.06 sec
Gurobi Optimizer version 11.0.3 build v11.0.3rc0 (win64 - Windows 11+.0 (26200.2))

CPU model: 12th Gen Intel(R) Core(TM) i7-1260P, instruction set [SSE2|AVX|AVX2]
Thread count: 12 physical cores, 16 logical processors, using up to 16 threads

Optimize a model with 201582 rows, 211558 columns and 1598091 nonzeros
Coefficient statistics:
  Matrix range     [5e-03, 2e+01]
  Objective range  [3e+02, 2e+09]
  Bounds range     [4e-04, 1e+01]
  RHS range        [8e-02, 9e+02]
Warning: Model contains large objective coefficients
         Consider reformulating model or setting NumericFocus parameter
         to avoid numerical issues.
LP warm-start: use basis

Iteration    Objective       Primal Inf.    Dual Inf.      Time
       0    5.9553228e+11   1.481171e+02   0.000000e+00      0s
    1910    5.9555987e+11   1.996809e+03   0.000000e+00      5s
    3130    5.9556184e+11   6.444274e+05   0.000000e+00     10s
    3677    5.9557897e+11   0.000000e+00   0.000000e+00     12s

Solved in 3677 iterations and 12.11 seconds (21.28 work units)
Optimal objective  5.955789709e+11

User-callback calls 3704, time in user-callback 0.00 sec
Gurobi Optimizer version 11.0.3 build v11.0.3rc0 (win64 - Windows 11+.0 (26200.2))

CPU model: 12th Gen Intel(R) Core(TM) i7-1260P, instruction set [SSE2|AVX|AVX2]
Thread count: 12 physical cores, 16 logical processors, using up to 16 threads

Optimize a model with 201614 rows, 211558 columns and 1689212 nonzeros
Coefficient statistics:
  Matrix range     [5e-03, 2e+01]
  Objective range  [3e+02, 2e+09]
  Bounds range     [4e-04, 1e+01]
  RHS range        [8e-02, 9e+02]
Warning: Model contains large objective coefficients
         Consider reformulating model or setting NumericFocus parameter
         to avoid numerical issues.
LP warm-start: use basis

Iteration    Objective       Primal Inf.    Dual Inf.      Time
       0    5.9557897e+11   9.163432e+01   0.000000e+00      0s
    1670    5.9558728e+11   3.218680e+04   0.000000e+00      5s
    2760    5.9558820e+11   1.888826e+01   0.000000e+00     10s
    2822    5.9558820e+11   0.000000e+00   0.000000e+00     11s

Solved in 2822 iterations and 10.68 seconds (18.42 work units)
Optimal objective  5.955882015e+11

User-callback calls 2849, time in user-callback 0.02 sec
Gurobi Optimizer version 11.0.3 build v11.0.3rc0 (win64 - Windows 11+.0 (26200.2))

CPU model: 12th Gen Intel(R) Core(TM) i7-1260P, instruction set [SSE2|AVX|AVX2]
Thread count: 12 physical cores, 16 logical processors, using up to 16 threads

Optimize a model with 201646 rows, 211558 columns and 1750449 nonzeros
Coefficient statistics:
  Matrix range     [5e-03, 2e+01]
  Objective range  [3e+02, 2e+09]
  Bounds range     [4e-04, 1e+01]
  RHS range        [8e-02, 9e+02]
Warning: Model contains large objective coefficients
         Consider reformulating model or setting NumericFocus parameter
         to avoid numerical issues.
LP warm-start: use basis

Iteration    Objective       Primal Inf.    Dual Inf.      Time
       0    5.9558820e+11   7.709328e+01   0.000000e+00      0s
    1517    5.9560959e+11   0.000000e+00   0.000000e+00      5s

Solved in 1517 iterations and 5.39 seconds (10.01 work units)
Optimal objective  5.956095918e+11
Warning: unscaled dual violation = 3.89512e-06 and residual = 3.89559e-06

User-callback calls 1545, time in user-callback 0.01 sec
Gurobi Optimizer version 11.0.3 build v11.0.3rc0 (win64 - Windows 11+.0 (26200.2))

CPU model: 12th Gen Intel(R) Core(TM) i7-1260P, instruction set [SSE2|AVX|AVX2]
Thread count: 12 physical cores, 16 logical processors, using up to 16 threads

Optimize a model with 201678 rows, 211558 columns and 1813007 nonzeros
Coefficient statistics:
  Matrix range     [5e-03, 2e+01]
  Objective range  [3e+02, 2e+09]
  Bounds range     [4e-04, 1e+01]
  RHS range        [8e-02, 9e+02]
Warning: Model contains large objective coefficients
         Consider reformulating model or setting NumericFocus parameter
         to avoid numerical issues.
LP warm-start: use basis

Iteration    Objective       Primal Inf.    Dual Inf.      Time
       0   -6.3099683e+24   7.838957e+32   9.268988e-06      0s
    1420    5.9561689e+11   4.826457e+04   0.000000e+00      5s
    2720    5.9561718e+11   3.075311e+03   0.000000e+00     10s
    4070    5.9562038e+11   6.704171e+01   0.000000e+00     15s
    4272    5.9562041e+11   0.000000e+00   0.000000e+00     16s

Solved in 4272 iterations and 16.01 seconds (29.66 work units)
Optimal objective  5.956204140e+11

User-callback calls 4300, time in user-callback 0.05 sec
Gurobi Optimizer version 11.0.3 build v11.0.3rc0 (win64 - Windows 11+.0 (26200.2))

CPU model: 12th Gen Intel(R) Core(TM) i7-1260P, instruction set [SSE2|AVX|AVX2]
Thread count: 12 physical cores, 16 logical processors, using up to 16 threads

Optimize a model with 201710 rows, 211558 columns and 1874546 nonzeros
Coefficient statistics:
  Matrix range     [5e-03, 2e+01]
  Objective range  [3e+02, 2e+09]
  Bounds range     [4e-04, 1e+01]
  RHS range        [8e-02, 9e+02]
Warning: Model contains large objective coefficients
         Consider reformulating model or setting NumericFocus parameter
         to avoid numerical issues.
LP warm-start: use basis

Iteration    Objective       Primal Inf.    Dual Inf.      Time
       0    5.9562041e+11   5.527734e+01   0.000000e+00      0s
    1041    5.9564344e+11   0.000000e+00   0.000000e+00      4s

Solved in 1041 iterations and 3.51 seconds (6.86 work units)
Optimal objective  5.956434403e+11

User-callback calls 1066, time in user-callback 0.01 sec
Gurobi Optimizer version 11.0.3 build v11.0.3rc0 (win64 - Windows 11+.0 (26200.2))

CPU model: 12th Gen Intel(R) Core(TM) i7-1260P, instruction set [SSE2|AVX|AVX2]
Thread count: 12 physical cores, 16 logical processors, using up to 16 threads

Optimize a model with 201742 rows, 211558 columns and 1979447 nonzeros
Coefficient statistics:
  Matrix range     [5e-03, 2e+01]
  Objective range  [3e+02, 2e+09]
  Bounds range     [4e-04, 1e+01]
  RHS range        [8e-02, 9e+02]
Warning: Model contains large objective coefficients
         Consider reformulating model or setting NumericFocus parameter
         to avoid numerical issues.
LP warm-start: use basis

Iteration    Objective       Primal Inf.    Dual Inf.      Time
       0    5.9564344e+11   4.088679e+01   0.000000e+00      0s
    2250    5.9568623e+11   4.332261e+05   0.000000e+00      5s
    2473    5.9568635e+11   0.000000e+00   0.000000e+00      6s

Solved in 2473 iterations and 6.19 seconds (11.94 work units)
Optimal objective  5.956863461e+11

User-callback calls 2499, time in user-callback 0.01 sec
Gurobi Optimizer version 11.0.3 build v11.0.3rc0 (win64 - Windows 11+.0 (26200.2))

CPU model: 12th Gen Intel(R) Core(TM) i7-1260P, instruction set [SSE2|AVX|AVX2]
Thread count: 12 physical cores, 16 logical processors, using up to 16 threads

Optimize a model with 201774 rows, 211558 columns and 2050452 nonzeros
Coefficient statistics:
  Matrix range     [5e-03, 2e+01]
  Objective range  [3e+02, 2e+09]
  Bounds range     [4e-04, 1e+01]
  RHS range        [8e-02, 9e+02]
Warning: Model contains large objective coefficients
         Consider reformulating model or setting NumericFocus parameter
         to avoid numerical issues.
LP warm-start: use basis

Iteration    Objective       Primal Inf.    Dual Inf.      Time
       0    5.9568635e+11   5.369615e+01   0.000000e+00      0s
    1560    5.9569552e+11   5.579086e+04   0.000000e+00      5s
    2650    5.9569553e+11   3.612248e+04   0.000000e+00     10s
    2902    5.9569554e+11   0.000000e+00   0.000000e+00     12s

Solved in 2902 iterations and 11.51 seconds (21.55 work units)
Optimal objective  5.956955418e+11

User-callback calls 2929, time in user-callback 0.02 sec
Gurobi Optimizer version 11.0.3 build v11.0.3rc0 (win64 - Windows 11+.0 (26200.2))

CPU model: 12th Gen Intel(R) Core(TM) i7-1260P, instruction set [SSE2|AVX|AVX2]
Thread count: 12 physical cores, 16 logical processors, using up to 16 threads

Optimize a model with 201806 rows, 211558 columns and 2116010 nonzeros
Coefficient statistics:
  Matrix range     [5e-03, 2e+01]
  Objective range  [3e+02, 2e+09]
  Bounds range     [4e-04, 1e+01]
  RHS range        [8e-02, 9e+02]
Warning: Model contains large objective coefficients
         Consider reformulating model or setting NumericFocus parameter
         to avoid numerical issues.
LP warm-start: use basis

Iteration    Objective       Primal Inf.    Dual Inf.      Time
       0    5.9569554e+11   4.624688e+01   0.000000e+00      0s
    1390    5.9572323e+11   4.308911e+03   0.000000e+00      5s
    2380    5.9572324e+11   4.479232e+03   0.000000e+00     10s
    3470    5.9572340e+11   2.472107e+04   0.000000e+00     15s
    4590    5.9572359e+11   6.130404e+04   0.000000e+00     20s
    5790    5.9572384e+11   3.992881e+04   0.000000e+00     26s
    6780    5.9572388e+11   2.390128e+01   0.000000e+00     30s
    7397    5.9572388e+11   0.000000e+00   0.000000e+00     33s

Solved in 7397 iterations and 33.37 seconds (57.63 work units)
Optimal objective  5.957238777e+11

User-callback calls 7428, time in user-callback 0.06 sec
Gurobi Optimizer version 11.0.3 build v11.0.3rc0 (win64 - Windows 11+.0 (26200.2))

CPU model: 12th Gen Intel(R) Core(TM) i7-1260P, instruction set [SSE2|AVX|AVX2]
Thread count: 12 physical cores, 16 logical processors, using up to 16 threads

Optimize a model with 201838 rows, 211558 columns and 2194751 nonzeros
Coefficient statistics:
  Matrix range     [5e-03, 2e+01]
  Objective range  [3e+02, 2e+09]
  Bounds range     [4e-04, 1e+01]
  RHS range        [8e-02, 9e+02]
Warning: Model contains large objective coefficients
         Consider reformulating model or setting NumericFocus parameter
         to avoid numerical issues.
LP warm-start: use basis

Iteration    Objective       Primal Inf.    Dual Inf.      Time
       0    5.9572388e+11   3.169078e+01   0.000000e+00      0s
    1340    5.9574819e+11   1.520947e+05   0.000000e+00      5s
    2240    5.9574830e+11   2.275763e+03   0.000000e+00     10s
    3290    5.9574862e+11   2.222404e+04   0.000000e+00     15s
    4390    5.9575000e+11   1.028707e+03   0.000000e+00     20s
    5230    5.9575000e+11   6.812673e+03   0.000000e+00     26s
    6080    5.9575000e+11   8.448043e+02   0.000000e+00     30s
    6920    5.9575000e+11   3.424899e+02   0.000000e+00     35s
    8458    5.9575001e+11   0.000000e+00   0.000000e+00     40s

Solved in 8458 iterations and 40.10 seconds (62.72 work units)
Optimal objective  5.957500105e+11

User-callback calls 8491, time in user-callback 0.03 sec
Gurobi Optimizer version 11.0.3 build v11.0.3rc0 (win64 - Windows 11+.0 (26200.2))

CPU model: 12th Gen Intel(R) Core(TM) i7-1260P, instruction set [SSE2|AVX|AVX2]
Thread count: 12 physical cores, 16 logical processors, using up to 16 threads

Optimize a model with 201870 rows, 211558 columns and 2284249 nonzeros
Coefficient statistics:
  Matrix range     [5e-03, 2e+01]
  Objective range  [3e+02, 2e+09]
  Bounds range     [4e-04, 1e+01]
  RHS range        [8e-02, 9e+02]
Warning: Model contains large objective coefficients
         Consider reformulating model or setting NumericFocus parameter
         to avoid numerical issues.
LP warm-start: use basis

Iteration    Objective       Primal Inf.    Dual Inf.      Time
       0   -3.5253596e+23   1.183250e+31   1.199078e-06      0s
    1701    5.9577780e+11   5.509931e+05   0.000000e+00      5s
    3011    5.9577933e+11   1.488512e+05   0.000000e+00     10s
    4201    5.9578015e+11   1.197929e+05   0.000000e+00     15s
    4485    5.9578027e+11   0.000000e+00   0.000000e+00     16s

Solved in 4485 iterations and 16.38 seconds (30.13 work units)
Optimal objective  5.957802692e+11

User-callback calls 4517, time in user-callback 0.00 sec
Gurobi Optimizer version 11.0.3 build v11.0.3rc0 (win64 - Windows 11+.0 (26200.2))

CPU model: 12th Gen Intel(R) Core(TM) i7-1260P, instruction set [SSE2|AVX|AVX2]
Thread count: 12 physical cores, 16 logical processors, using up to 16 threads

Optimize a model with 201902 rows, 211558 columns and 2366219 nonzeros
Coefficient statistics:
  Matrix range     [5e-03, 2e+01]
  Objective range  [3e+02, 2e+09]
  Bounds range     [4e-04, 1e+01]
  RHS range        [8e-02, 9e+02]
Warning: Model contains large objective coefficients
         Consider reformulating model or setting NumericFocus parameter
         to avoid numerical issues.
LP warm-start: use basis

Iteration    Objective       Primal Inf.    Dual Inf.      Time
       0    5.9578027e+11   3.839829e+01   0.000000e+00      0s
    1390    5.9580372e+11   1.900836e+03   0.000000e+00      5s
    2143    5.9580412e+11   0.000000e+00   0.000000e+00      9s

Solved in 2143 iterations and 8.61 seconds (15.21 work units)
Optimal objective  5.958041193e+11

User-callback calls 2169, time in user-callback 0.00 sec
Gurobi Optimizer version 11.0.3 build v11.0.3rc0 (win64 - Windows 11+.0 (26200.2))

CPU model: 12th Gen Intel(R) Core(TM) i7-1260P, instruction set [SSE2|AVX|AVX2]
Thread count: 12 physical cores, 16 logical processors, using up to 16 threads

Optimize a model with 201934 rows, 211558 columns and 2419735 nonzeros
Coefficient statistics:
  Matrix range     [5e-03, 2e+01]
  Objective range  [3e+02, 2e+09]
  Bounds range     [4e-04, 1e+01]
  RHS range        [8e-02, 9e+02]
Warning: Model contains large objective coefficients
         Consider reformulating model or setting NumericFocus parameter
         to avoid numerical issues.
LP warm-start: use basis

Iteration    Objective       Primal Inf.    Dual Inf.      Time
       0   -3.1153234e+24   9.054848e+31   1.044944e-06      0s
    4789    7.2770893e+11   6.223809e+00   1.269681e+10      5s
    7660    5.9586424e+11   0.000000e+00   9.498880e+10     10s
   11263    5.9582703e+11   0.000000e+00   1.638626e+08     15s
   17652    5.9582412e+11   0.000000e+00   5.755657e+06     20s
   19299    5.9582409e+11   0.000000e+00   0.000000e+00     21s

Solved in 19299 iterations and 21.11 seconds (58.92 work units)
Optimal objective  5.958240937e+11

User-callback calls 19365, time in user-callback 0.03 sec
Gurobi Optimizer version 11.0.3 build v11.0.3rc0 (win64 - Windows 11+.0 (26200.2))

CPU model: 12th Gen Intel(R) Core(TM) i7-1260P, instruction set [SSE2|AVX|AVX2]
Thread count: 12 physical cores, 16 logical processors, using up to 16 threads

Optimize a model with 201966 rows, 211558 columns and 2526968 nonzeros
Coefficient statistics:
  Matrix range     [5e-03, 2e+01]
  Objective range  [3e+02, 2e+09]
  Bounds range     [4e-04, 1e+01]
  RHS range        [8e-02, 9e+02]
Warning: Model contains large objective coefficients
         Consider reformulating model or setting NumericFocus parameter
         to avoid numerical issues.
LP warm-start: use basis

Iteration    Objective       Primal Inf.    Dual Inf.      Time
       0    4.7660822e+25   2.548658e+31   8.215473e-05      0s
    1220    5.9583650e+11   3.556875e+06   0.000000e+00      5s
    2300    5.9583716e+11   2.748416e+06   0.000000e+00     10s
    3270    5.9583746e+11   2.114472e+04   0.000000e+00     15s
    4250    5.9583775e+11   4.949630e+03   0.000000e+00     20s
    5230    5.9583782e+11   3.217192e+04   0.000000e+00     25s
    6200    5.9583787e+11   1.823596e+04   0.000000e+00     30s
    7170    5.9583790e+11   4.768589e+04   0.000000e+00     35s
    8170    5.9583798e+11   6.977588e+02   0.000000e+00     40s
    8273    5.9583798e+11   0.000000e+00   0.000000e+00     41s

Solved in 8273 iterations and 40.90 seconds (71.59 work units)
Optimal objective  5.958379771e+11

User-callback calls 8306, time in user-callback 0.01 sec
Gurobi Optimizer version 11.0.3 build v11.0.3rc0 (win64 - Windows 11+.0 (26200.2))

CPU model: 12th Gen Intel(R) Core(TM) i7-1260P, instruction set [SSE2|AVX|AVX2]
Thread count: 12 physical cores, 16 logical processors, using up to 16 threads

Optimize a model with 201998 rows, 211558 columns and 2609048 nonzeros
Coefficient statistics:
  Matrix range     [5e-03, 2e+01]
  Objective range  [3e+02, 2e+09]
  Bounds range     [4e-04, 1e+01]
  RHS range        [8e-02, 9e+02]
Warning: Model contains large objective coefficients
         Consider reformulating model or setting NumericFocus parameter
         to avoid numerical issues.
LP warm-start: use basis

Iteration    Objective       Primal Inf.    Dual Inf.      Time
       0    5.9583798e+11   3.711314e+01   0.000000e+00      0s
    1000    5.9585077e+11   2.964376e+04   0.000000e+00      5s
    1940    5.9585436e+11   3.419753e+04   0.000000e+00     11s
    2750    5.9585529e+11   7.143080e+04   0.000000e+00     15s
    3640    5.9585539e+11   5.079855e+03   0.000000e+00     20s
    4670    5.9585711e+11   8.944246e+04   0.000000e+00     26s
    5490    5.9586137e+11   2.125930e+04   0.000000e+00     30s
    6360    5.9586139e+11   3.554492e+04   0.000000e+00     35s
    7390    5.9586287e+11   7.372589e+03   0.000000e+00     41s
    8220    5.9586300e+11   9.783980e+02   0.000000e+00     45s
    9090    5.9586300e+11   1.323190e+03   0.000000e+00     51s
   10080    5.9586376e+11   3.784188e+04   0.000000e+00     55s
   10526    5.9586379e+11   0.000000e+00   0.000000e+00     58s

Solved in 10526 iterations and 58.10 seconds (89.21 work units)
Optimal objective  5.958637877e+11
Warning: unscaled dual violation = 1.38422e-06 and residual = 6.63179e-05

User-callback calls 10564, time in user-callback 0.09 sec
Gurobi Optimizer version 11.0.3 build v11.0.3rc0 (win64 - Windows 11+.0 (26200.2))

CPU model: 12th Gen Intel(R) Core(TM) i7-1260P, instruction set [SSE2|AVX|AVX2]
Thread count: 12 physical cores, 16 logical processors, using up to 16 threads

Optimize a model with 202030 rows, 211558 columns and 2686507 nonzeros
Coefficient statistics:
  Matrix range     [5e-03, 2e+01]
  Objective range  [3e+02, 2e+09]
  Bounds range     [4e-04, 1e+01]
  RHS range        [8e-02, 9e+02]
Warning: Model contains large objective coefficients
         Consider reformulating model or setting NumericFocus parameter
         to avoid numerical issues.
LP warm-start: use basis

Iteration    Objective       Primal Inf.    Dual Inf.      Time
       0   -1.4406565e+27   2.028785e+32   1.210287e-03      0s
    1040    5.9586840e+11   3.475121e+02   0.000000e+00      6s
    1940    5.9586857e+11   3.800234e+04   0.000000e+00     11s
    2506    5.9586858e+11   0.000000e+00   0.000000e+00     14s

Solved in 2506 iterations and 13.91 seconds (21.96 work units)
Optimal objective  5.958685777e+11

User-callback calls 2533, time in user-callback 0.04 sec
Gurobi Optimizer version 11.0.3 build v11.0.3rc0 (win64 - Windows 11+.0 (26200.2))

CPU model: 12th Gen Intel(R) Core(TM) i7-1260P, instruction set [SSE2|AVX|AVX2]
Thread count: 12 physical cores, 16 logical processors, using up to 16 threads

Optimize a model with 202062 rows, 211558 columns and 2731952 nonzeros
Coefficient statistics:
  Matrix range     [5e-03, 2e+01]
  Objective range  [3e+02, 2e+09]
  Bounds range     [4e-04, 1e+01]
  RHS range        [8e-02, 9e+02]
Warning: Model contains large objective coefficients
         Consider reformulating model or setting NumericFocus parameter
         to avoid numerical issues.
LP warm-start: use basis

Iteration    Objective       Primal Inf.    Dual Inf.      Time
       0    2.1740143e+24   4.222317e+31   4.033602e-06      0s
    1000    5.9587589e+11   1.317535e+04   0.000000e+00      5s
    1980    5.9587631e+11   6.582192e+04   0.000000e+00     11s
    2870    5.9587639e+11   3.806463e+04   0.000000e+00     16s
    3770    5.9587671e+11   3.109292e+07   0.000000e+00     20s
    4740    5.9587771e+11   2.335293e+07   0.000000e+00     25s
Warning: Markowitz tolerance tightened to 0.03125
    5720    5.9587841e+11   8.382865e+04   0.000000e+00     31s
    6520    5.9587850e+11   4.760360e+03   0.000000e+00     35s
    7460    5.9587854e+11   4.024419e+03   0.000000e+00     40s
    8310    5.9587854e+11   6.979806e+03   0.000000e+00     46s
    8390    5.9587855e+11   0.000000e+00   0.000000e+00     46s

Solved in 8390 iterations and 46.04 seconds (75.18 work units)
Optimal objective  5.958785458e+11

User-callback calls 8425, time in user-callback 0.04 sec
Gurobi Optimizer version 11.0.3 build v11.0.3rc0 (win64 - Windows 11+.0 (26200.2))

CPU model: 12th Gen Intel(R) Core(TM) i7-1260P, instruction set [SSE2|AVX|AVX2]
Thread count: 12 physical cores, 16 logical processors, using up to 16 threads

Optimize a model with 202094 rows, 211558 columns and 2806292 nonzeros
Coefficient statistics:
  Matrix range     [5e-03, 2e+01]
  Objective range  [3e+02, 2e+09]
  Bounds range     [4e-04, 1e+01]
  RHS range        [8e-02, 9e+02]
Warning: Model contains large objective coefficients
         Consider reformulating model or setting NumericFocus parameter
         to avoid numerical issues.
LP warm-start: use basis

Iteration    Objective       Primal Inf.    Dual Inf.      Time
       0   -4.7832665e+25   3.118987e+31   6.027190e-05      0s
     990    5.9588437e+11   8.309068e+03   0.000000e+00      6s
    1970    5.9588523e+11   7.303823e+04   0.000000e+00     10s
    3010    5.9588529e+11   5.239749e+05   0.000000e+00     16s
    3950    5.9588538e+11   2.140592e+05   0.000000e+00     20s
    4940    5.9588555e+11   7.065548e+03   0.000000e+00     25s
    5850    5.9588567e+11   1.709101e+01   0.000000e+00     30s
    6157    5.9588568e+11   0.000000e+00   0.000000e+00     32s

Solved in 6157 iterations and 32.22 seconds (54.80 work units)
Optimal objective  5.958856778e+11

User-callback calls 6189, time in user-callback 0.04 sec
Gurobi Optimizer version 11.0.3 build v11.0.3rc0 (win64 - Windows 11+.0 (26200.2))

CPU model: 12th Gen Intel(R) Core(TM) i7-1260P, instruction set [SSE2|AVX|AVX2]
Thread count: 12 physical cores, 16 logical processors, using up to 16 threads

Optimize a model with 202126 rows, 211558 columns and 2888590 nonzeros
Coefficient statistics:
  Matrix range     [5e-03, 2e+01]
  Objective range  [3e+02, 2e+09]
  Bounds range     [4e-04, 1e+01]
  RHS range        [8e-02, 9e+02]
Warning: Model contains large objective coefficients
         Consider reformulating model or setting NumericFocus parameter
         to avoid numerical issues.
LP warm-start: use basis

Iteration    Objective       Primal Inf.    Dual Inf.      Time
       0    5.9588568e+11   9.033929e+00   0.000000e+00      0s
     990    5.9588721e+11   4.320083e+02   0.000000e+00      5s
    2050    5.9588721e+11   6.702858e+03   0.000000e+00     11s
    2990    5.9588726e+11   4.161365e+04   0.000000e+00     15s
    3940    5.9588980e+11   2.755042e+03   0.000000e+00     20s
    4820    5.9589022e+11   1.612826e+03   0.000000e+00     25s
    5670    5.9589032e+11   7.366123e+02   0.000000e+00     30s
    6650    5.9589033e+11   1.546233e+02   0.000000e+00     36s
    7540    5.9589034e+11   9.562232e+02   0.000000e+00     40s
    8201    5.9589034e+11   0.000000e+00   0.000000e+00     44s

Solved in 8201 iterations and 44.30 seconds (77.56 work units)
Optimal objective  5.958903435e+11

User-callback calls 8235, time in user-callback 0.07 sec
Gurobi Optimizer version 11.0.3 build v11.0.3rc0 (win64 - Windows 11+.0 (26200.2))

CPU model: 12th Gen Intel(R) Core(TM) i7-1260P, instruction set [SSE2|AVX|AVX2]
Thread count: 12 physical cores, 16 logical processors, using up to 16 threads

Optimize a model with 202158 rows, 211558 columns and 2914421 nonzeros
Coefficient statistics:
  Matrix range     [5e-03, 2e+01]
  Objective range  [3e+02, 2e+09]
  Bounds range     [4e-04, 1e+01]
  RHS range        [8e-02, 9e+02]
Warning: Model contains large objective coefficients
         Consider reformulating model or setting NumericFocus parameter
         to avoid numerical issues.
LP warm-start: use basis

Iteration    Objective       Primal Inf.    Dual Inf.      Time
       0    5.9589034e+11   1.417300e+01   0.000000e+00      0s
    1070    5.9589310e+11   3.235446e+02   0.000000e+00      5s
    2140    5.9589311e+11   4.388369e+04   0.000000e+00     10s
    3210    5.9589311e+11   1.034891e+03   0.000000e+00     16s
    4060    5.9589312e+11   6.908501e+03   0.000000e+00     20s
    4948    5.9589312e+11   0.000000e+00   0.000000e+00     25s

Solved in 4948 iterations and 24.97 seconds (46.01 work units)
Optimal objective  5.958931234e+11

User-callback calls 4977, time in user-callback 0.01 sec
Gurobi Optimizer version 11.0.3 build v11.0.3rc0 (win64 - Windows 11+.0 (26200.2))

CPU model: 12th Gen Intel(R) Core(TM) i7-1260P, instruction set [SSE2|AVX|AVX2]
Thread count: 12 physical cores, 16 logical processors, using up to 16 threads

Optimize a model with 202190 rows, 211558 columns and 2996118 nonzeros
Coefficient statistics:
  Matrix range     [5e-03, 2e+01]
  Objective range  [3e+02, 2e+09]
  Bounds range     [4e-04, 1e+01]
  RHS range        [8e-02, 9e+02]
Warning: Model contains large objective coefficients
         Consider reformulating model or setting NumericFocus parameter
         to avoid numerical issues.
LP warm-start: use basis

Iteration    Objective       Primal Inf.    Dual Inf.      Time
       0   -2.4308179e+24   6.428532e+31   2.536106e-06      0s
    1120    5.9589462e+11   1.700264e+02   0.000000e+00      6s
    2080    5.9589504e+11   1.063370e+05   0.000000e+00     10s
    2980    5.9589505e+11   6.959718e+04   0.000000e+00     15s
    3960    5.9589508e+11   3.152072e+04   0.000000e+00     21s
    4840    5.9589509e+11   6.024878e+02   0.000000e+00     25s
    5680    5.9589509e+11   4.895972e+01   0.000000e+00     30s
    6580    5.9589510e+11   4.552439e-02   0.000000e+00     35s
    6592    5.9589510e+11   0.000000e+00   0.000000e+00     35s

Solved in 6592 iterations and 35.30 seconds (63.48 work units)
Optimal objective  5.958951039e+11
Warning: unscaled dual violation = 2.40399e-05 and residual = 2.40399e-05

User-callback calls 6625, time in user-callback 0.03 sec
Gurobi Optimizer version 11.0.3 build v11.0.3rc0 (win64 - Windows 11+.0 (26200.2))

CPU model: 12th Gen Intel(R) Core(TM) i7-1260P, instruction set [SSE2|AVX|AVX2]
Thread count: 12 physical cores, 16 logical processors, using up to 16 threads

Optimize a model with 202210 rows, 211558 columns and 3029183 nonzeros
Coefficient statistics:
  Matrix range     [5e-03, 2e+01]
  Objective range  [3e+02, 2e+09]
  Bounds range     [4e-04, 1e+01]
  RHS range        [8e-02, 9e+02]
Warning: Model contains large objective coefficients
         Consider reformulating model or setting NumericFocus parameter
         to avoid numerical issues.
LP warm-start: use basis

Iteration    Objective       Primal Inf.    Dual Inf.      Time
       0    5.9589510e+11   6.983027e+00   0.000000e+00      0s
     950    5.9589521e+11   1.651232e+03   0.000000e+00      5s
    1810    5.9589521e+11   1.296924e+03   0.000000e+00     10s
    2690    5.9589521e+11   8.944872e+01   0.000000e+00     15s
    3530    5.9589521e+11   1.211681e+01   0.000000e+00     20s
    4099    5.9589521e+11   0.000000e+00   0.000000e+00     24s

Solved in 4099 iterations and 23.67 seconds (40.67 work units)
Optimal objective  5.958952118e+11
Warning: unscaled dual violation = 1.35636e-06 and residual = 7.41533e-06

User-callback calls 4130, time in user-callback 0.05 sec
Gurobi Optimizer version 11.0.3 build v11.0.3rc0 (win64 - Windows 11+.0 (26200.2))

CPU model: 12th Gen Intel(R) Core(TM) i7-1260P, instruction set [SSE2|AVX|AVX2]
Thread count: 12 physical cores, 16 logical processors, using up to 16 threads

Optimize a model with 202214 rows, 211558 columns and 3041482 nonzeros
Coefficient statistics:
  Matrix range     [5e-03, 2e+01]
  Objective range  [3e+02, 2e+09]
  Bounds range     [4e-04, 1e+01]
  RHS range        [8e-02, 9e+02]
Warning: Model contains large objective coefficients
         Consider reformulating model or setting NumericFocus parameter
         to avoid numerical issues.
LP warm-start: use basis

Iteration    Objective       Primal Inf.    Dual Inf.      Time
       0   -1.5573748e+25   1.119338e+32   3.679778e-05      0s
     563    5.9589539e+11   0.000000e+00   0.000000e+00      3s

Solved in 563 iterations and 2.89 seconds (5.03 work units)
Optimal objective  5.958953859e+11

User-callback calls 588, time in user-callback 0.00 sec
Gurobi Optimizer version 11.0.3 build v11.0.3rc0 (win64 - Windows 11+.0 (26200.2))

CPU model: 12th Gen Intel(R) Core(TM) i7-1260P, instruction set [SSE2|AVX|AVX2]
Thread count: 12 physical cores, 16 logical processors, using up to 16 threads

Optimize a model with 202216 rows, 211558 columns and 3041561 nonzeros
Coefficient statistics:
  Matrix range     [5e-03, 2e+01]
  Objective range  [3e+02, 2e+09]
  Bounds range     [4e-04, 1e+01]
  RHS range        [8e-02, 9e+02]
Warning: Model contains large objective coefficients
         Consider reformulating model or setting NumericFocus parameter
         to avoid numerical issues.
LP warm-start: use basis

Iteration    Objective       Primal Inf.    Dual Inf.      Time
       0    5.9589539e+11   1.391349e+00   0.000000e+00      0s
      11    5.9589539e+11   0.000000e+00   0.000000e+00      0s

Solved in 11 iterations and 0.30 seconds (0.48 work units)
Optimal objective  5.958953943e+11
Warning: unscaled dual violation = 7.21077e-06 and residual = 8.72881e-05

User-callback calls 40, time in user-callback 0.00 sec
